86.243.161.215 - - [20/Apr/2020:13:54:03 +0000] "GET / HTTP/1.1" 200 618 "-" "Mozilla/5.0 (X11; Linux x86_64; rv:75.0) Gecko/20100101 Firefox/75.0"
86.243.161.215 - - [20/Apr/2020:13:54:03 +0000] "GET /favicon.ico HTTP/1.1" 404 494 "-" "Mozilla/5.0 (X11; Linux x86_64; rv:75.0) Gecko/20100101 Firefox/75.0"
86.243.161.215 - - [20/Apr/2020:13:54:09 +0000] "POST /index.php HTTP/1.1" 200 627 "http://54.38.232.200:30085/" "Mozilla/5.0 (X11; Linux x86_64; rv:75.0) Gecko/20100101 Firefox/75.0"
86.243.161.215 - - [20/Apr/2020:13:54:21 +0000] "POST /index.php HTTP/1.1" 200 627 "http://54.38.232.200:30085/" "Mozilla/5.0 (X11; Linux x86_64; rv:75.0) Gecko/20100101 Firefox/75.0"
86.243.161.215 - - [20/Apr/2020:13:55:06 +0000] "POST /index.php HTTP/1.1" 200 485 "http://54.38.232.200:30085/index.php" "Mozilla/5.0 (X11; Linux x86_64; rv:75.0) Gecko/20100101 Firefox/75.0"
86.243.161.215 - - [20/Apr/2020:13:56:02 +0000] "POST /index.php HTTP/1.1" 200 627 "http://54.38.232.200:30085/index.php" "Mozilla/5.0 (X11; Linux x86_64; rv:75.0) Gecko/20100101 Firefox/75.0"
86.243.161.215 - - [20/Apr/2020:13:56:06 +0000] "POST /index.php HTTP/1.1" 200 626 "http://54.38.232.200:30085/index.php" "Mozilla/5.0 (X11; Linux x86_64; rv:75.0) Gecko/20100101 Firefox/75.0"
86.243.161.215 - - [20/Apr/2020:13:56:09 +0000] "POST /index.php HTTP/1.1" 200 626 "http://54.38.232.200:30085/index.php" "Mozilla/5.0 (X11; Linux x86_64; rv:75.0) Gecko/20100101 Firefox/75.0"
86.243.161.215 - - [20/Apr/2020:13:56:11 +0000] "POST /index.php HTTP/1.1" 200 626 "http://54.38.232.200:30085/index.php" "Mozilla/5.0 (X11; Linux x86_64; rv:75.0) Gecko/20100101 Firefox/75.0"
86.243.161.215 - - [20/Apr/2020:13:56:27 +0000] "POST /index.php HTTP/1.1" 200 485 "http://54.38.232.200:30085/index.php" "Mozilla/5.0 (X11; Linux x86_64; rv:75.0) Gecko/20100101 Firefox/75.0"
86.243.161.215 - - [20/Apr/2020:13:56:43 +0000] "POST /index.php HTTP/1.1" 200 627 "http://54.38.232.200:30085/index.php" "Mozilla/5.0 (X11; Linux x86_64; rv:75.0) Gecko/20100101 Firefox/75.0"
86.243.161.215 - - [20/Apr/2020:13:56:50 +0000] "POST /index.php HTTP/1.1" 200 627 "http://54.38.232.200:30085/index.php" "Mozilla/5.0 (X11; Linux x86_64; rv:75.0) Gecko/20100101 Firefox/75.0"
86.243.161.215 - - [20/Apr/2020:13:57:05 +0000] "POST /index.php HTTP/1.1" 200 485 "http://54.38.232.200:30085/index.php" "Mozilla/5.0 (X11; Linux x86_64; rv:75.0) Gecko/20100101 Firefox/75.0"
86.243.161.215 - - [20/Apr/2020:13:57:52 +0000] "POST /index.php HTTP/1.1" 200 627 "http://54.38.232.200:30085/index.php" "Mozilla/5.0 (X11; Linux x86_64; rv:75.0) Gecko/20100101 Firefox/75.0"
86.243.161.215 - - [20/Apr/2020:13:58:00 +0000] "GET /index.php HTTP/1.1" 200 597 "-" "curl/7.69.1"
86.243.161.215 - - [20/Apr/2020:13:58:46 +0000] "GET /index.php HTTP/1.1" 200 676 "-" "admin"
86.243.161.215 - - [20/Apr/2020:13:59:03 +0000] "GET /index.php?Get-flag=1 HTTP/1.1" 200 618 "-" "admin"
86.243.161.215 - - [20/Apr/2020:13:59:10 +0000] "GET /index.php?Get-flag=1 HTTP/1.1" 200 618 "-" "admin"
86.243.161.215 - - [20/Apr/2020:13:59:22 +0000] "POST /index.php?Get-flag=1 HTTP/1.1" 200 618 "-" "admin"
86.243.161.215 - - [20/Apr/2020:13:59:23 +0000] "POST /index.php?Get-flag=1 HTTP/1.1" 200 617 "-" "admin"
86.243.161.215 - - [20/Apr/2020:13:59:35 +0000] "POST /index.php HTTP/1.1" 200 627 "http://54.38.232.200:30085/index.php" "Mozilla/5.0 (X11; Linux x86_64; rv:75.0) Gecko/20100101 Firefox/75.0"
86.243.161.215 - - [20/Apr/2020:13:59:59 +0000] "GET /index.php?Get-flag=1 HTTP/1.1" 200 618 "-" "admin"
86.243.161.215 - - [20/Apr/2020:14:00:35 +0000] "GET /index.php?Get-flag=1 HTTP/1.1" 200 618 "-" "admin"
86.243.161.215 - - [20/Apr/2020:14:00:43 +0000] "POST /index.php?Get-flag=1 HTTP/1.1" 200 618 "-" "admin"
86.243.161.215 - - [20/Apr/2020:14:05:35 +0000] "POST /index.php HTTP/1.1" 200 618 "-" "admin"
86.243.161.215 - - [20/Apr/2020:14:05:40 +0000] "GET /index.php HTTP/1.1" 200 618 "-" "admin"
86.243.161.215 - - [20/Apr/2020:14:17:31 +0000] "GET /index.php HTTP/1.1" 200 676 "-" "python-requests/2.23.0"
86.243.161.215 - - [20/Apr/2020:14:17:59 +0000] "GET /index.php HTTP/1.1" 200 676 "-" "python-requests/2.23.0"
86.243.161.215 - - [20/Apr/2020:14:18:32 +0000] "GET /index.php HTTP/1.1" 200 676 "-" "python-requests/2.23.0"
86.243.161.215 - - [20/Apr/2020:14:20:05 +0000] "GET /index.php HTTP/1.1" 200 676 "-" "python-requests/2.23.0"
86.243.161.215 - - [20/Apr/2020:14:20:28 +0000] "GET /index.php HTTP/1.1" 200 676 "-" "python-requests/2.23.0"
86.243.161.215 - - [20/Apr/2020:14:21:06 +0000] "GET /index.php HTTP/1.1" 200 676 "-" "python-requests/2.23.0"
86.243.161.215 - - [20/Apr/2020:14:21:45 +0000] "GET /index.php HTTP/1.1" 200 676 "-" "python-requests/2.23.0"
86.243.161.215 - - [20/Apr/2020:14:22:15 +0000] "GET /index.php HTTP/1.1" 200 676 "-" "python-requests/2.23.0"
86.243.161.215 - - [20/Apr/2020:14:22:40 +0000] "GET /index.php HTTP/1.1" 200 676 "-" "python-requests/2.23.0"
86.243.161.215 - - [20/Apr/2020:14:22:58 +0000] "GET /index.php HTTP/1.1" 200 676 "-" "python-requests/2.23.0"
86.243.161.215 - - [20/Apr/2020:14:24:13 +0000] "GET /index.php HTTP/1.1" 200 676 "-" "python-requests/2.23.0"
86.243.161.215 - - [20/Apr/2020:14:24:25 +0000] "GET /index.php HTTP/1.1" 200 676 "-" "python-requests/2.23.0"
86.243.161.215 - - [20/Apr/2020:14:25:21 +0000] "GET /index.php HTTP/1.1" 200 676 "-" "python-requests/2.23.0"
86.243.161.215 - - [20/Apr/2020:14:27:22 +0000] "GET /index.php HTTP/1.1" 200 676 "-" "python-requests/2.23.0"
86.243.161.215 - - [20/Apr/2020:14:27:31 +0000] "GET /index.php HTTP/1.1" 200 676 "-" "python-requests/2.23.0"
86.243.161.215 - - [20/Apr/2020:14:27:38 +0000] "GET /index.php HTTP/1.1" 200 676 "-" "python-requests/2.23.0"
86.243.161.215 - - [20/Apr/2020:14:27:51 +0000] "POST /index.php HTTP/1.1" 200 627 "http://54.38.232.200:30085/index.php" "Mozilla/5.0 (X11; Linux x86_64; rv:75.0) Gecko/20100101 Firefox/75.0"
86.243.161.215 - - [20/Apr/2020:14:28:11 +0000] "POST /index.php HTTP/1.1" 200 627 "http://54.38.232.200:30085/index.php" "Mozilla/5.0 (X11; Linux x86_64; rv:75.0) Gecko/20100101 Firefox/75.0"
86.243.161.215 - - [20/Apr/2020:14:28:33 +0000] "POST /index.php HTTP/1.1" 200 487 "http://54.38.232.200:30085/index.php" "Mozilla/5.0 (X11; Linux x86_64; rv:75.0) Gecko/20100101 Firefox/75.0"
86.243.161.215 - - [20/Apr/2020:14:30:03 +0000] "GET /index.php HTTP/1.1" 200 676 "-" "python-requests/2.23.0"
86.243.161.215 - - [20/Apr/2020:14:30:03 +0000] "POST /index.php HTTP/1.1" 200 676 "-" "python-requests/2.23.0"
86.243.161.215 - - [20/Apr/2020:14:30:59 +0000] "GET /index.php HTTP/1.1" 200 676 "-" "python-requests/2.23.0"
86.243.161.215 - - [20/Apr/2020:14:30:59 +0000] "POST /index.php HTTP/1.1" 200 676 "-" "python-requests/2.23.0"
86.243.161.215 - - [20/Apr/2020:14:31:28 +0000] "GET /index.php HTTP/1.1" 200 676 "-" "python-requests/2.23.0"
86.243.161.215 - - [20/Apr/2020:14:31:28 +0000] "POST /index.php HTTP/1.1" 200 676 "-" "python-requests/2.23.0"
86.243.161.215 - - [20/Apr/2020:14:31:45 +0000] "GET /index.php HTTP/1.1" 200 676 "-" "python-requests/2.23.0"
86.243.161.215 - - [20/Apr/2020:14:31:45 +0000] "POST /index.php HTTP/1.1" 200 676 "-" "python-requests/2.23.0"
86.243.161.215 - - [20/Apr/2020:14:31:57 +0000] "GET /index.php HTTP/1.1" 200 676 "-" "python-requests/2.23.0"
86.243.161.215 - - [20/Apr/2020:14:31:57 +0000] "POST /index.php HTTP/1.1" 200 676 "-" "python-requests/2.23.0"
86.243.161.215 - - [20/Apr/2020:14:32:12 +0000] "GET /index.php HTTP/1.1" 200 676 "-" "python-requests/2.23.0"
86.243.161.215 - - [20/Apr/2020:14:32:12 +0000] "POST /index.php HTTP/1.1" 200 676 "-" "python-requests/2.23.0"
86.243.161.215 - - [20/Apr/2020:14:32:14 +0000] "GET /index.php HTTP/1.1" 200 676 "-" "python-requests/2.23.0"
86.243.161.215 - - [20/Apr/2020:14:32:14 +0000] "POST /index.php HTTP/1.1" 200 676 "-" "python-requests/2.23.0"
86.243.161.215 - - [20/Apr/2020:14:32:43 +0000] "POST /index.php HTTP/1.1" 200 627 "http://54.38.232.200:30085/index.php" "Mozilla/5.0 (X11; Linux x86_64; rv:75.0) Gecko/20100101 Firefox/75.0"
86.243.161.215 - - [20/Apr/2020:14:33:13 +0000] "GET /index.php HTTP/1.1" 200 676 "-" "python-requests/2.23.0"
86.243.161.215 - - [20/Apr/2020:14:33:13 +0000] "POST /index.php HTTP/1.1" 200 676 "-" "python-requests/2.23.0"
86.243.161.215 - - [20/Apr/2020:14:33:29 +0000] "GET /index.php HTTP/1.1" 200 676 "-" "python-requests/2.23.0"
86.243.161.215 - - [20/Apr/2020:14:33:29 +0000] "POST /index.php HTTP/1.1" 200 676 "-" "python-requests/2.23.0"
86.243.161.215 - - [20/Apr/2020:14:33:36 +0000] "GET /index.php HTTP/1.1" 200 676 "-" "python-requests/2.23.0"
86.243.161.215 - - [20/Apr/2020:14:33:36 +0000] "POST /index.php HTTP/1.1" 200 676 "-" "python-requests/2.23.0"
86.243.161.215 - - [20/Apr/2020:14:35:37 +0000] "GET /index.php HTTP/1.1" 200 676 "-" "python-requests/2.23.0"
86.243.161.215 - - [20/Apr/2020:14:35:37 +0000] "POST /index.php HTTP/1.1" 200 676 "-" "python-requests/2.23.0"
86.243.161.215 - - [20/Apr/2020:14:35:54 +0000] "GET /index.php HTTP/1.1" 200 676 "-" "python-requests/2.23.0"
86.243.161.215 - - [20/Apr/2020:14:35:54 +0000] "POST /index.php HTTP/1.1" 200 676 "-" "python-requests/2.23.0"
86.243.161.215 - - [20/Apr/2020:14:36:07 +0000] "GET /index.php HTTP/1.1" 200 676 "-" "python-requests/2.23.0"
86.243.161.215 - - [20/Apr/2020:14:36:07 +0000] "POST /index.php HTTP/1.1" 200 676 "-" "python-requests/2.23.0"
86.243.161.215 - - [20/Apr/2020:14:36:21 +0000] "GET /index.php HTTP/1.1" 200 676 "-" "python-requests/2.23.0"
86.243.161.215 - - [20/Apr/2020:14:36:22 +0000] "POST /index.php HTTP/1.1" 200 676 "-" "python-requests/2.23.0"
86.243.161.215 - - [20/Apr/2020:14:36:31 +0000] "GET /index.php HTTP/1.1" 200 676 "-" "python-requests/2.23.0"
86.243.161.215 - - [20/Apr/2020:14:36:31 +0000] "POST /index.php HTTP/1.1" 200 676 "-" "python-requests/2.23.0"
86.243.161.215 - - [20/Apr/2020:14:38:22 +0000] "GET /index.php HTTP/1.1" 200 676 "-" "python-requests/2.23.0"
86.243.161.215 - - [20/Apr/2020:14:38:22 +0000] "POST /index.php HTTP/1.1" 200 676 "-" "python-requests/2.23.0"
86.243.161.215 - - [20/Apr/2020:14:39:13 +0000] "POST /index.php HTTP/1.1" 200 676 "-" "python-requests/2.23.0"
86.243.161.215 - - [20/Apr/2020:14:39:13 +0000] "POST /index.php HTTP/1.1" 200 676 "-" "python-requests/2.23.0"
86.243.161.215 - - [20/Apr/2020:14:39:27 +0000] "GET /index.php HTTP/1.1" 200 676 "-" "python-requests/2.23.0"
86.243.161.215 - - [20/Apr/2020:14:39:27 +0000] "POST /index.php HTTP/1.1" 200 676 "-" "python-requests/2.23.0"
86.243.161.215 - - [20/Apr/2020:14:40:02 +0000] "POST /index.php HTTP/1.1" 200 627 "http://54.38.232.200:30085/index.php" "Mozilla/5.0 (X11; Linux x86_64; rv:75.0) Gecko/20100101 Firefox/75.0"
86.243.161.215 - - [20/Apr/2020:14:42:10 +0000] "GET /index.php HTTP/1.1" 200 676 "-" "python-requests/2.23.0"
86.243.161.215 - - [20/Apr/2020:14:42:10 +0000] "POST /index.php HTTP/1.1" 200 676 "-" "python-requests/2.23.0"
86.243.161.215 - - [20/Apr/2020:14:43:02 +0000] "GET /index.php HTTP/1.1" 200 676 "-" "python-requests/2.23.0"
86.243.161.215 - - [20/Apr/2020:14:43:14 +0000] "GET /index.php HTTP/1.1" 200 676 "-" "python-requests/2.23.0"
86.243.161.215 - - [20/Apr/2020:14:44:49 +0000] "GET /index.php HTTP/1.1" 200 676 "-" "python-requests/2.23.0"
86.243.161.215 - - [20/Apr/2020:14:44:49 +0000] "GET /index.php HTTP/1.1" 200 676 "-" "python-requests/2.23.0"
86.243.161.215 - - [20/Apr/2020:14:45:16 +0000] "GET /index.php HTTP/1.1" 200 676 "-" "python-requests/2.23.0"
86.243.161.215 - - [20/Apr/2020:14:45:16 +0000] "GET /index.php HTTP/1.1" 200 676 "-" "python-requests/2.23.0"
86.243.161.215 - - [20/Apr/2020:14:54:15 +0000] "GET /index.php HTTP/1.1" 200 676 "-" "python-requests/2.23.0"
86.243.161.215 - - [20/Apr/2020:14:54:15 +0000] "GET /index.php HTTP/1.1" 200 676 "-" "python-requests/2.23.0"
86.243.161.215 - - [20/Apr/2020:15:00:39 +0000] "GET /index.php HTTP/1.1" 200 676 "-" "python-requests/2.23.0"
86.243.161.215 - - [20/Apr/2020:15:00:39 +0000] "GET /index.php HTTP/1.1" 200 676 "-" "python-requests/2.23.0"
86.243.161.215 - - [20/Apr/2020:15:00:47 +0000] "GET /index.php HTTP/1.1" 200 676 "-" "python-requests/2.23.0"
86.243.161.215 - - [20/Apr/2020:15:00:47 +0000] "GET /index.php HTTP/1.1" 200 676 "-" "python-requests/2.23.0"
86.243.161.215 - - [20/Apr/2020:15:07:02 +0000] "GET /index.php HTTP/1.1" 200 676 "-" "python-requests/2.23.0"
86.243.161.215 - - [20/Apr/2020:15:07:02 +0000] "GET /index.php HTTP/1.1" 200 676 "-" "python-requests/2.23.0"
86.243.161.215 - - [20/Apr/2020:15:07:22 +0000] "POST /index.php HTTP/1.1" 200 676 "-" "python-requests/2.23.0"
86.243.161.215 - - [20/Apr/2020:15:07:23 +0000] "GET /index.php HTTP/1.1" 200 676 "-" "python-requests/2.23.0"
86.243.161.215 - - [20/Apr/2020:15:07:40 +0000] "POST /index.php HTTP/1.1" 200 676 "-" "python-requests/2.23.0"
86.243.161.215 - - [20/Apr/2020:15:07:40 +0000] "GET /index.php HTTP/1.1" 200 676 "-" "python-requests/2.23.0"
86.243.161.215 - - [20/Apr/2020:15:07:55 +0000] "POST /index.php HTTP/1.1" 200 676 "-" "python-requests/2.23.0"
86.243.161.215 - - [20/Apr/2020:15:07:55 +0000] "POST /index.php HTTP/1.1" 200 685 "-" "python-requests/2.23.0"
86.243.161.215 - - [20/Apr/2020:15:08:23 +0000] "POST /index.php HTTP/1.1" 200 676 "-" "python-requests/2.23.0"
86.243.161.215 - - [20/Apr/2020:15:08:23 +0000] "POST /index.php HTTP/1.1" 200 685 "-" "python-requests/2.23.0"
86.243.161.215 - - [20/Apr/2020:15:08:31 +0000] "POST /index.php HTTP/1.1" 200 676 "-" "python-requests/2.23.0"
86.243.161.215 - - [20/Apr/2020:15:08:31 +0000] "POST /index.php HTTP/1.1" 200 497 "-" "python-requests/2.23.0"
86.243.161.215 - - [21/Apr/2020:15:39:44 +0000] "GET / HTTP/1.1" 200 676 "-" "Mozilla/5.0 (X11; Linux x86_64) AppleWebKit/537.36 (KHTML, like Gecko) Chrome/81.0.4044.113 Safari/537.36"
86.243.161.215 - - [21/Apr/2020:15:39:44 +0000] "GET /favicon.ico HTTP/1.1" 404 494 "http://54.38.232.200:30085/" "Mozilla/5.0 (X11; Linux x86_64) AppleWebKit/537.36 (KHTML, like Gecko) Chrome/81.0.4044.113 Safari/537.36"
86.243.161.215 - - [21/Apr/2020:15:41:26 +0000] "GET / HTTP/1.1" 200 618 "-" "Mozilla/5.0 (X11; Linux x86_64) AppleWebKit/537.36 (KHTML, like Gecko) Chrome/81.0.4044.113 Safari/537.36"
86.243.161.215 - - [21/Apr/2020:15:43:21 +0000] "POST /index.php HTTP/1.1" 200 676 "-" "python-requests/2.23.0"
86.243.161.215 - - [21/Apr/2020:15:43:21 +0000] "POST /index.php HTTP/1.1" 200 497 "-" "python-requests/2.23.0"
81.51.180.153 - - [22/Apr/2020:11:56:50 +0000] "GET /index.php HTTP/1.1" 200 676 "-" "Mozilla/5.0 (Macintosh; Intel Mac OS X 10_15_4) AppleWebKit/537.36 (KHTML, like Gecko) Chrome/81.0.4044.113 Safari/537.36"
81.51.180.153 - - [22/Apr/2020:11:56:50 +0000] "GET /favicon.ico HTTP/1.1" 404 494 "http://54.38.232.200:30085/index.php" "Mozilla/5.0 (Macintosh; Intel Mac OS X 10_15_4) AppleWebKit/537.36 (KHTML, like Gecko) Chrome/81.0.4044.113 Safari/537.36"
81.51.180.153 - - [22/Apr/2020:11:56:54 +0000] "GET / HTTP/1.1" 200 617 "-" "Mozilla/5.0 (Macintosh; Intel Mac OS X 10_15_4) AppleWebKit/537.36 (KHTML, like Gecko) Chrome/81.0.4044.113 Safari/537.36"
81.51.180.153 - - [22/Apr/2020:11:56:57 +0000] "GET /index.php HTTP/1.1" 200 617 "-" "Mozilla/5.0 (Macintosh; Intel Mac OS X 10_15_4) AppleWebKit/537.36 (KHTML, like Gecko) Chrome/81.0.4044.113 Safari/537.36"
82.228.247.245 - - [22/Apr/2020:12:14:38 +0000] "GET / HTTP/1.1" 200 676 "-" "Mozilla/5.0 (Windows NT 10.0; Win64; x64) AppleWebKit/537.36 (KHTML, like Gecko) Chrome/80.0.3987.163 Safari/537.36"
82.228.247.245 - - [22/Apr/2020:12:14:39 +0000] "GET /favicon.ico HTTP/1.1" 404 494 "http://54.38.232.200:30085/" "Mozilla/5.0 (Windows NT 10.0; Win64; x64) AppleWebKit/537.36 (KHTML, like Gecko) Chrome/80.0.3987.163 Safari/537.36"
90.100.35.133 - - [22/Apr/2020:12:16:17 +0000] "GET / HTTP/1.1" 200 676 "-" "Mozilla/5.0 (Windows NT 10.0; Win64; x64) AppleWebKit/537.36 (KHTML, like Gecko) Chrome/81.0.4044.113 Safari/537.36"
90.100.35.133 - - [22/Apr/2020:12:16:19 +0000] "GET /favicon.ico HTTP/1.1" 404 494 "http://54.38.232.200:30085/" "Mozilla/5.0 (Windows NT 10.0; Win64; x64) AppleWebKit/537.36 (KHTML, like Gecko) Chrome/81.0.4044.113 Safari/537.36"
90.100.35.133 - - [22/Apr/2020:12:16:28 +0000] "POST /index.php HTTP/1.1" 200 627 "http://54.38.232.200:30085/" "Mozilla/5.0 (Windows NT 10.0; Win64; x64) AppleWebKit/537.36 (KHTML, like Gecko) Chrome/81.0.4044.113 Safari/537.36"
82.228.247.245 - - [22/Apr/2020:12:16:53 +0000] "POST /index.php HTTP/1.1" 200 627 "http://54.38.232.200:30085/" "Mozilla/5.0 (Windows NT 10.0; Win64; x64) AppleWebKit/537.36 (KHTML, like Gecko) Chrome/80.0.3987.163 Safari/537.36"
82.228.247.245 - - [22/Apr/2020:12:17:11 +0000] "POST /index.php HTTP/1.1" 200 627 "http://54.38.232.200:30085/index.php" "Mozilla/5.0 (Windows NT 10.0; Win64; x64) AppleWebKit/537.36 (KHTML, like Gecko) Chrome/80.0.3987.163 Safari/537.36"
88.124.221.38 - - [22/Apr/2020:12:18:47 +0000] "GET / HTTP/1.1" 200 676 "-" "Mozilla/5.0 (Windows NT 10.0; Win64; x64) AppleWebKit/537.36 (KHTML, like Gecko) Chrome/81.0.4044.113 Safari/537.36"
88.124.221.38 - - [22/Apr/2020:12:18:47 +0000] "GET /favicon.ico HTTP/1.1" 404 494 "http://54.38.232.200:30085/" "Mozilla/5.0 (Windows NT 10.0; Win64; x64) AppleWebKit/537.36 (KHTML, like Gecko) Chrome/81.0.4044.113 Safari/537.36"
88.124.221.38 - - [22/Apr/2020:12:18:53 +0000] "POST /index.php HTTP/1.1" 200 627 "http://54.38.232.200:30085/" "Mozilla/5.0 (Windows NT 10.0; Win64; x64) AppleWebKit/537.36 (KHTML, like Gecko) Chrome/81.0.4044.113 Safari/537.36"
82.241.63.145 - - [22/Apr/2020:12:19:03 +0000] "GET / HTTP/1.1" 200 676 "-" "Mozilla/5.0 (Macintosh; Intel Mac OS X 10_13_6) AppleWebKit/605.1.15 (KHTML, like Gecko) Version/13.1 Safari/605.1.15"
82.237.197.243 - - [22/Apr/2020:12:19:03 +0000] "GET / HTTP/1.1" 200 676 "-" "Mozilla/5.0 (Windows NT 10.0; Win64; x64) AppleWebKit/537.36 (KHTML, like Gecko) Chrome/70.0.3538.102 Safari/537.36 Edge/18.18362"
82.241.63.145 - - [22/Apr/2020:12:19:03 +0000] "GET /favicon.ico HTTP/1.1" 404 495 "http://54.38.232.200:30085/" "Mozilla/5.0 (Macintosh; Intel Mac OS X 10_13_6) AppleWebKit/605.1.15 (KHTML, like Gecko) Version/13.1 Safari/605.1.15"
88.124.221.38 - - [22/Apr/2020:12:19:17 +0000] "POST /index.php HTTP/1.1" 200 627 "http://54.38.232.200:30085/index.php" "Mozilla/5.0 (Windows NT 10.0; Win64; x64) AppleWebKit/537.36 (KHTML, like Gecko) Chrome/81.0.4044.113 Safari/537.36"
82.237.197.243 - - [22/Apr/2020:12:19:18 +0000] "POST /index.php HTTP/1.1" 200 627 "http://54.38.232.200:30085/" "Mozilla/5.0 (Windows NT 10.0; Win64; x64) AppleWebKit/537.36 (KHTML, like Gecko) Chrome/70.0.3538.102 Safari/537.36 Edge/18.18362"
82.237.197.243 - - [22/Apr/2020:12:19:29 +0000] "POST /index.php HTTP/1.1" 200 627 "http://54.38.232.200:30085/index.php" "Mozilla/5.0 (Windows NT 10.0; Win64; x64) AppleWebKit/537.36 (KHTML, like Gecko) Chrome/70.0.3538.102 Safari/537.36 Edge/18.18362"
82.237.197.243 - - [22/Apr/2020:12:19:30 +0000] "GET /favicon.ico HTTP/1.1" 404 495 "-" "Mozilla/5.0 (Windows NT 10.0; Win64; x64) AppleWebKit/537.36 (KHTML, like Gecko) Chrome/70.0.3538.102 Safari/537.36 Edge/18.18362"
88.124.221.38 - - [22/Apr/2020:12:19:32 +0000] "POST /index.php HTTP/1.1" 200 627 "http://54.38.232.200:30085/index.php" "Mozilla/5.0 (Windows NT 10.0; Win64; x64) AppleWebKit/537.36 (KHTML, like Gecko) Chrome/81.0.4044.113 Safari/537.36"
88.124.221.38 - - [22/Apr/2020:12:19:36 +0000] "POST /index.php HTTP/1.1" 200 626 "http://54.38.232.200:30085/index.php" "Mozilla/5.0 (Windows NT 10.0; Win64; x64) AppleWebKit/537.36 (KHTML, like Gecko) Chrome/81.0.4044.113 Safari/537.36"
88.124.221.38 - - [22/Apr/2020:12:20:08 +0000] "POST /index.php HTTP/1.1" 200 627 "http://54.38.232.200:30085/index.php" "Mozilla/5.0 (Windows NT 10.0; Win64; x64) AppleWebKit/537.36 (KHTML, like Gecko) Chrome/81.0.4044.113 Safari/537.36"
88.124.221.38 - - [22/Apr/2020:12:21:03 +0000] "POST /index.php HTTP/1.1" 200 627 "http://54.38.232.200:30085/index.php" "Mozilla/5.0 (Windows NT 10.0; Win64; x64) AppleWebKit/537.36 (KHTML, like Gecko) Chrome/81.0.4044.113 Safari/537.36"
88.124.221.38 - - [22/Apr/2020:12:21:06 +0000] "POST /index.php HTTP/1.1" 200 626 "http://54.38.232.200:30085/index.php" "Mozilla/5.0 (Windows NT 10.0; Win64; x64) AppleWebKit/537.36 (KHTML, like Gecko) Chrome/81.0.4044.113 Safari/537.36"
86.229.25.196 - - [22/Apr/2020:12:21:38 +0000] "GET / HTTP/1.1" 200 676 "-" "Mozilla/5.0 (Windows NT 6.1; Win64; x64) AppleWebKit/537.36 (KHTML, like Gecko) Chrome/81.0.4044.113 Safari/537.36"
86.229.25.196 - - [22/Apr/2020:12:21:38 +0000] "GET /favicon.ico HTTP/1.1" 404 494 "http://54.38.232.200:30085/" "Mozilla/5.0 (Windows NT 6.1; Win64; x64) AppleWebKit/537.36 (KHTML, like Gecko) Chrome/81.0.4044.113 Safari/537.36"
88.124.221.38 - - [22/Apr/2020:12:21:55 +0000] "GET /index.php?True HTTP/1.1" 200 618 "-" "Mozilla/5.0 (Windows NT 10.0; Win64; x64) AppleWebKit/537.36 (KHTML, like Gecko) Chrome/81.0.4044.113 Safari/537.36"
86.229.25.196 - - [22/Apr/2020:12:21:55 +0000] "POST /index.php HTTP/1.1" 200 627 "http://54.38.232.200:30085/" "Mozilla/5.0 (Windows NT 6.1; Win64; x64) AppleWebKit/537.36 (KHTML, like Gecko) Chrome/81.0.4044.113 Safari/537.36"
86.229.25.196 - - [22/Apr/2020:12:22:01 +0000] "POST /index.php HTTP/1.1" 200 627 "http://54.38.232.200:30085/index.php" "Mozilla/5.0 (Windows NT 6.1; Win64; x64) AppleWebKit/537.36 (KHTML, like Gecko) Chrome/81.0.4044.113 Safari/537.36"
86.229.25.196 - - [22/Apr/2020:12:22:06 +0000] "POST /index.php HTTP/1.1" 200 627 "http://54.38.232.200:30085/index.php" "Mozilla/5.0 (Windows NT 6.1; Win64; x64) AppleWebKit/537.36 (KHTML, like Gecko) Chrome/81.0.4044.113 Safari/537.36"
86.229.25.196 - - [22/Apr/2020:12:22:44 +0000] "POST /index.php HTTP/1.1" 200 627 "http://54.38.232.200:30085/index.php" "Mozilla/5.0 (Windows NT 6.1; Win64; x64) AppleWebKit/537.36 (KHTML, like Gecko) Chrome/81.0.4044.113 Safari/537.36"
91.175.7.13 - - [22/Apr/2020:12:24:03 +0000] "GET / HTTP/1.1" 200 676 "-" "Mozilla/5.0 (Windows NT 10.0; Win64; x64; rv:75.0) Gecko/20100101 Firefox/75.0"
91.175.7.13 - - [22/Apr/2020:12:24:03 +0000] "GET /favicon.ico HTTP/1.1" 404 494 "-" "Mozilla/5.0 (Windows NT 10.0; Win64; x64; rv:75.0) Gecko/20100101 Firefox/75.0"
91.175.7.13 - - [22/Apr/2020:12:24:15 +0000] "POST /index.php HTTP/1.1" 200 627 "http://54.38.232.200:30085/" "Mozilla/5.0 (Windows NT 10.0; Win64; x64; rv:75.0) Gecko/20100101 Firefox/75.0"
91.175.7.13 - - [22/Apr/2020:12:24:42 +0000] "POST /index.php HTTP/1.1" 200 627 "http://54.38.232.200:30085/index.php" "Mozilla/5.0 (Windows NT 10.0; Win64; x64; rv:75.0) Gecko/20100101 Firefox/75.0"
91.175.7.13 - - [22/Apr/2020:12:24:46 +0000] "POST /index.php HTTP/1.1" 200 626 "http://54.38.232.200:30085/index.php" "Mozilla/5.0 (Windows NT 10.0; Win64; x64; rv:75.0) Gecko/20100101 Firefox/75.0"
82.237.47.236 - - [22/Apr/2020:12:24:52 +0000] "GET / HTTP/1.1" 200 676 "-" "Mozilla/5.0 (Windows NT 10.0; Win64; x64; rv:75.0) Gecko/20100101 Firefox/75.0"
82.237.47.236 - - [22/Apr/2020:12:24:52 +0000] "GET /favicon.ico HTTP/1.1" 404 494 "-" "Mozilla/5.0 (Windows NT 10.0; Win64; x64; rv:75.0) Gecko/20100101 Firefox/75.0"
86.213.56.172 - - [22/Apr/2020:12:24:54 +0000] "GET / HTTP/1.1" 200 676 "-" "Mozilla/5.0 (Windows NT 10.0; Win64; x64; rv:75.0) Gecko/20100101 Firefox/75.0"
86.213.56.172 - - [22/Apr/2020:12:24:54 +0000] "GET /favicon.ico HTTP/1.1" 404 494 "-" "Mozilla/5.0 (Windows NT 10.0; Win64; x64; rv:75.0) Gecko/20100101 Firefox/75.0"
91.175.7.13 - - [22/Apr/2020:12:24:57 +0000] "POST /index.php HTTP/1.1" 200 627 "http://54.38.232.200:30085/index.php" "Mozilla/5.0 (Windows NT 10.0; Win64; x64; rv:75.0) Gecko/20100101 Firefox/75.0"
86.213.56.172 - - [22/Apr/2020:12:25:03 +0000] "POST /index.php HTTP/1.1" 200 627 "http://54.38.232.200:30085/" "Mozilla/5.0 (Windows NT 10.0; Win64; x64; rv:75.0) Gecko/20100101 Firefox/75.0"
91.175.7.13 - - [22/Apr/2020:12:25:28 +0000] "POST /index.php HTTP/1.1" 200 627 "http://54.38.232.200:30085/index.php" "Mozilla/5.0 (Windows NT 10.0; Win64; x64; rv:75.0) Gecko/20100101 Firefox/75.0"
176.156.15.135 - - [22/Apr/2020:12:26:37 +0000] "GET / HTTP/1.1" 200 676 "-" "Mozilla/5.0 (Windows NT 10.0; Win64; x64) AppleWebKit/537.36 (KHTML, like Gecko) Chrome/81.0.4044.113 Safari/537.36"
176.156.15.135 - - [22/Apr/2020:12:26:42 +0000] "GET /favicon.ico HTTP/1.1" 404 494 "http://54.38.232.200:30085/" "Mozilla/5.0 (Windows NT 10.0; Win64; x64) AppleWebKit/537.36 (KHTML, like Gecko) Chrome/81.0.4044.113 Safari/537.36"
176.156.15.135 - - [22/Apr/2020:12:26:52 +0000] "POST /index.php HTTP/1.1" 200 627 "http://54.38.232.200:30085/" "Mozilla/5.0 (Windows NT 10.0; Win64; x64) AppleWebKit/537.36 (KHTML, like Gecko) Chrome/81.0.4044.113 Safari/537.36"
176.156.15.135 - - [22/Apr/2020:12:27:35 +0000] "POST /index.php HTTP/1.1" 200 627 "http://54.38.232.200:30085/index.php" "Mozilla/5.0 (Windows NT 10.0; Win64; x64) AppleWebKit/537.36 (KHTML, like Gecko) Chrome/81.0.4044.113 Safari/537.36"
83.198.8.214 - - [22/Apr/2020:12:27:35 +0000] "GET / HTTP/1.1" 200 676 "-" "Mozilla/5.0 (Windows NT 10.0; Win64; x64) AppleWebKit/537.36 (KHTML, like Gecko) Chrome/81.0.4044.113 Safari/537.36"
81.50.150.118 - - [22/Apr/2020:12:27:35 +0000] "GET / HTTP/1.1" 200 676 "-" "Mozilla/5.0 (Macintosh; Intel Mac OS X 10_12_6) AppleWebKit/537.36 (KHTML, like Gecko) Chrome/81.0.4044.113 Safari/537.36"
81.50.150.118 - - [22/Apr/2020:12:27:35 +0000] "GET /favicon.ico HTTP/1.1" 404 494 "http://54.38.232.200:30085/" "Mozilla/5.0 (Macintosh; Intel Mac OS X 10_12_6) AppleWebKit/537.36 (KHTML, like Gecko) Chrome/81.0.4044.113 Safari/537.36"
83.198.8.214 - - [22/Apr/2020:12:27:35 +0000] "GET /favicon.ico HTTP/1.1" 404 494 "http://54.38.232.200:30085/" "Mozilla/5.0 (Windows NT 10.0; Win64; x64) AppleWebKit/537.36 (KHTML, like Gecko) Chrome/81.0.4044.113 Safari/537.36"
176.156.15.135 - - [22/Apr/2020:12:27:56 +0000] "POST /index.php HTTP/1.1" 200 627 "http://54.38.232.200:30085/index.php" "Mozilla/5.0 (Windows NT 10.0; Win64; x64) AppleWebKit/537.36 (KHTML, like Gecko) Chrome/81.0.4044.113 Safari/537.36"
78.210.0.87 - - [22/Apr/2020:12:28:13 +0000] "GET / HTTP/1.1" 200 676 "-" "Mozilla/5.0 (Windows NT 10.0; Win64; x64) AppleWebKit/537.36 (KHTML, like Gecko) Chrome/81.0.4044.113 Safari/537.36"
78.210.0.87 - - [22/Apr/2020:12:28:14 +0000] "GET /favicon.ico HTTP/1.1" 404 494 "http://54.38.232.200:30085/" "Mozilla/5.0 (Windows NT 10.0; Win64; x64) AppleWebKit/537.36 (KHTML, like Gecko) Chrome/81.0.4044.113 Safari/537.36"
81.50.150.118 - - [22/Apr/2020:12:28:17 +0000] "POST /index.php HTTP/1.1" 200 627 "http://54.38.232.200:30085/" "Mozilla/5.0 (Macintosh; Intel Mac OS X 10_12_6) AppleWebKit/537.36 (KHTML, like Gecko) Chrome/81.0.4044.113 Safari/537.36"
78.210.0.87 - - [22/Apr/2020:12:28:27 +0000] "POST /index.php HTTP/1.1" 200 627 "http://54.38.232.200:30085/" "Mozilla/5.0 (Windows NT 10.0; Win64; x64) AppleWebKit/537.36 (KHTML, like Gecko) Chrome/81.0.4044.113 Safari/537.36"
83.198.8.214 - - [22/Apr/2020:12:28:37 +0000] "POST /index.php HTTP/1.1" 200 627 "http://54.38.232.200:30085/" "Mozilla/5.0 (Linux; Android 6.0; Nexus 5 Build/MRA58N) AppleWebKit/537.36 (KHTML, like Gecko) Chrome/81.0.4044.113 Mobile Safari/537.36"
35.196.132.85 - - [22/Apr/2020:12:28:38 +0000] "GET / HTTP/1.1" 200 597 "-" "Mozilla/5.0 (compatible; Discordbot/2.0; +https://discordapp.com)"
78.210.0.87 - - [22/Apr/2020:12:28:40 +0000] "GET /index.php/robots.txt HTTP/1.1" 200 618 "-" "Mozilla/5.0 (Windows NT 10.0; Win64; x64) AppleWebKit/537.36 (KHTML, like Gecko) Chrome/81.0.4044.113 Safari/537.36"
85.190.75.71 - - [22/Apr/2020:12:28:41 +0000] "GET / HTTP/1.1" 200 676 "-" "Mozilla/5.0 (Windows NT 10.0; Win64; x64; rv:77.0) Gecko/20100101 Firefox/77.0"
85.190.75.71 - - [22/Apr/2020:12:28:42 +0000] "GET /favicon.ico HTTP/1.1" 404 494 "-" "Mozilla/5.0 (Windows NT 10.0; Win64; x64; rv:77.0) Gecko/20100101 Firefox/77.0"
78.210.0.87 - - [22/Apr/2020:12:28:58 +0000] "POST /index.php/index.php HTTP/1.1" 200 627 "http://54.38.232.200:30085/index.php/robots.txt" "Mozilla/5.0 (Windows NT 10.0; Win64; x64) AppleWebKit/537.36 (KHTML, like Gecko) Chrome/81.0.4044.113 Safari/537.36"
83.198.8.214 - - [22/Apr/2020:12:29:00 +0000] "POST /index.php HTTP/1.1" 200 627 "http://54.38.232.200:30085/index.php" "Mozilla/5.0 (Linux; Android 6.0; Nexus 5 Build/MRA58N) AppleWebKit/537.36 (KHTML, like Gecko) Chrome/81.0.4044.113 Mobile Safari/537.36"
82.237.47.236 - - [22/Apr/2020:12:29:21 +0000] "GET / HTTP/1.1" 200 618 "-" "Mozilla/5.0 (Windows NT 10.0; Win64; x64; rv:75.0) Gecko/20100101 Firefox/75.0"
90.119.109.149 - - [22/Apr/2020:12:29:26 +0000] "GET / HTTP/1.1" 200 676 "-" "Mozilla/5.0 (Windows NT 10.0; Win64; x64; rv:73.0) Gecko/20100101 Firefox/73.0"
90.119.109.149 - - [22/Apr/2020:12:29:27 +0000] "GET /favicon.ico HTTP/1.1" 404 494 "-" "Mozilla/5.0 (Windows NT 10.0; Win64; x64; rv:73.0) Gecko/20100101 Firefox/73.0"
90.119.109.149 - - [22/Apr/2020:12:29:31 +0000] "GET / HTTP/1.1" 200 617 "-" "Mozilla/5.0 (Windows NT 10.0; Win64; x64; rv:76.0) Gecko/20100101 Firefox/76.0"
90.119.109.149 - - [22/Apr/2020:12:29:37 +0000] "POST /index.php HTTP/1.1" 200 627 "http://54.38.232.200:30085/" "Mozilla/5.0 (Windows NT 10.0; Win64; x64; rv:73.0) Gecko/20100101 Firefox/73.0"
90.119.109.149 - - [22/Apr/2020:12:29:37 +0000] "GET /favicon.ico HTTP/1.1" 404 494 "-" "Mozilla/5.0 (Windows NT 10.0; Win64; x64; rv:73.0) Gecko/20100101 Firefox/73.0"
82.237.47.236 - - [22/Apr/2020:12:29:48 +0000] "POST /index.php HTTP/1.1" 200 627 "http://54.38.232.200:30085/" "Mozilla/5.0 (Windows NT 10.0; Win64; x64; rv:75.0) Gecko/20100101 Firefox/75.0"
90.119.109.149 - - [22/Apr/2020:12:29:49 +0000] "POST /index.php HTTP/1.1" 200 627 "http://54.38.232.200:30085/index.php" "Mozilla/5.0 (Windows NT 10.0; Win64; x64; rv:73.0) Gecko/20100101 Firefox/73.0"
90.119.109.149 - - [22/Apr/2020:12:29:49 +0000] "GET /favicon.ico HTTP/1.1" 404 494 "-" "Mozilla/5.0 (Windows NT 10.0; Win64; x64; rv:73.0) Gecko/20100101 Firefox/73.0"
78.210.0.87 - - [22/Apr/2020:12:29:52 +0000] "POST /index.php/index.php HTTP/1.1" 200 627 "http://54.38.232.200:30085/index.php/index.php" "Mozilla/5.0 (Windows NT 10.0; Win64; x64) AppleWebKit/537.36 (KHTML, like Gecko) Chrome/81.0.4044.113 Safari/537.36"
82.237.47.236 - - [22/Apr/2020:12:30:02 +0000] "GET / HTTP/1.1" 200 618 "-" "Mozilla/5.0 (Windows NT 10.0; Win64; x64; rv:75.0) Gecko/20100101 Firefox/75.0"
81.51.180.153 - - [22/Apr/2020:12:30:18 +0000] "GET / HTTP/1.1" 200 618 "-" "Mozilla/5.0 (Macintosh; Intel Mac OS X 10_15_4) AppleWebKit/537.36 (KHTML, like Gecko) Chrome/81.0.4044.113 Safari/537.36"
83.198.8.214 - - [22/Apr/2020:12:30:20 +0000] "POST /index.php HTTP/1.1" 200 627 "-" "Mozilla/5.0 (Windows NT 10.0; Win64; x64) AppleWebKit/537.36 (KHTML, like Gecko) Chrome/81.0.4044.113 Safari/537.36"
31.32.231.129 - - [22/Apr/2020:12:30:22 +0000] "GET / HTTP/1.1" 200 676 "-" "Mozilla/5.0 (Windows NT 10.0; Win64; x64) AppleWebKit/537.36 (KHTML, like Gecko) Chrome/81.0.4044.113 Safari/537.36"
31.32.231.129 - - [22/Apr/2020:12:30:22 +0000] "GET /favicon.ico HTTP/1.1" 404 494 "http://54.38.232.200:30085/" "Mozilla/5.0 (Windows NT 10.0; Win64; x64) AppleWebKit/537.36 (KHTML, like Gecko) Chrome/81.0.4044.113 Safari/537.36"
31.32.231.129 - - [22/Apr/2020:12:30:42 +0000] "POST /index.php HTTP/1.1" 200 627 "http://54.38.232.200:30085/" "Mozilla/5.0 (Windows NT 10.0; Win64; x64) AppleWebKit/537.36 (KHTML, like Gecko) Chrome/81.0.4044.113 Safari/537.36"
31.32.231.129 - - [22/Apr/2020:12:31:01 +0000] "POST /index.php HTTP/1.1" 200 627 "http://54.38.232.200:30085/index.php" "Mozilla/5.0 (Windows NT 10.0; Win64; x64) AppleWebKit/537.36 (KHTML, like Gecko) Chrome/81.0.4044.113 Safari/537.36"
31.32.231.129 - - [22/Apr/2020:12:31:02 +0000] "POST /index.php HTTP/1.1" 200 626 "http://54.38.232.200:30085/index.php" "Mozilla/5.0 (Windows NT 10.0; Win64; x64) AppleWebKit/537.36 (KHTML, like Gecko) Chrome/81.0.4044.113 Safari/537.36"
31.32.231.129 - - [22/Apr/2020:12:31:07 +0000] "GET / HTTP/1.1" 200 618 "-" "Mozilla/5.0 (Windows NT 10.0; Win64; x64) AppleWebKit/537.36 (KHTML, like Gecko) Chrome/81.0.4044.113 Safari/537.36"
90.119.109.149 - - [22/Apr/2020:12:31:08 +0000] "POST /index.php HTTP/1.1" 200 627 "http://54.38.232.200:30085/index.php" "Mozilla/5.0 (Windows NT 10.0; Win64; x64; rv:73.0) Gecko/20100101 Firefox/73.0"
90.119.109.149 - - [22/Apr/2020:12:31:08 +0000] "GET /favicon.ico HTTP/1.1" 404 494 "-" "Mozilla/5.0 (Windows NT 10.0; Win64; x64; rv:73.0) Gecko/20100101 Firefox/73.0"
90.119.109.149 - - [22/Apr/2020:12:31:19 +0000] "POST /index.php HTTP/1.1" 200 627 "http://54.38.232.200:30085/index.php" "Mozilla/5.0 (Windows NT 10.0; Win64; x64; rv:73.0) Gecko/20100101 Firefox/73.0"
90.119.109.149 - - [22/Apr/2020:12:31:19 +0000] "GET /favicon.ico HTTP/1.1" 404 494 "-" "Mozilla/5.0 (Windows NT 10.0; Win64; x64; rv:73.0) Gecko/20100101 Firefox/73.0"
90.119.109.149 - - [22/Apr/2020:12:31:30 +0000] "POST /index.php HTTP/1.1" 200 627 "http://54.38.232.200:30085/index.php" "Mozilla/5.0 (Windows NT 10.0; Win64; x64; rv:73.0) Gecko/20100101 Firefox/73.0"
90.119.109.149 - - [22/Apr/2020:12:31:31 +0000] "GET /favicon.ico HTTP/1.1" 404 494 "-" "Mozilla/5.0 (Windows NT 10.0; Win64; x64; rv:73.0) Gecko/20100101 Firefox/73.0"
90.119.109.149 - - [22/Apr/2020:12:31:56 +0000] "POST /index.php HTTP/1.1" 200 627 "http://54.38.232.200:30085/index.php" "Mozilla/5.0 (Windows NT 10.0; Win64; x64; rv:73.0) Gecko/20100101 Firefox/73.0"
90.119.109.149 - - [22/Apr/2020:12:31:56 +0000] "GET /favicon.ico HTTP/1.1" 404 494 "-" "Mozilla/5.0 (Windows NT 10.0; Win64; x64; rv:73.0) Gecko/20100101 Firefox/73.0"
90.119.109.149 - - [22/Apr/2020:12:32:12 +0000] "GET /553dubcufb1luulel1aqm9ngd2 HTTP/1.1" 404 495 "-" "Mozilla/5.0 (Windows NT 10.0; Win64; x64; rv:73.0) Gecko/20100101 Firefox/73.0"
90.119.109.149 - - [22/Apr/2020:12:32:12 +0000] "GET /favicon.ico HTTP/1.1" 404 494 "-" "Mozilla/5.0 (Windows NT 10.0; Win64; x64; rv:73.0) Gecko/20100101 Firefox/73.0"
90.119.109.149 - - [22/Apr/2020:12:32:14 +0000] "GET /553dubcufb1luulel1aqm9ngd2.php HTTP/1.1" 404 494 "-" "Mozilla/5.0 (Windows NT 10.0; Win64; x64; rv:73.0) Gecko/20100101 Firefox/73.0"
90.119.109.149 - - [22/Apr/2020:12:32:14 +0000] "GET /favicon.ico HTTP/1.1" 404 494 "-" "Mozilla/5.0 (Windows NT 10.0; Win64; x64; rv:73.0) Gecko/20100101 Firefox/73.0"
90.119.109.149 - - [22/Apr/2020:12:32:18 +0000] "GET /553dubcufb1luulel1aqm9ngd2.html HTTP/1.1" 404 494 "-" "Mozilla/5.0 (Windows NT 10.0; Win64; x64; rv:73.0) Gecko/20100101 Firefox/73.0"
90.119.109.149 - - [22/Apr/2020:12:32:18 +0000] "GET /favicon.ico HTTP/1.1" 404 494 "-" "Mozilla/5.0 (Windows NT 10.0; Win64; x64; rv:73.0) Gecko/20100101 Firefox/73.0"
90.119.109.149 - - [22/Apr/2020:12:32:20 +0000] "GET /553dubcufb1luulel1aqm9ngd2.php HTTP/1.1" 404 494 "-" "Mozilla/5.0 (Windows NT 10.0; Win64; x64; rv:73.0) Gecko/20100101 Firefox/73.0"
90.119.109.149 - - [22/Apr/2020:12:32:20 +0000] "GET /favicon.ico HTTP/1.1" 404 494 "-" "Mozilla/5.0 (Windows NT 10.0; Win64; x64; rv:73.0) Gecko/20100101 Firefox/73.0"
90.119.109.149 - - [22/Apr/2020:12:32:21 +0000] "GET /553dubcufb1luulel1aqm9ngd2 HTTP/1.1" 404 494 "-" "Mozilla/5.0 (Windows NT 10.0; Win64; x64; rv:73.0) Gecko/20100101 Firefox/73.0"
90.119.109.149 - - [22/Apr/2020:12:32:21 +0000] "GET /favicon.ico HTTP/1.1" 404 494 "-" "Mozilla/5.0 (Windows NT 10.0; Win64; x64; rv:73.0) Gecko/20100101 Firefox/73.0"
90.119.109.149 - - [22/Apr/2020:12:32:24 +0000] "POST /index.php HTTP/1.1" 200 626 "http://54.38.232.200:30085/index.php" "Mozilla/5.0 (Windows NT 10.0; Win64; x64; rv:73.0) Gecko/20100101 Firefox/73.0"
90.119.109.149 - - [22/Apr/2020:12:32:24 +0000] "GET /favicon.ico HTTP/1.1" 404 494 "-" "Mozilla/5.0 (Windows NT 10.0; Win64; x64; rv:73.0) Gecko/20100101 Firefox/73.0"
90.119.109.149 - - [22/Apr/2020:12:32:36 +0000] "POST /index.php HTTP/1.1" 200 685 "http://54.38.232.200:30085/index.php" "Mozilla/5.0 (Windows NT 10.0; Win64; x64; rv:73.0) Gecko/20100101 Firefox/73.0"
90.119.109.149 - - [22/Apr/2020:12:32:36 +0000] "GET /favicon.ico HTTP/1.1" 404 494 "-" "Mozilla/5.0 (Windows NT 10.0; Win64; x64; rv:73.0) Gecko/20100101 Firefox/73.0"
90.119.109.149 - - [22/Apr/2020:12:32:43 +0000] "POST /index.php HTTP/1.1" 200 627 "http://54.38.232.200:30085/index.php" "Mozilla/5.0 (Windows NT 10.0; Win64; x64; rv:73.0) Gecko/20100101 Firefox/73.0"
90.119.109.149 - - [22/Apr/2020:12:32:43 +0000] "GET /favicon.ico HTTP/1.1" 404 494 "-" "Mozilla/5.0 (Windows NT 10.0; Win64; x64; rv:73.0) Gecko/20100101 Firefox/73.0"
90.119.109.149 - - [22/Apr/2020:12:33:17 +0000] "POST /index.php HTTP/1.1" 200 627 "http://54.38.232.200:30085/index.php" "Mozilla/5.0 (Windows NT 10.0; Win64; x64; rv:73.0) Gecko/20100101 Firefox/73.0"
90.119.109.149 - - [22/Apr/2020:12:33:17 +0000] "GET /favicon.ico HTTP/1.1" 404 494 "-" "Mozilla/5.0 (Windows NT 10.0; Win64; x64; rv:73.0) Gecko/20100101 Firefox/73.0"
83.198.8.214 - - [22/Apr/2020:12:36:27 +0000] "POST /index.php HTTP/1.1" 200 627 "http://54.38.232.200:30085/index.php" "Mozilla/5.0 (Linux; Android 6.0; Nexus 5 Build/MRA58N) AppleWebKit/537.36 (KHTML, like Gecko) Chrome/81.0.4044.113 Mobile Safari/537.36"
88.124.221.38 - - [22/Apr/2020:12:37:42 +0000] "GET / HTTP/1.1" 200 618 "-" "Mozilla/5.0 (Windows NT 10.0; Win64; x64) AppleWebKit/537.36 (KHTML, like Gecko) Chrome/81.0.4044.113 Safari/537.36"
86.210.204.197 - - [22/Apr/2020:12:38:03 +0000] "GET / HTTP/1.1" 200 676 "-" "Mozilla/5.0 (Windows NT 6.3; Win64; x64) AppleWebKit/537.36 (KHTML, like Gecko) Chrome/81.0.4044.113 Safari/537.36"
86.210.204.197 - - [22/Apr/2020:12:38:04 +0000] "GET /favicon.ico HTTP/1.1" 404 494 "http://54.38.232.200:30085/" "Mozilla/5.0 (Windows NT 6.3; Win64; x64) AppleWebKit/537.36 (KHTML, like Gecko) Chrome/81.0.4044.113 Safari/537.36"
88.124.221.38 - - [22/Apr/2020:12:38:05 +0000] "POST /index.php HTTP/1.1" 200 627 "http://54.38.232.200:30085/" "Mozilla/5.0 (Windows NT 10.0; Win64; x64) AppleWebKit/537.36 (KHTML, like Gecko) Chrome/81.0.4044.113 Safari/537.36"
88.124.221.38 - - [22/Apr/2020:12:38:11 +0000] "POST /index.php HTTP/1.1" 200 627 "http://54.38.232.200:30085/index.php" "Mozilla/5.0 (Windows NT 10.0; Win64; x64) AppleWebKit/537.36 (KHTML, like Gecko) Chrome/81.0.4044.113 Safari/537.36"
86.201.128.197 - - [22/Apr/2020:12:38:14 +0000] "GET / HTTP/1.1" 200 676 "-" "Mozilla/5.0 (Windows NT 10.0; Win64; x64; rv:75.0) Gecko/20100101 Firefox/75.0"
86.201.128.197 - - [22/Apr/2020:12:38:16 +0000] "GET /favicon.ico HTTP/1.1" 404 494 "-" "Mozilla/5.0 (Windows NT 10.0; Win64; x64; rv:75.0) Gecko/20100101 Firefox/75.0"
86.210.204.197 - - [22/Apr/2020:12:38:29 +0000] "GET / HTTP/1.1" 200 618 "-" "Mozilla/5.0 (Windows NT 6.3; Win64; x64) AppleWebKit/537.36 (KHTML, like Gecko) Chrome/81.0.4044.113 Safari/537.36"
86.201.128.197 - - [22/Apr/2020:12:38:34 +0000] "POST /index.php HTTP/1.1" 200 627 "http://54.38.232.200:30085/" "Mozilla/5.0 (Windows NT 10.0; Win64; x64; rv:75.0) Gecko/20100101 Firefox/75.0"
86.201.128.197 - - [22/Apr/2020:12:38:34 +0000] "GET /favicon.ico HTTP/1.1" 404 494 "-" "Mozilla/5.0 (Windows NT 10.0; Win64; x64; rv:75.0) Gecko/20100101 Firefox/75.0"
82.237.47.236 - - [22/Apr/2020:12:38:43 +0000] "GET / HTTP/1.1" 200 618 "-" "Mozilla/5.0 (Windows NT 10.0; Win64; x64; rv:75.0) Gecko/20100101 Firefox/75.0"
86.210.204.197 - - [22/Apr/2020:12:38:48 +0000] "POST /index.php HTTP/1.1" 200 627 "http://54.38.232.200:30085/" "Mozilla/5.0 (Windows NT 6.3; Win64; x64) AppleWebKit/537.36 (KHTML, like Gecko) Chrome/81.0.4044.113 Safari/537.36"
86.210.204.197 - - [22/Apr/2020:12:39:03 +0000] "POST /index.php HTTP/1.1" 200 627 "http://54.38.232.200:30085/index.php" "Mozilla/5.0 (Windows NT 6.3; Win64; x64) AppleWebKit/537.36 (KHTML, like Gecko) Chrome/81.0.4044.113 Safari/537.36"
86.229.25.196 - - [22/Apr/2020:12:39:19 +0000] "GET / HTTP/1.1" 200 618 "-" "Mozilla/5.0 (Windows NT 6.1; Win64; x64) AppleWebKit/537.36 (KHTML, like Gecko) Chrome/81.0.4044.113 Safari/537.36"
86.229.25.196 - - [22/Apr/2020:12:39:22 +0000] "POST /index.php HTTP/1.1" 200 626 "http://54.38.232.200:30085/" "Mozilla/5.0 (Windows NT 6.1; Win64; x64) AppleWebKit/537.36 (KHTML, like Gecko) Chrome/81.0.4044.113 Safari/537.36"
86.229.25.196 - - [22/Apr/2020:12:39:23 +0000] "POST /index.php HTTP/1.1" 200 626 "http://54.38.232.200:30085/index.php" "Mozilla/5.0 (Windows NT 6.1; Win64; x64) AppleWebKit/537.36 (KHTML, like Gecko) Chrome/81.0.4044.113 Safari/537.36"
86.229.25.196 - - [22/Apr/2020:12:39:23 +0000] "POST /index.php HTTP/1.1" 200 626 "http://54.38.232.200:30085/index.php" "Mozilla/5.0 (Windows NT 6.1; Win64; x64) AppleWebKit/537.36 (KHTML, like Gecko) Chrome/81.0.4044.113 Safari/537.36"
86.229.25.196 - - [22/Apr/2020:12:39:23 +0000] "POST /index.php HTTP/1.1" 200 626 "http://54.38.232.200:30085/index.php" "Mozilla/5.0 (Windows NT 6.1; Win64; x64) AppleWebKit/537.36 (KHTML, like Gecko) Chrome/81.0.4044.113 Safari/537.36"
86.229.25.196 - - [22/Apr/2020:12:39:24 +0000] "POST /index.php HTTP/1.1" 200 626 "http://54.38.232.200:30085/index.php" "Mozilla/5.0 (Windows NT 6.1; Win64; x64) AppleWebKit/537.36 (KHTML, like Gecko) Chrome/81.0.4044.113 Safari/537.36"
86.229.25.196 - - [22/Apr/2020:12:39:24 +0000] "POST /index.php HTTP/1.1" 200 626 "http://54.38.232.200:30085/index.php" "Mozilla/5.0 (Windows NT 6.1; Win64; x64) AppleWebKit/537.36 (KHTML, like Gecko) Chrome/81.0.4044.113 Safari/537.36"
86.229.25.196 - - [22/Apr/2020:12:39:24 +0000] "POST /index.php HTTP/1.1" 200 626 "http://54.38.232.200:30085/index.php" "Mozilla/5.0 (Windows NT 6.1; Win64; x64) AppleWebKit/537.36 (KHTML, like Gecko) Chrome/81.0.4044.113 Safari/537.36"
86.229.25.196 - - [22/Apr/2020:12:39:24 +0000] "POST /index.php HTTP/1.1" 200 626 "http://54.38.232.200:30085/index.php" "Mozilla/5.0 (Windows NT 6.1; Win64; x64) AppleWebKit/537.36 (KHTML, like Gecko) Chrome/81.0.4044.113 Safari/537.36"
86.229.25.196 - - [22/Apr/2020:12:39:24 +0000] "POST /index.php HTTP/1.1" 200 626 "http://54.38.232.200:30085/index.php" "Mozilla/5.0 (Windows NT 6.1; Win64; x64) AppleWebKit/537.36 (KHTML, like Gecko) Chrome/81.0.4044.113 Safari/537.36"
86.229.25.196 - - [22/Apr/2020:12:39:24 +0000] "POST /index.php HTTP/1.1" 200 626 "http://54.38.232.200:30085/index.php" "Mozilla/5.0 (Windows NT 6.1; Win64; x64) AppleWebKit/537.36 (KHTML, like Gecko) Chrome/81.0.4044.113 Safari/537.36"
86.229.25.196 - - [22/Apr/2020:12:39:25 +0000] "POST /index.php HTTP/1.1" 200 626 "http://54.38.232.200:30085/index.php" "Mozilla/5.0 (Windows NT 6.1; Win64; x64) AppleWebKit/537.36 (KHTML, like Gecko) Chrome/81.0.4044.113 Safari/537.36"
86.229.25.196 - - [22/Apr/2020:12:39:25 +0000] "POST /index.php HTTP/1.1" 200 626 "http://54.38.232.200:30085/index.php" "Mozilla/5.0 (Windows NT 6.1; Win64; x64) AppleWebKit/537.36 (KHTML, like Gecko) Chrome/81.0.4044.113 Safari/537.36"
86.201.128.197 - - [22/Apr/2020:12:39:27 +0000] "POST /index.php HTTP/1.1" 200 627 "http://54.38.232.200:30085/index.php" "Mozilla/5.0 (Windows NT 10.0; Win64; x64; rv:75.0) Gecko/20100101 Firefox/75.0"
86.201.128.197 - - [22/Apr/2020:12:39:27 +0000] "GET /favicon.ico HTTP/1.1" 404 494 "-" "Mozilla/5.0 (Windows NT 10.0; Win64; x64; rv:75.0) Gecko/20100101 Firefox/75.0"
86.201.128.197 - - [22/Apr/2020:12:39:30 +0000] "POST /index.php HTTP/1.1" 200 627 "http://54.38.232.200:30085/index.php" "Mozilla/5.0 (Windows NT 10.0; Win64; x64; rv:75.0) Gecko/20100101 Firefox/75.0"
86.210.204.197 - - [22/Apr/2020:12:39:39 +0000] "GET / HTTP/1.1" 200 618 "-" "Mozilla/5.0 (Windows NT 6.3; Win64; x64) AppleWebKit/537.36 (KHTML, like Gecko) Chrome/81.0.4044.113 Safari/537.36"
159.65.64.210 - - [22/Apr/2020:12:39:44 +0000] "GET / HTTP/1.1" 200 597 "https://securityheaders.com/" "Mozilla/5.0 (Windows NT 10.0; Win64; x64) AppleWebKit/537.36 (KHTML, like Gecko) Chrome/75.0.3770.142 Safari/537.36"
82.241.63.145 - - [22/Apr/2020:12:40:07 +0000] "GET / HTTP/1.1" 200 676 "-" "Mozilla/5.0 (Macintosh; Intel Mac OS X 10_13_6) AppleWebKit/537.36 (KHTML, like Gecko) Chrome/80.0.3987.163 Safari/537.36"
82.241.63.145 - - [22/Apr/2020:12:40:09 +0000] "GET /favicon.ico HTTP/1.1" 404 494 "http://54.38.232.200:30085/" "Mozilla/5.0 (Macintosh; Intel Mac OS X 10_13_6) AppleWebKit/537.36 (KHTML, like Gecko) Chrome/80.0.3987.163 Safari/537.36"
86.201.128.197 - - [22/Apr/2020:12:40:09 +0000] "POST /index.php HTTP/1.1" 200 627 "http://54.38.232.200:30085/index.php" "Mozilla/5.0 (Windows NT 10.0; Win64; x64; rv:75.0) Gecko/20100101 Firefox/75.0"
86.229.25.196 - - [22/Apr/2020:12:40:14 +0000] "GET / HTTP/1.1" 200 618 "-" "Mozilla/5.0 (Windows NT 6.1; Win64; x64) AppleWebKit/537.36 (KHTML, like Gecko) Chrome/81.0.4044.113 Safari/537.36"
86.229.25.196 - - [22/Apr/2020:12:40:19 +0000] "POST /index.php HTTP/1.1" 200 626 "http://54.38.232.200:30085/" "Mozilla/5.0 (Windows NT 6.1; Win64; x64) AppleWebKit/537.36 (KHTML, like Gecko) Chrome/81.0.4044.113 Safari/537.36"
86.229.25.196 - - [22/Apr/2020:12:40:19 +0000] "POST /index.php HTTP/1.1" 200 626 "http://54.38.232.200:30085/index.php" "Mozilla/5.0 (Windows NT 6.1; Win64; x64) AppleWebKit/537.36 (KHTML, like Gecko) Chrome/81.0.4044.113 Safari/537.36"
86.229.25.196 - - [22/Apr/2020:12:40:19 +0000] "POST /index.php HTTP/1.1" 200 626 "http://54.38.232.200:30085/index.php" "Mozilla/5.0 (Windows NT 6.1; Win64; x64) AppleWebKit/537.36 (KHTML, like Gecko) Chrome/81.0.4044.113 Safari/537.36"
86.229.25.196 - - [22/Apr/2020:12:40:19 +0000] "POST /index.php HTTP/1.1" 200 626 "http://54.38.232.200:30085/index.php" "Mozilla/5.0 (Windows NT 6.1; Win64; x64) AppleWebKit/537.36 (KHTML, like Gecko) Chrome/81.0.4044.113 Safari/537.36"
86.229.25.196 - - [22/Apr/2020:12:40:19 +0000] "POST /index.php HTTP/1.1" 200 626 "http://54.38.232.200:30085/index.php" "Mozilla/5.0 (Windows NT 6.1; Win64; x64) AppleWebKit/537.36 (KHTML, like Gecko) Chrome/81.0.4044.113 Safari/537.36"
86.229.25.196 - - [22/Apr/2020:12:40:19 +0000] "POST /index.php HTTP/1.1" 200 626 "http://54.38.232.200:30085/index.php" "Mozilla/5.0 (Windows NT 6.1; Win64; x64) AppleWebKit/537.36 (KHTML, like Gecko) Chrome/81.0.4044.113 Safari/537.36"
86.229.25.196 - - [22/Apr/2020:12:40:20 +0000] "POST /index.php HTTP/1.1" 200 626 "http://54.38.232.200:30085/index.php" "Mozilla/5.0 (Windows NT 6.1; Win64; x64) AppleWebKit/537.36 (KHTML, like Gecko) Chrome/81.0.4044.113 Safari/537.36"
86.229.25.196 - - [22/Apr/2020:12:40:20 +0000] "POST /index.php HTTP/1.1" 200 626 "http://54.38.232.200:30085/index.php" "Mozilla/5.0 (Windows NT 6.1; Win64; x64) AppleWebKit/537.36 (KHTML, like Gecko) Chrome/81.0.4044.113 Safari/537.36"
86.229.25.196 - - [22/Apr/2020:12:40:20 +0000] "POST /index.php HTTP/1.1" 200 626 "http://54.38.232.200:30085/index.php" "Mozilla/5.0 (Windows NT 6.1; Win64; x64) AppleWebKit/537.36 (KHTML, like Gecko) Chrome/81.0.4044.113 Safari/537.36"
86.229.25.196 - - [22/Apr/2020:12:40:20 +0000] "POST /index.php HTTP/1.1" 200 626 "http://54.38.232.200:30085/index.php" "Mozilla/5.0 (Windows NT 6.1; Win64; x64) AppleWebKit/537.36 (KHTML, like Gecko) Chrome/81.0.4044.113 Safari/537.36"
86.229.25.196 - - [22/Apr/2020:12:40:20 +0000] "POST /index.php HTTP/1.1" 200 626 "http://54.38.232.200:30085/index.php" "Mozilla/5.0 (Windows NT 6.1; Win64; x64) AppleWebKit/537.36 (KHTML, like Gecko) Chrome/81.0.4044.113 Safari/537.36"
86.201.128.197 - - [22/Apr/2020:12:40:20 +0000] "POST /index.php HTTP/1.1" 200 627 "http://54.38.232.200:30085/index.php" "Mozilla/5.0 (Windows NT 10.0; Win64; x64; rv:75.0) Gecko/20100101 Firefox/75.0"
86.229.25.196 - - [22/Apr/2020:12:40:21 +0000] "POST /index.php HTTP/1.1" 200 626 "http://54.38.232.200:30085/index.php" "Mozilla/5.0 (Windows NT 6.1; Win64; x64) AppleWebKit/537.36 (KHTML, like Gecko) Chrome/81.0.4044.113 Safari/537.36"
86.229.25.196 - - [22/Apr/2020:12:40:21 +0000] "POST /index.php HTTP/1.1" 200 626 "http://54.38.232.200:30085/index.php" "Mozilla/5.0 (Windows NT 6.1; Win64; x64) AppleWebKit/537.36 (KHTML, like Gecko) Chrome/81.0.4044.113 Safari/537.36"
86.229.25.196 - - [22/Apr/2020:12:40:21 +0000] "POST /index.php HTTP/1.1" 200 626 "http://54.38.232.200:30085/index.php" "Mozilla/5.0 (Windows NT 6.1; Win64; x64) AppleWebKit/537.36 (KHTML, like Gecko) Chrome/81.0.4044.113 Safari/537.36"
86.229.25.196 - - [22/Apr/2020:12:40:21 +0000] "POST /index.php HTTP/1.1" 200 626 "http://54.38.232.200:30085/index.php" "Mozilla/5.0 (Windows NT 6.1; Win64; x64) AppleWebKit/537.36 (KHTML, like Gecko) Chrome/81.0.4044.113 Safari/537.36"
86.229.25.196 - - [22/Apr/2020:12:40:22 +0000] "POST /index.php HTTP/1.1" 200 626 "http://54.38.232.200:30085/index.php" "Mozilla/5.0 (Windows NT 6.1; Win64; x64) AppleWebKit/537.36 (KHTML, like Gecko) Chrome/81.0.4044.113 Safari/537.36"
86.229.25.196 - - [22/Apr/2020:12:40:22 +0000] "POST /index.php HTTP/1.1" 200 626 "http://54.38.232.200:30085/index.php" "Mozilla/5.0 (Windows NT 6.1; Win64; x64) AppleWebKit/537.36 (KHTML, like Gecko) Chrome/81.0.4044.113 Safari/537.36"
86.229.25.196 - - [22/Apr/2020:12:40:22 +0000] "POST /index.php HTTP/1.1" 200 626 "http://54.38.232.200:30085/index.php" "Mozilla/5.0 (Windows NT 6.1; Win64; x64) AppleWebKit/537.36 (KHTML, like Gecko) Chrome/81.0.4044.113 Safari/537.36"
86.229.25.196 - - [22/Apr/2020:12:40:22 +0000] "POST /index.php HTTP/1.1" 200 626 "http://54.38.232.200:30085/index.php" "Mozilla/5.0 (Windows NT 6.1; Win64; x64) AppleWebKit/537.36 (KHTML, like Gecko) Chrome/81.0.4044.113 Safari/537.36"
86.229.25.196 - - [22/Apr/2020:12:40:22 +0000] "POST /index.php HTTP/1.1" 200 626 "http://54.38.232.200:30085/index.php" "Mozilla/5.0 (Windows NT 6.1; Win64; x64) AppleWebKit/537.36 (KHTML, like Gecko) Chrome/81.0.4044.113 Safari/537.36"
86.229.25.196 - - [22/Apr/2020:12:40:23 +0000] "POST /index.php HTTP/1.1" 200 626 "http://54.38.232.200:30085/index.php" "Mozilla/5.0 (Windows NT 6.1; Win64; x64) AppleWebKit/537.36 (KHTML, like Gecko) Chrome/81.0.4044.113 Safari/537.36"
86.229.25.196 - - [22/Apr/2020:12:40:23 +0000] "POST /index.php HTTP/1.1" 200 626 "http://54.38.232.200:30085/index.php" "Mozilla/5.0 (Windows NT 6.1; Win64; x64) AppleWebKit/537.36 (KHTML, like Gecko) Chrome/81.0.4044.113 Safari/537.36"
