89.158.250.112 - - [22/Apr/2020:14:40:43 +0000] "POST /index.php HTTP/1.1" 200 485 "http://54.38.232.200:30085/index.php" "Mozilla/5.0 (Macintosh; Intel Mac OS X 10.15; rv:77.0) Gecko/20100101 Firefox/77.0"
83.198.2.131 - - [22/Apr/2020:14:40:44 +0000] "GET / HTTP/1.1" 200 618 "-" "Mozilla/5.0 (X11; Ubuntu; Linux x86_64; rv:75.0) Gecko/20100101 Firefox/75.0"
88.124.221.38 - - [22/Apr/2020:14:40:45 +0000] "GET /index.php HTTP/1.1" 200 676 "-" "python-requests/2.23.0"
83.198.2.131 - - [22/Apr/2020:14:40:46 +0000] "GET / HTTP/1.1" 200 617 "-" "Mozilla/5.0 (X11; Ubuntu; Linux x86_64; rv:75.0) Gecko/20100101 Firefox/75.0"
83.198.2.131 - - [22/Apr/2020:14:40:53 +0000] "POST /index.php HTTP/1.1" 200 627 "http://54.38.232.200:30085/" "Mozilla/5.0 (X11; Ubuntu; Linux x86_64; rv:75.0) Gecko/20100101 Firefox/75.0"
83.198.2.131 - - [22/Apr/2020:14:40:54 +0000] "POST /index.php HTTP/1.1" 200 626 "-" "Mozilla/5.0 (X11; Ubuntu; Linux x86_64; rv:75.0) Gecko/20100101 Firefox/75.0"
91.175.7.13 - - [22/Apr/2020:14:40:56 +0000] "POST /index.php HTTP/1.1" 200 627 "http://54.38.232.200:30085/index.php" "Mozilla/5.0 (Windows NT 10.0; Win64; x64; rv:75.0) Gecko/20100101 Firefox/75.0"
90.127.241.123 - - [22/Apr/2020:14:41:05 +0000] "POST /index.php HTTP/1.1" 200 627 "http://54.38.232.200:30085/index.php" "Mozilla/5.0 (Windows NT 6.1; WOW64) AppleWebKit/537.36 (KHTML, like Gecko) Chrome/81.0.4044.113 Safari/537.36"
88.124.221.38 - - [22/Apr/2020:14:41:12 +0000] "GET /index.php HTTP/1.1" 200 676 "-" "python-requests/2.23.0"
89.158.250.112 - - [22/Apr/2020:14:41:21 +0000] "GET /index.php HTTP/1.1" 200 618 "-" "Mozilla/5.0 (Macintosh; Intel Mac OS X 10.15; rv:77.0) Gecko/20100101 Firefox/77.0"
83.198.2.131 - - [22/Apr/2020:14:41:24 +0000] "POST /index.php HTTP/1.1" 200 627 "http://54.38.232.200:30085/index.php" "Mozilla/5.0 (X11; Ubuntu; Linux x86_64; rv:75.0) Gecko/20100101 Firefox/75.0"
83.198.2.131 - - [22/Apr/2020:14:41:31 +0000] "POST /index.php HTTP/1.1" 200 627 "http://54.38.232.200:30085/index.php" "Mozilla/5.0 (X11; Ubuntu; Linux x86_64; rv:75.0) Gecko/20100101 Firefox/75.0"
83.198.2.131 - - [22/Apr/2020:14:41:33 +0000] "POST /index.php HTTP/1.1" 200 626 "-" "Mozilla/5.0 (X11; Ubuntu; Linux x86_64; rv:75.0) Gecko/20100101 Firefox/75.0"
88.124.221.38 - - [22/Apr/2020:14:41:39 +0000] "GET /index.php HTTP/1.1" 200 676 "-" "python-requests/2.23.0"
89.158.250.112 - - [22/Apr/2020:14:41:59 +0000] "GET /index.php HTTP/1.1" 200 618 "-" "Mozilla/5.0 (Macintosh; Intel Mac OS X 10.15; rv:77.0) Gecko/20100101 Firefox/77.0"
83.198.2.131 - - [22/Apr/2020:14:42:04 +0000] "GET / HTTP/1.1" 200 618 "-" "Mozilla/5.0 (X11; Ubuntu; Linux x86_64; rv:75.0) Gecko/20100101 Firefox/75.0"
83.198.2.131 - - [22/Apr/2020:14:42:17 +0000] "POST /index.php HTTP/1.1" 200 486 "http://54.38.232.200:30085/" "Mozilla/5.0 (X11; Ubuntu; Linux x86_64; rv:75.0) Gecko/20100101 Firefox/75.0"
89.158.250.112 - - [22/Apr/2020:14:42:20 +0000] "GET /index.php HTTP/1.1" 200 618 "-" "Mozilla/5.0 (Macintosh; Intel Mac OS X 10.15; rv:77.0) Gecko/20100101 Firefox/77.0"
90.127.241.123 - - [22/Apr/2020:14:42:24 +0000] "POST /index.php HTTP/1.1" 200 627 "http://54.38.232.200:30085/index.php" "Mozilla/5.0 (Windows NT 6.1; WOW64) AppleWebKit/537.36 (KHTML, like Gecko) Chrome/81.0.4044.113 Safari/537.36"
83.198.2.131 - - [22/Apr/2020:14:42:24 +0000] "GET / HTTP/1.1" 200 618 "-" "Mozilla/5.0 (X11; Ubuntu; Linux x86_64; rv:75.0) Gecko/20100101 Firefox/75.0"
83.198.2.131 - - [22/Apr/2020:14:42:26 +0000] "POST /index.php HTTP/1.1" 200 626 "http://54.38.232.200:30085/" "Mozilla/5.0 (X11; Ubuntu; Linux x86_64; rv:75.0) Gecko/20100101 Firefox/75.0"
83.198.2.131 - - [22/Apr/2020:14:42:28 +0000] "POST /index.php HTTP/1.1" 200 626 "http://54.38.232.200:30085/index.php" "Mozilla/5.0 (X11; Ubuntu; Linux x86_64; rv:75.0) Gecko/20100101 Firefox/75.0"
83.198.2.131 - - [22/Apr/2020:14:42:30 +0000] "POST /index.php HTTP/1.1" 200 626 "http://54.38.232.200:30085/index.php" "Mozilla/5.0 (X11; Ubuntu; Linux x86_64; rv:75.0) Gecko/20100101 Firefox/75.0"
83.198.2.131 - - [22/Apr/2020:14:42:31 +0000] "POST /index.php HTTP/1.1" 200 626 "http://54.38.232.200:30085/index.php" "Mozilla/5.0 (X11; Ubuntu; Linux x86_64; rv:75.0) Gecko/20100101 Firefox/75.0"
83.198.2.131 - - [22/Apr/2020:14:42:32 +0000] "POST /index.php HTTP/1.1" 200 626 "-" "Mozilla/5.0 (X11; Ubuntu; Linux x86_64; rv:75.0) Gecko/20100101 Firefox/75.0"
83.198.2.131 - - [22/Apr/2020:14:42:37 +0000] "POST /index.php HTTP/1.1" 200 626 "http://54.38.232.200:30085/index.php" "Mozilla/5.0 (X11; Ubuntu; Linux x86_64; rv:75.0) Gecko/20100101 Firefox/75.0"
83.198.2.131 - - [22/Apr/2020:14:42:51 +0000] "POST /index.php HTTP/1.1" 200 485 "http://54.38.232.200:30085/index.php" "Mozilla/5.0 (X11; Ubuntu; Linux x86_64; rv:75.0) Gecko/20100101 Firefox/75.0"
88.124.221.38 - - [22/Apr/2020:14:43:07 +0000] "GET /index.php HTTP/1.1" 200 676 "-" "python-requests/2.23.0"
83.198.2.131 - - [22/Apr/2020:14:43:11 +0000] "POST /index.php HTTP/1.1" 200 627 "http://54.38.232.200:30085/index.php" "Mozilla/5.0 (X11; Ubuntu; Linux x86_64; rv:75.0) Gecko/20100101 Firefox/75.0"
90.127.241.123 - - [22/Apr/2020:14:43:15 +0000] "POST /index.php HTTP/1.1" 200 627 "http://54.38.232.200:30085/index.php" "Mozilla/5.0 (Windows NT 6.1; WOW64) AppleWebKit/537.36 (KHTML, like Gecko) Chrome/81.0.4044.113 Safari/537.36"
89.158.250.112 - - [22/Apr/2020:14:43:19 +0000] "GET /index.php HTTP/1.1" 200 618 "-" "Mozilla/5.0 (Macintosh; Intel Mac OS X 10.15; rv:77.0) Gecko/20100101 Firefox/77.0"
83.198.2.131 - - [22/Apr/2020:14:43:21 +0000] "POST /index.php HTTP/1.1" 200 485 "http://54.38.232.200:30085/index.php" "Mozilla/5.0 (X11; Ubuntu; Linux x86_64; rv:75.0) Gecko/20100101 Firefox/75.0"
176.156.15.135 - - [22/Apr/2020:14:43:23 +0000] "GET / HTTP/1.1" 200 618 "-" "Mozilla/5.0 (Windows NT 10.0; Win64; x64) AppleWebKit/537.36 (KHTML, like Gecko) Chrome/81.0.4044.113 Safari/537.36"
89.158.250.112 - - [22/Apr/2020:14:43:27 +0000] "GET /index.php HTTP/1.1" 200 618 "-" "Mozilla/5.0 (Macintosh; Intel Mac OS X 10.15; rv:77.0) Gecko/20100101 Firefox/77.0"
83.198.8.214 - - [22/Apr/2020:14:43:34 +0000] "POST /index.php HTTP/1.1" 200 627 "http://54.38.232.200:30085/index.php" "Mozilla/5.0 (Linux; Android 6.0; Nexus 5 Build/MRA58N) AppleWebKit/537.36 (KHTML, like Gecko) Chrome/81.0.4044.113 Mobile Safari/537.36"
89.158.250.112 - - [22/Apr/2020:14:43:35 +0000] "POST /index.php HTTP/1.1" 200 486 "http://54.38.232.200:30085/index.php" "Mozilla/5.0 (Macintosh; Intel Mac OS X 10.15; rv:77.0) Gecko/20100101 Firefox/77.0"
83.198.2.131 - - [22/Apr/2020:14:43:38 +0000] "GET / HTTP/1.1" 200 618 "-" "Mozilla/5.0 (X11; Ubuntu; Linux x86_64; rv:75.0) Gecko/20100101 Firefox/75.0"
83.198.2.131 - - [22/Apr/2020:14:43:50 +0000] "POST /index.php HTTP/1.1" 200 485 "http://54.38.232.200:30085/" "Mozilla/5.0 (X11; Ubuntu; Linux x86_64; rv:75.0) Gecko/20100101 Firefox/75.0"
90.127.241.123 - - [22/Apr/2020:14:44:03 +0000] "POST /index.php HTTP/1.1" 200 627 "http://54.38.232.200:30085/index.php" "Mozilla/5.0 (Windows NT 6.1; WOW64) AppleWebKit/537.36 (KHTML, like Gecko) Chrome/81.0.4044.113 Safari/537.36"
90.127.241.123 - - [22/Apr/2020:14:44:07 +0000] "POST /index.php HTTP/1.1" 200 626 "http://54.38.232.200:30085/index.php" "Mozilla/5.0 (Windows NT 6.1; WOW64) AppleWebKit/537.36 (KHTML, like Gecko) Chrome/81.0.4044.113 Safari/537.36"
83.198.2.131 - - [22/Apr/2020:14:44:34 +0000] "GET / HTTP/1.1" 200 676 "-" "Mozilla/5.0 (X11; Ubuntu; Linux x86_64; rv:75.0) Gecko/20100101 Firefox/75.0"
83.198.2.131 - - [22/Apr/2020:14:44:34 +0000] "GET /favicon.ico HTTP/1.1" 404 494 "-" "Mozilla/5.0 (X11; Ubuntu; Linux x86_64; rv:75.0) Gecko/20100101 Firefox/75.0"
83.198.2.131 - - [22/Apr/2020:14:44:36 +0000] "GET / HTTP/1.1" 200 618 "-" "Mozilla/5.0 (X11; Ubuntu; Linux x86_64; rv:75.0) Gecko/20100101 Firefox/75.0"
83.198.2.131 - - [22/Apr/2020:14:44:47 +0000] "POST /index.php HTTP/1.1" 200 485 "http://54.38.232.200:30085/" "Mozilla/5.0 (X11; Ubuntu; Linux x86_64; rv:75.0) Gecko/20100101 Firefox/75.0"
90.127.241.123 - - [22/Apr/2020:14:44:59 +0000] "POST /index.php HTTP/1.1" 200 627 "http://54.38.232.200:30085/index.php" "Mozilla/5.0 (Windows NT 6.1; WOW64) AppleWebKit/537.36 (KHTML, like Gecko) Chrome/81.0.4044.113 Safari/537.36"
83.198.2.131 - - [22/Apr/2020:14:45:52 +0000] "POST /index.php HTTP/1.1" 200 627 "http://54.38.232.200:30085/" "Mozilla/5.0 (X11; Ubuntu; Linux x86_64; rv:75.0) Gecko/20100101 Firefox/75.0"
83.198.2.131 - - [22/Apr/2020:14:46:05 +0000] "POST /index.php HTTP/1.1" 200 627 "http://54.38.232.200:30085/" "Mozilla/5.0 (X11; Ubuntu; Linux x86_64; rv:75.0) Gecko/20100101 Firefox/75.0"
83.198.2.131 - - [22/Apr/2020:14:46:15 +0000] "POST /index.php HTTP/1.1" 200 485 "http://54.38.232.200:30085/index.php" "Mozilla/5.0 (X11; Ubuntu; Linux x86_64; rv:75.0) Gecko/20100101 Firefox/75.0"
83.198.2.131 - - [22/Apr/2020:14:46:36 +0000] "POST /index.php HTTP/1.1" 200 627 "http://54.38.232.200:30085/index.php" "Mozilla/5.0 (X11; Ubuntu; Linux x86_64; rv:75.0) Gecko/20100101 Firefox/75.0"
83.198.2.131 - - [22/Apr/2020:14:46:38 +0000] "POST /index.php HTTP/1.1" 200 626 "http://54.38.232.200:30085/index.php" "Mozilla/5.0 (X11; Ubuntu; Linux x86_64; rv:75.0) Gecko/20100101 Firefox/75.0"
83.198.2.131 - - [22/Apr/2020:14:46:40 +0000] "POST /index.php HTTP/1.1" 200 626 "http://54.38.232.200:30085/index.php" "Mozilla/5.0 (X11; Ubuntu; Linux x86_64; rv:75.0) Gecko/20100101 Firefox/75.0"
83.198.2.131 - - [22/Apr/2020:14:46:41 +0000] "POST /index.php HTTP/1.1" 200 626 "http://54.38.232.200:30085/index.php" "Mozilla/5.0 (X11; Ubuntu; Linux x86_64; rv:75.0) Gecko/20100101 Firefox/75.0"
83.198.2.131 - - [22/Apr/2020:14:46:42 +0000] "POST /index.php HTTP/1.1" 200 626 "http://54.38.232.200:30085/index.php" "Mozilla/5.0 (X11; Ubuntu; Linux x86_64; rv:75.0) Gecko/20100101 Firefox/75.0"
83.198.2.131 - - [22/Apr/2020:14:46:43 +0000] "POST /index.php HTTP/1.1" 200 626 "http://54.38.232.200:30085/index.php" "Mozilla/5.0 (X11; Ubuntu; Linux x86_64; rv:75.0) Gecko/20100101 Firefox/75.0"
83.198.2.131 - - [22/Apr/2020:14:46:44 +0000] "POST /index.php HTTP/1.1" 200 626 "http://54.38.232.200:30085/index.php" "Mozilla/5.0 (X11; Ubuntu; Linux x86_64; rv:75.0) Gecko/20100101 Firefox/75.0"
83.198.2.131 - - [22/Apr/2020:14:46:45 +0000] "POST /index.php HTTP/1.1" 200 626 "http://54.38.232.200:30085/index.php" "Mozilla/5.0 (X11; Ubuntu; Linux x86_64; rv:75.0) Gecko/20100101 Firefox/75.0"
83.198.2.131 - - [22/Apr/2020:14:46:46 +0000] "POST /index.php HTTP/1.1" 200 626 "http://54.38.232.200:30085/index.php" "Mozilla/5.0 (X11; Ubuntu; Linux x86_64; rv:75.0) Gecko/20100101 Firefox/75.0"
83.198.2.131 - - [22/Apr/2020:14:46:48 +0000] "POST /index.php HTTP/1.1" 200 626 "http://54.38.232.200:30085/index.php" "Mozilla/5.0 (X11; Ubuntu; Linux x86_64; rv:75.0) Gecko/20100101 Firefox/75.0"
83.198.2.131 - - [22/Apr/2020:14:46:51 +0000] "POST /index.php HTTP/1.1" 200 626 "http://54.38.232.200:30085/index.php" "Mozilla/5.0 (X11; Ubuntu; Linux x86_64; rv:75.0) Gecko/20100101 Firefox/75.0"
86.201.128.197 - - [22/Apr/2020:14:46:56 +0000] "GET / HTTP/1.1" 200 618 "-" "Mozilla/5.0 (Windows NT 10.0; Win64; x64; rv:75.0) Gecko/20100101 Firefox/75.0"
86.201.128.197 - - [22/Apr/2020:14:46:57 +0000] "GET /favicon.ico HTTP/1.1" 404 494 "-" "Mozilla/5.0 (Windows NT 10.0; Win64; x64; rv:75.0) Gecko/20100101 Firefox/75.0"
88.124.221.38 - - [22/Apr/2020:14:47:51 +0000] "GET /index.php HTTP/1.1" 200 676 "-" "python-requests/2.23.0"
88.124.221.38 - - [22/Apr/2020:14:47:51 +0000] "POST /index.php HTTP/1.1" 200 685 "-" "python-requests/2.23.0"
88.124.221.38 - - [22/Apr/2020:14:48:14 +0000] "GET /index.php HTTP/1.1" 200 676 "-" "python-requests/2.23.0"
88.124.221.38 - - [22/Apr/2020:14:48:14 +0000] "POST /index.php HTTP/1.1" 200 685 "-" "python-requests/2.23.0"
86.201.128.197 - - [22/Apr/2020:14:48:25 +0000] "GET / HTTP/1.1" 200 618 "-" "Mozilla/5.0 (Windows NT 10.0; Win64; x64; rv:75.0) Gecko/20100101 Firefox/75.0"
88.124.221.38 - - [22/Apr/2020:14:48:35 +0000] "GET /index.php HTTP/1.1" 200 676 "-" "python-requests/2.23.0"
88.124.221.38 - - [22/Apr/2020:14:48:35 +0000] "POST /index.php HTTP/1.1" 200 685 "-" "python-requests/2.23.0"
88.124.221.38 - - [22/Apr/2020:14:48:57 +0000] "GET /index.php HTTP/1.1" 200 676 "-" "python-requests/2.23.0"
88.124.221.38 - - [22/Apr/2020:14:48:58 +0000] "POST /index.php HTTP/1.1" 200 685 "-" "python-requests/2.23.0"
86.201.128.197 - - [22/Apr/2020:14:50:51 +0000] "GET / HTTP/1.1" 200 676 "-" "Mozilla/5.0 (Windows NT 10.0; Win64; x64; rv:75.0) Gecko/20100101 Firefox/75.0"
86.201.128.197 - - [22/Apr/2020:14:50:52 +0000] "GET /favicon.ico HTTP/1.1" 404 494 "-" "Mozilla/5.0 (Windows NT 10.0; Win64; x64; rv:75.0) Gecko/20100101 Firefox/75.0"
88.124.221.38 - - [22/Apr/2020:14:51:01 +0000] "POST /index.php HTTP/1.1" 200 676 "-" "python-requests/2.23.0"
88.124.221.38 - - [22/Apr/2020:14:51:26 +0000] "POST /index.php HTTP/1.1" 200 676 "-" "python-requests/2.23.0"
89.158.250.112 - - [22/Apr/2020:14:51:54 +0000] "GET /index.php HTTP/1.1" 200 618 "-" "Mozilla/5.0 (Macintosh; Intel Mac OS X 10.15; rv:77.0) Gecko/20100101 Firefox/77.0"
88.124.221.38 - - [22/Apr/2020:14:51:58 +0000] "POST /index.php HTTP/1.1" 200 676 "-" "python-requests/2.23.0"
88.124.221.38 - - [22/Apr/2020:14:51:58 +0000] "POST /index.php HTTP/1.1" 200 497 "-" "python-requests/2.23.0"
89.158.250.112 - - [22/Apr/2020:14:52:31 +0000] "GET /index.php HTTP/1.1" 200 618 "-" "Mozilla/5.0 (Macintosh; Intel Mac OS X 10.15; rv:77.0) Gecko/20100101 Firefox/77.0"
89.158.250.112 - - [22/Apr/2020:14:52:33 +0000] "GET /index.php HTTP/1.1" 200 618 "-" "Mozilla/5.0 (Macintosh; Intel Mac OS X 10.15; rv:77.0) Gecko/20100101 Firefox/77.0"
89.158.250.112 - - [22/Apr/2020:14:52:40 +0000] "GET /index.php HTTP/1.1" 200 618 "-" "Mozilla/5.0 (Macintosh; Intel Mac OS X 10.15; rv:77.0) Gecko/20100101 Firefox/77.0"
89.158.250.112 - - [22/Apr/2020:14:52:55 +0000] "GET /index.php HTTP/1.1" 200 618 "-" "Mozilla/5.0 (Macintosh; Intel Mac OS X 10.15; rv:77.0) Gecko/20100101 Firefox/77.0"
89.158.250.112 - - [22/Apr/2020:14:53:31 +0000] "GET /index.php HTTP/1.1" 200 618 "-" "Mozilla/5.0 (Macintosh; Intel Mac OS X 10.15; rv:77.0) Gecko/20100101 Firefox/77.0"
81.51.180.153 - - [22/Apr/2020:14:53:44 +0000] "GET /index.php HTTP/1.1" 200 618 "-" "Mozilla/5.0 (Macintosh; Intel Mac OS X 10_15_4) AppleWebKit/537.36 (KHTML, like Gecko) Chrome/81.0.4044.113 Safari/537.36"
81.51.180.153 - - [22/Apr/2020:14:53:54 +0000] "GET /index.php HTTP/1.1" 200 618 "-" "Mozilla/5.0 (Macintosh; Intel Mac OS X 10_15_4) AppleWebKit/537.36 (KHTML, like Gecko) Chrome/81.0.4044.113 Safari/537.36"
83.198.2.131 - - [22/Apr/2020:14:54:05 +0000] "POST /index.php HTTP/1.1" 200 627 "http://54.38.232.200:30085/index.php" "Mozilla/5.0 (X11; Ubuntu; Linux x86_64; rv:75.0) Gecko/20100101 Firefox/75.0"
89.158.250.112 - - [22/Apr/2020:14:54:27 +0000] "GET /index.php HTTP/1.1" 200 618 "-" "Mozilla/5.0 (Macintosh; Intel Mac OS X 10.15; rv:77.0) Gecko/20100101 Firefox/77.0"
89.158.250.112 - - [22/Apr/2020:14:54:41 +0000] "GET /index.php HTTP/1.1" 200 618 "-" "Mozilla/5.0 (Macintosh; Intel Mac OS X 10.15; rv:77.0) Gecko/20100101 Firefox/77.0"
109.31.16.141 - - [22/Apr/2020:14:55:32 +0000] "GET / HTTP/1.1" 200 618 "-" "Mozilla/5.0 (Windows NT 10.0; Win64; x64) AppleWebKit/537.36 (KHTML, like Gecko) Chrome/81.0.4044.113 Safari/537.36"
109.31.16.141 - - [22/Apr/2020:14:55:32 +0000] "GET / HTTP/1.1" 200 617 "-" "Mozilla/5.0 (Windows NT 10.0; Win64; x64) AppleWebKit/537.36 (KHTML, like Gecko) Chrome/81.0.4044.113 Safari/537.36"
89.158.250.112 - - [22/Apr/2020:14:55:52 +0000] "GET /index.php HTTP/1.1" 200 618 "-" "Mozilla/5.0 (Macintosh; Intel Mac OS X 10.15; rv:77.0) Gecko/20100101 Firefox/77.0"
90.127.22.58 - - [22/Apr/2020:14:56:06 +0000] "GET / HTTP/1.1" 200 618 "-" "Mozilla/5.0 (Windows NT 10.0; Win64; x64) AppleWebKit/537.36 (KHTML, like Gecko) Chrome/81.0.4044.113 Safari/537.36"
90.127.22.58 - - [22/Apr/2020:14:56:13 +0000] "POST /index.php HTTP/1.1" 200 627 "http://54.38.232.200:30085/" "Mozilla/5.0 (Windows NT 10.0; Win64; x64) AppleWebKit/537.36 (KHTML, like Gecko) Chrome/81.0.4044.113 Safari/537.36"
90.127.22.58 - - [22/Apr/2020:14:56:16 +0000] "POST /index.php HTTP/1.1" 200 626 "http://54.38.232.200:30085/" "Mozilla/5.0 (Windows NT 10.0; Win64; x64) AppleWebKit/537.36 (KHTML, like Gecko) Chrome/81.0.4044.113 Safari/537.36"
90.127.22.58 - - [22/Apr/2020:14:56:23 +0000] "GET / HTTP/1.1" 200 618 "-" "Mozilla/5.0 (Windows NT 10.0; Win64; x64) AppleWebKit/537.36 (KHTML, like Gecko) Chrome/81.0.4044.113 Safari/537.36"
109.31.16.141 - - [22/Apr/2020:14:56:59 +0000] "GET / HTTP/1.1" 200 618 "-" "Mozilla/5.0 (Windows NT 10.0; Win64; x64) AppleWebKit/537.36 (KHTML, like Gecko) Chrome/81.0.4044.113 Safari/537.36"
109.31.16.141 - - [22/Apr/2020:14:56:59 +0000] "GET / HTTP/1.1" 200 617 "-" "Mozilla/5.0 (Windows NT 10.0; Win64; x64) AppleWebKit/537.36 (KHTML, like Gecko) Chrome/81.0.4044.113 Safari/537.36"
89.158.250.112 - - [22/Apr/2020:15:04:02 +0000] "GET / HTTP/1.1" 200 618 "-" "Mozilla/5.0 (Macintosh; Intel Mac OS X 10.15; rv:77.0) Gecko/20100101 Firefox/77.0"
89.158.250.112 - - [22/Apr/2020:15:04:15 +0000] "GET / HTTP/1.1" 200 618 "-" "Mozilla/5.0 (Macintosh; Intel Mac OS X 10.15; rv:77.0) Gecko/20100101 Firefox/77.0"
89.158.250.112 - - [22/Apr/2020:15:04:18 +0000] "GET / HTTP/1.1" 200 617 "-" "Mozilla/5.0 (Macintosh; Intel Mac OS X 10.15; rv:77.0) Gecko/20100101 Firefox/77.0"
89.158.250.112 - - [22/Apr/2020:15:04:22 +0000] "GET / HTTP/1.1" 200 617 "-" "Mozilla/5.0 (Macintosh; Intel Mac OS X 10.15; rv:77.0) Gecko/20100101 Firefox/77.0"
90.127.22.58 - - [22/Apr/2020:15:07:42 +0000] "GET / HTTP/1.1" 200 618 "-" "Mozilla/5.0 (Windows NT 10.0; Win64; x64) AppleWebKit/537.36 (KHTML, like Gecko) Chrome/81.0.4044.113 Safari/537.36"
89.158.250.112 - - [22/Apr/2020:15:10:26 +0000] "GET / HTTP/1.1" 200 618 "-" "Mozilla/5.0 (Macintosh; Intel Mac OS X 10.15; rv:77.0) Gecko/20100101 Firefox/77.0"
86.210.204.197 - - [22/Apr/2020:21:13:22 +0000] "POST /index.php HTTP/1.1" 200 676 "-" "python-requests/2.23.0"
86.210.204.197 - - [22/Apr/2020:21:13:22 +0000] "POST /index.php HTTP/1.1" 200 497 "-" "python-requests/2.23.0"
86.210.204.197 - - [22/Apr/2020:21:13:26 +0000] "POST /index.php HTTP/1.1" 200 676 "-" "python-requests/2.23.0"
86.210.204.197 - - [22/Apr/2020:21:13:26 +0000] "POST /index.php HTTP/1.1" 200 497 "-" "python-requests/2.23.0"
176.156.15.135 - - [23/Apr/2020:08:43:56 +0000] "GET / HTTP/1.1" 200 618 "-" "Mozilla/5.0 (Windows NT 10.0; Win64; x64) AppleWebKit/537.36 (KHTML, like Gecko) Chrome/81.0.4044.113 Safari/537.36"
176.156.15.135 - - [23/Apr/2020:08:43:59 +0000] "GET /favicon.ico HTTP/1.1" 404 494 "http://54.38.232.200:30085/" "Mozilla/5.0 (Windows NT 10.0; Win64; x64) AppleWebKit/537.36 (KHTML, like Gecko) Chrome/81.0.4044.113 Safari/537.36"
91.171.36.168 - - [24/Apr/2020:12:08:23 +0000] "GET / HTTP/1.1" 200 676 "-" "Mozilla/5.0 (Windows NT 10.0; Win64; x64; rv:68.0) Gecko/20100101 Firefox/68.0"
91.171.36.168 - - [24/Apr/2020:12:08:23 +0000] "GET /robots.txt HTTP/1.1" 404 495 "-" "Mozilla/5.0 (Windows NT 10.0; Win64; x64; rv:68.0) Gecko/20100101 Firefox/68.0"
91.171.36.168 - - [24/Apr/2020:12:08:24 +0000] "GET /favicon.ico HTTP/1.1" 404 494 "-" "Mozilla/5.0 (Windows NT 10.0; Win64; x64; rv:68.0) Gecko/20100101 Firefox/68.0"
91.171.36.168 - - [24/Apr/2020:12:08:46 +0000] "GET /index.php HTTP/1.1" 200 618 "-" "Mozilla/5.0 (Windows NT 10.0; Win64; x64; rv:68.0) Gecko/20100101 Firefox/68.0"
89.3.206.249 - - [24/Apr/2020:12:09:03 +0000] "GET / HTTP/1.1" 200 676 "-" "Mozilla/5.0 (X11; Linux x86_64; rv:68.0) Gecko/20100101 Firefox/68.0"
89.3.206.249 - - [24/Apr/2020:12:09:03 +0000] "GET /favicon.ico HTTP/1.1" 404 494 "-" "Mozilla/5.0 (X11; Linux x86_64; rv:68.0) Gecko/20100101 Firefox/68.0"
83.198.2.131 - - [24/Apr/2020:12:09:03 +0000] "GET / HTTP/1.1" 200 676 "-" "Mozilla/5.0 (Windows NT 10.0; Win64; x64) AppleWebKit/537.36 (KHTML, like Gecko) Chrome/81.0.4044.122 Safari/537.36"
83.198.2.131 - - [24/Apr/2020:12:09:03 +0000] "GET /favicon.ico HTTP/1.1" 404 494 "http://54.38.232.200:30085/" "Mozilla/5.0 (Windows NT 10.0; Win64; x64) AppleWebKit/537.36 (KHTML, like Gecko) Chrome/81.0.4044.122 Safari/537.36"
83.198.2.131 - - [24/Apr/2020:12:09:21 +0000] "GET / HTTP/1.1" 200 618 "-" "Mozilla/5.0 (Windows NT 10.0; Win64; x64) AppleWebKit/537.36 (KHTML, like Gecko) Chrome/81.0.4044.122 Safari/537.36"
83.194.184.131 - - [24/Apr/2020:12:09:43 +0000] "GET / HTTP/1.1" 200 676 "-" "Mozilla/5.0 (Windows NT 10.0; Win64; x64) AppleWebKit/537.36 (KHTML, like Gecko) Chrome/81.0.4044.113 Safari/537.36"
83.194.184.131 - - [24/Apr/2020:12:09:43 +0000] "GET /favicon.ico HTTP/1.1" 404 494 "http://54.38.232.200:30085/" "Mozilla/5.0 (Windows NT 10.0; Win64; x64) AppleWebKit/537.36 (KHTML, like Gecko) Chrome/81.0.4044.113 Safari/537.36"
91.171.36.168 - - [24/Apr/2020:12:09:48 +0000] "POST /index.php HTTP/1.1" 200 627 "http://54.38.232.200:30085/" "Mozilla/5.0 (Windows NT 10.0; Win64; x64; rv:68.0) Gecko/20100101 Firefox/68.0"
83.194.184.131 - - [24/Apr/2020:12:09:49 +0000] "POST /index.php HTTP/1.1" 200 627 "http://54.38.232.200:30085/" "Mozilla/5.0 (Windows NT 10.0; Win64; x64) AppleWebKit/537.36 (KHTML, like Gecko) Chrome/81.0.4044.113 Safari/537.36"
91.171.36.168 - - [24/Apr/2020:12:10:10 +0000] "POST /index.php HTTP/1.1" 200 627 "http://54.38.232.200:30085/index.php" "Mozilla/5.0 (Windows NT 10.0; Win64; x64; rv:68.0) Gecko/20100101 Firefox/68.0"
88.121.237.130 - - [24/Apr/2020:12:10:19 +0000] "GET / HTTP/1.1" 200 676 "-" "Mozilla/5.0 (Windows NT 10.0; Win64; x64) AppleWebKit/537.36 (KHTML, like Gecko) Chrome/81.0.4044.122 Safari/537.36"
88.121.237.130 - - [24/Apr/2020:12:10:19 +0000] "GET /favicon.ico HTTP/1.1" 404 494 "http://54.38.232.200:30085/" "Mozilla/5.0 (Windows NT 10.0; Win64; x64) AppleWebKit/537.36 (KHTML, like Gecko) Chrome/81.0.4044.122 Safari/537.36"
88.121.237.130 - - [24/Apr/2020:12:10:23 +0000] "POST /index.php HTTP/1.1" 200 626 "http://54.38.232.200:30085/" "Mozilla/5.0 (Windows NT 10.0; Win64; x64) AppleWebKit/537.36 (KHTML, like Gecko) Chrome/81.0.4044.122 Safari/537.36"
83.194.184.131 - - [24/Apr/2020:12:10:25 +0000] "POST /index.php HTTP/1.1" 200 627 "http://54.38.232.200:30085/index.php" "Mozilla/5.0 (Windows NT 10.0; Win64; x64) AppleWebKit/537.36 (KHTML, like Gecko) Chrome/81.0.4044.113 Safari/537.36"
90.49.20.198 - - [24/Apr/2020:12:10:28 +0000] "GET / HTTP/1.1" 200 676 "-" "Mozilla/5.0 (Macintosh; Intel Mac OS X 10_15_4) AppleWebKit/537.36 (KHTML, like Gecko) Chrome/80.0.3987.163 Safari/537.36"
88.121.237.130 - - [24/Apr/2020:12:10:29 +0000] "POST /index.php HTTP/1.1" 200 627 "http://54.38.232.200:30085/index.php" "Mozilla/5.0 (Windows NT 10.0; Win64; x64) AppleWebKit/537.36 (KHTML, like Gecko) Chrome/81.0.4044.122 Safari/537.36"
90.49.20.198 - - [24/Apr/2020:12:10:29 +0000] "GET /favicon.ico HTTP/1.1" 404 494 "http://54.38.232.200:30085/" "Mozilla/5.0 (Macintosh; Intel Mac OS X 10_15_4) AppleWebKit/537.36 (KHTML, like Gecko) Chrome/80.0.3987.163 Safari/537.36"
91.171.36.168 - - [24/Apr/2020:12:10:29 +0000] "POST /index.php HTTP/1.1" 200 627 "http://54.38.232.200:30085/index.php" "Mozilla/5.0 (Windows NT 10.0; Win64; x64; rv:68.0) Gecko/20100101 Firefox/68.0"
90.49.20.198 - - [24/Apr/2020:12:10:35 +0000] "GET / HTTP/1.1" 200 618 "-" "Mozilla/5.0 (Macintosh; Intel Mac OS X 10_15_4) AppleWebKit/537.36 (KHTML, like Gecko) Chrome/80.0.3987.163 Safari/537.36"
91.171.36.168 - - [24/Apr/2020:12:10:44 +0000] "POST /index.php HTTP/1.1" 200 627 "-" "Mozilla/5.0 (Windows NT 10.0; Win64; x64; rv:68.0) Gecko/20100101 Firefox/68.0"
109.11.170.153 - - [24/Apr/2020:12:14:24 +0000] "GET / HTTP/1.1" 200 676 "-" "Mozilla/5.0 (Windows NT 10.0; Win64; x64) AppleWebKit/537.36 (KHTML, like Gecko) Chrome/81.0.4044.122 Safari/537.36"
109.11.170.153 - - [24/Apr/2020:12:14:24 +0000] "GET /favicon.ico HTTP/1.1" 404 494 "http://54.38.232.200:30085/" "Mozilla/5.0 (Windows NT 10.0; Win64; x64) AppleWebKit/537.36 (KHTML, like Gecko) Chrome/81.0.4044.122 Safari/537.36"
109.11.170.153 - - [24/Apr/2020:12:14:32 +0000] "POST /index.php HTTP/1.1" 200 627 "http://54.38.232.200:30085/" "Mozilla/5.0 (Windows NT 10.0; Win64; x64) AppleWebKit/537.36 (KHTML, like Gecko) Chrome/81.0.4044.122 Safari/537.36"
78.242.6.138 - - [24/Apr/2020:12:14:32 +0000] "GET / HTTP/1.1" 200 676 "-" "Mozilla/5.0 (Windows NT 6.1; Win64; x64) AppleWebKit/537.36 (KHTML, like Gecko) Chrome/81.0.4044.122 Safari/537.36"
78.242.6.138 - - [24/Apr/2020:12:14:34 +0000] "GET /favicon.ico HTTP/1.1" 404 494 "http://54.38.232.200:30085/" "Mozilla/5.0 (Windows NT 6.1; Win64; x64) AppleWebKit/537.36 (KHTML, like Gecko) Chrome/81.0.4044.122 Safari/537.36"
109.11.170.153 - - [24/Apr/2020:12:14:35 +0000] "POST /index.php HTTP/1.1" 200 626 "http://54.38.232.200:30085/index.php" "Mozilla/5.0 (Windows NT 10.0; Win64; x64) AppleWebKit/537.36 (KHTML, like Gecko) Chrome/81.0.4044.122 Safari/537.36"
109.11.170.153 - - [24/Apr/2020:12:14:37 +0000] "POST /index.php HTTP/1.1" 200 626 "http://54.38.232.200:30085/index.php" "Mozilla/5.0 (Windows NT 10.0; Win64; x64) AppleWebKit/537.36 (KHTML, like Gecko) Chrome/81.0.4044.122 Safari/537.36"
78.242.6.138 - - [24/Apr/2020:12:14:38 +0000] "POST /index.php HTTP/1.1" 200 626 "http://54.38.232.200:30085/" "Mozilla/5.0 (Windows NT 6.1; Win64; x64) AppleWebKit/537.36 (KHTML, like Gecko) Chrome/81.0.4044.122 Safari/537.36"
78.242.6.138 - - [24/Apr/2020:12:14:53 +0000] "GET / HTTP/1.1" 200 618 "-" "Mozilla/5.0 (Windows NT 6.1; Win64; x64) AppleWebKit/537.36 (KHTML, like Gecko) Chrome/81.0.4044.122 Safari/537.36"
130.185.187.42 - - [24/Apr/2020:12:15:58 +0000] "GET / HTTP/1.1" 200 676 "-" "Mozilla/5.0 (Windows NT 10.0; Win64; x64) AppleWebKit/537.36 (KHTML, like Gecko) Chrome/81.0.4044.122 Safari/537.36"
130.185.187.42 - - [24/Apr/2020:12:15:59 +0000] "GET /favicon.ico HTTP/1.1" 404 494 "http://54.38.232.200:30085/" "Mozilla/5.0 (Windows NT 10.0; Win64; x64) AppleWebKit/537.36 (KHTML, like Gecko) Chrome/81.0.4044.122 Safari/537.36"
130.185.187.42 - - [24/Apr/2020:12:16:09 +0000] "POST /index.php HTTP/1.1" 200 627 "http://54.38.232.200:30085/" "Mozilla/5.0 (Windows NT 10.0; Win64; x64) AppleWebKit/537.36 (KHTML, like Gecko) Chrome/81.0.4044.122 Safari/537.36"
130.185.187.42 - - [24/Apr/2020:12:16:13 +0000] "POST /index.php HTTP/1.1" 200 626 "http://54.38.232.200:30085/index.php" "Mozilla/5.0 (Windows NT 10.0; Win64; x64) AppleWebKit/537.36 (KHTML, like Gecko) Chrome/81.0.4044.122 Safari/537.36"
130.185.187.42 - - [24/Apr/2020:12:16:14 +0000] "POST /index.php HTTP/1.1" 200 626 "http://54.38.232.200:30085/index.php" "Mozilla/5.0 (Windows NT 10.0; Win64; x64) AppleWebKit/537.36 (KHTML, like Gecko) Chrome/81.0.4044.122 Safari/537.36"
130.185.187.42 - - [24/Apr/2020:12:16:21 +0000] "POST /index.php HTTP/1.1" 200 627 "http://54.38.232.200:30085/index.php" "Mozilla/5.0 (Windows NT 10.0; Win64; x64) AppleWebKit/537.36 (KHTML, like Gecko) Chrome/81.0.4044.122 Safari/537.36"
78.200.81.3 - - [24/Apr/2020:12:17:26 +0000] "GET / HTTP/1.1" 200 676 "-" "Mozilla/5.0 (Windows NT 10.0; Win64; x64) AppleWebKit/537.36 (KHTML, like Gecko) Chrome/81.0.4044.122 Safari/537.36 Edg/81.0.416.64"
78.200.81.3 - - [24/Apr/2020:12:17:26 +0000] "GET /favicon.ico HTTP/1.1" 404 494 "http://54.38.232.200:30085/" "Mozilla/5.0 (Windows NT 10.0; Win64; x64) AppleWebKit/537.36 (KHTML, like Gecko) Chrome/81.0.4044.122 Safari/537.36 Edg/81.0.416.64"
78.200.81.3 - - [24/Apr/2020:12:17:30 +0000] "POST /index.php HTTP/1.1" 200 626 "http://54.38.232.200:30085/" "Mozilla/5.0 (Windows NT 10.0; Win64; x64) AppleWebKit/537.36 (KHTML, like Gecko) Chrome/81.0.4044.122 Safari/537.36 Edg/81.0.416.64"
78.200.81.3 - - [24/Apr/2020:12:17:31 +0000] "POST /index.php HTTP/1.1" 200 626 "http://54.38.232.200:30085/index.php" "Mozilla/5.0 (Windows NT 10.0; Win64; x64) AppleWebKit/537.36 (KHTML, like Gecko) Chrome/81.0.4044.122 Safari/537.36 Edg/81.0.416.64"
78.200.81.3 - - [24/Apr/2020:12:18:02 +0000] "POST /index.php HTTP/1.1" 200 627 "http://54.38.232.200:30085/index.php" "Mozilla/5.0 (Windows NT 10.0; Win64; x64) AppleWebKit/537.36 (KHTML, like Gecko) Chrome/81.0.4044.122 Safari/537.36 Edg/81.0.416.64"
78.200.81.3 - - [24/Apr/2020:12:18:07 +0000] "GET /index.php HTTP/1.1" 200 617 "-" "Mozilla/5.0 (Windows NT 10.0; Win64; x64) AppleWebKit/537.36 (KHTML, like Gecko) Chrome/81.0.4044.122 Safari/537.36 Edg/81.0.416.64"
91.171.36.168 - - [24/Apr/2020:12:18:34 +0000] "GET / HTTP/1.1" 200 618 "-" "Mozilla/5.0 (Windows NT 10.0; Win64; x64; rv:68.0) Gecko/20100101 Firefox/68.0"
78.200.81.3 - - [24/Apr/2020:12:18:36 +0000] "POST /index.php HTTP/1.1" 200 627 "http://54.38.232.200:30085/index.php" "Mozilla/5.0 (Windows NT 10.0; Win64; x64) AppleWebKit/537.36 (KHTML, like Gecko) Chrome/81.0.4044.122 Safari/537.36 Edg/81.0.416.64"
91.171.36.168 - - [24/Apr/2020:12:18:47 +0000] "GET / HTTP/1.1" 200 618 "-" "Mozilla/5.0 (Windows NT 10.0; Win64; x64; rv:68.0) Gecko/20100101 Firefox/68.0"
90.49.20.198 - - [24/Apr/2020:12:19:07 +0000] "GET / HTTP/1.1" 200 618 "-" "Mozilla/5.0 (Macintosh; Intel Mac OS X 10_15_4) AppleWebKit/537.36 (KHTML, like Gecko) Chrome/80.0.3987.163 Safari/537.36"
90.49.20.198 - - [24/Apr/2020:12:19:11 +0000] "GET / HTTP/1.1" 200 617 "-" "Mozilla/5.0 (Macintosh; Intel Mac OS X 10_15_4) AppleWebKit/537.36 (KHTML, like Gecko) Chrome/80.0.3987.163 Safari/537.36"
91.171.36.168 - - [24/Apr/2020:12:19:25 +0000] "GET / HTTP/1.1" 200 618 "-" "Mozilla/5.0 (Windows NT 10.0; Win64; x64; rv:68.0) Gecko/20100101 Firefox/68.0"
92.170.137.213 - - [24/Apr/2020:12:22:24 +0000] "GET / HTTP/1.1" 200 618 "-" "Mozilla/5.0 (X11; Fedora; Linux x86_64; rv:74.0) Gecko/20100101 Firefox/74.0"
92.170.137.213 - - [24/Apr/2020:12:22:24 +0000] "GET /favicon.ico HTTP/1.1" 404 494 "-" "Mozilla/5.0 (X11; Fedora; Linux x86_64; rv:74.0) Gecko/20100101 Firefox/74.0"
90.90.29.210 - - [24/Apr/2020:12:22:40 +0000] "GET / HTTP/1.1" 200 676 "-" "Mozilla/5.0 (Windows NT 10.0; Win64; x64) AppleWebKit/537.36 (KHTML, like Gecko) Chrome/81.0.4044.122 Safari/537.36"
90.90.29.210 - - [24/Apr/2020:12:22:41 +0000] "GET /favicon.ico HTTP/1.1" 404 494 "http://54.38.232.200:30085/" "Mozilla/5.0 (Windows NT 10.0; Win64; x64) AppleWebKit/537.36 (KHTML, like Gecko) Chrome/81.0.4044.122 Safari/537.36"
90.90.29.210 - - [24/Apr/2020:12:22:59 +0000] "POST /index.php HTTP/1.1" 200 627 "http://54.38.232.200:30085/" "Mozilla/5.0 (Windows NT 10.0; Win64; x64) AppleWebKit/537.36 (KHTML, like Gecko) Chrome/81.0.4044.122 Safari/537.36"
90.90.29.210 - - [24/Apr/2020:12:23:01 +0000] "POST /index.php HTTP/1.1" 200 626 "http://54.38.232.200:30085/index.php" "Mozilla/5.0 (Windows NT 10.0; Win64; x64) AppleWebKit/537.36 (KHTML, like Gecko) Chrome/81.0.4044.122 Safari/537.36"
90.90.29.210 - - [24/Apr/2020:12:23:06 +0000] "POST /index.php HTTP/1.1" 200 626 "http://54.38.232.200:30085/index.php" "Mozilla/5.0 (Windows NT 10.0; Win64; x64) AppleWebKit/537.36 (KHTML, like Gecko) Chrome/81.0.4044.122 Safari/537.36"
90.90.29.210 - - [24/Apr/2020:12:23:08 +0000] "POST /index.php HTTP/1.1" 200 627 "http://54.38.232.200:30085/index.php" "Mozilla/5.0 (Windows NT 10.0; Win64; x64) AppleWebKit/537.36 (KHTML, like Gecko) Chrome/81.0.4044.122 Safari/537.36"
91.171.36.168 - - [24/Apr/2020:12:23:49 +0000] "POST /index.php HTTP/1.1" 200 627 "http://54.38.232.200:30085/" "Mozilla/5.0 (Windows NT 10.0; Win64; x64; rv:68.0) Gecko/20100101 Firefox/68.0"
90.90.29.210 - - [24/Apr/2020:12:24:05 +0000] "POST /index.php HTTP/1.1" 200 627 "http://54.38.232.200:30085/index.php" "Mozilla/5.0 (Windows NT 10.0; Win64; x64) AppleWebKit/537.36 (KHTML, like Gecko) Chrome/81.0.4044.122 Safari/537.36"
90.90.29.210 - - [24/Apr/2020:12:24:07 +0000] "POST /index.php HTTP/1.1" 200 626 "http://54.38.232.200:30085/index.php" "Mozilla/5.0 (Windows NT 10.0; Win64; x64) AppleWebKit/537.36 (KHTML, like Gecko) Chrome/81.0.4044.122 Safari/537.36"
90.90.29.210 - - [24/Apr/2020:12:24:07 +0000] "POST /index.php HTTP/1.1" 200 627 "http://54.38.232.200:30085/index.php" "Mozilla/5.0 (Windows NT 10.0; Win64; x64) AppleWebKit/537.36 (KHTML, like Gecko) Chrome/81.0.4044.122 Safari/537.36"
90.90.29.210 - - [24/Apr/2020:12:24:07 +0000] "POST /index.php HTTP/1.1" 200 626 "http://54.38.232.200:30085/index.php" "Mozilla/5.0 (Windows NT 10.0; Win64; x64) AppleWebKit/537.36 (KHTML, like Gecko) Chrome/81.0.4044.122 Safari/537.36"
90.90.29.210 - - [24/Apr/2020:12:24:08 +0000] "POST /index.php HTTP/1.1" 200 626 "http://54.38.232.200:30085/index.php" "Mozilla/5.0 (Windows NT 10.0; Win64; x64) AppleWebKit/537.36 (KHTML, like Gecko) Chrome/81.0.4044.122 Safari/537.36"
90.90.29.210 - - [24/Apr/2020:12:24:16 +0000] "POST /index.php HTTP/1.1" 200 627 "http://54.38.232.200:30085/index.php" "Mozilla/5.0 (Windows NT 10.0; Win64; x64) AppleWebKit/537.36 (KHTML, like Gecko) Chrome/81.0.4044.122 Safari/537.36"
90.90.29.210 - - [24/Apr/2020:12:24:23 +0000] "POST /index.php HTTP/1.1" 200 627 "http://54.38.232.200:30085/index.php" "Mozilla/5.0 (Windows NT 10.0; Win64; x64) AppleWebKit/537.36 (KHTML, like Gecko) Chrome/81.0.4044.122 Safari/537.36"
90.90.29.210 - - [24/Apr/2020:12:24:31 +0000] "POST /index.php HTTP/1.1" 200 627 "http://54.38.232.200:30085/index.php" "Mozilla/5.0 (Windows NT 10.0; Win64; x64) AppleWebKit/537.36 (KHTML, like Gecko) Chrome/81.0.4044.122 Safari/537.36"
90.90.29.210 - - [24/Apr/2020:12:24:34 +0000] "POST /index.php HTTP/1.1" 200 626 "http://54.38.232.200:30085/index.php" "Mozilla/5.0 (Windows NT 10.0; Win64; x64) AppleWebKit/537.36 (KHTML, like Gecko) Chrome/81.0.4044.122 Safari/537.36"
90.90.29.210 - - [24/Apr/2020:12:24:42 +0000] "POST /index.php HTTP/1.1" 200 627 "http://54.38.232.200:30085/index.php" "Mozilla/5.0 (Windows NT 10.0; Win64; x64) AppleWebKit/537.36 (KHTML, like Gecko) Chrome/81.0.4044.122 Safari/537.36"
92.170.137.213 - - [24/Apr/2020:12:25:57 +0000] "GET / HTTP/1.1" 200 618 "-" "Mozilla/5.0 (X11; Fedora; Linux x86_64; rv:74.0) Gecko/20100101 Firefox/74.0"
92.170.137.213 - - [24/Apr/2020:12:28:28 +0000] "GET / HTTP/1.1" 200 676 "-" "Mozilla/5.0 (X11; Fedora; Linux x86_64; rv:74.0) Gecko/20100101 Firefox/74.0"
92.170.137.213 - - [24/Apr/2020:12:28:28 +0000] "GET /favicon.ico HTTP/1.1" 404 494 "-" "Mozilla/5.0 (X11; Fedora; Linux x86_64; rv:74.0) Gecko/20100101 Firefox/74.0"
92.170.137.213 - - [24/Apr/2020:12:28:44 +0000] "GET / HTTP/1.1" 200 618 "-" "Mozilla/5.0 (X11; Fedora; Linux x86_64; rv:74.0) Gecko/20100101 Firefox/74.0"
92.170.137.213 - - [24/Apr/2020:12:29:22 +0000] "GET / HTTP/1.1" 200 618 "-" "Mozilla/5.0 (X11; Fedora; Linux x86_64; rv:74.0) Gecko/20100101 Firefox/74.0"
90.90.29.210 - - [24/Apr/2020:12:30:12 +0000] "POST /index.php HTTP/1.1" 200 627 "http://54.38.232.200:30085/index.php" "Mozilla/5.0 (Windows NT 10.0; Win64; x64) AppleWebKit/537.36 (KHTML, like Gecko) Chrome/81.0.4044.122 Safari/537.36"
90.90.29.210 - - [24/Apr/2020:12:32:41 +0000] "GET /index.php HTTP/1.1" 200 676 "-" "Mozilla/5.0 (X11; Linux x86_64; rv:60.0) Gecko/20100101 Firefox/60.0"
90.90.29.210 - - [24/Apr/2020:12:32:41 +0000] "GET /favicon.ico HTTP/1.1" 404 494 "-" "Mozilla/5.0 (X11; Linux x86_64; rv:60.0) Gecko/20100101 Firefox/60.0"
90.90.29.210 - - [24/Apr/2020:12:32:47 +0000] "POST /index.php HTTP/1.1" 200 627 "http://54.38.232.200:30085/index.php" "Mozilla/5.0 (X11; Linux x86_64; rv:60.0) Gecko/20100101 Firefox/60.0"
90.90.29.210 - - [24/Apr/2020:12:32:48 +0000] "POST /index.php HTTP/1.1" 200 626 "http://54.38.232.200:30085/index.php" "Mozilla/5.0 (X11; Linux x86_64; rv:60.0) Gecko/20100101 Firefox/60.0"
176.151.186.118 - - [24/Apr/2020:12:32:50 +0000] "GET / HTTP/1.1" 200 597 "-" "curl/7.69.1"
176.151.186.118 - - [24/Apr/2020:12:33:16 +0000] "GET /robots.txt HTTP/1.1" 404 495 "-" "Mozilla/5.0 (X11; Linux x86_64; rv:75.0) Gecko/20100101 Firefox/75.0"
176.151.186.118 - - [24/Apr/2020:12:33:16 +0000] "GET / HTTP/1.1" 200 676 "-" "Mozilla/5.0 (X11; Linux x86_64; rv:75.0) Gecko/20100101 Firefox/75.0"
176.151.186.118 - - [24/Apr/2020:12:33:17 +0000] "GET /favicon.ico HTTP/1.1" 404 494 "-" "Mozilla/5.0 (X11; Linux x86_64; rv:75.0) Gecko/20100101 Firefox/75.0"
176.151.186.118 - - [24/Apr/2020:12:33:35 +0000] "GET / HTTP/1.1" 200 618 "-" "Mozilla/5.0 (X11; Linux x86_64; rv:75.0) Gecko/20100101 Firefox/75.0"
176.151.186.118 - - [24/Apr/2020:12:33:36 +0000] "GET /favicon.ico HTTP/1.1" 404 494 "-" "Mozilla/5.0 (X11; Linux x86_64; rv:75.0) Gecko/20100101 Firefox/75.0"
176.151.186.118 - - [24/Apr/2020:12:34:00 +0000] "GET / HTTP/1.1" 200 618 "-" "Mozilla/5.0 (X11; Linux x86_64; rv:75.0) Gecko/20100101 Firefox/75.0"
90.90.29.210 - - [24/Apr/2020:12:34:23 +0000] "POST /index.php HTTP/1.1" 200 627 "http://54.38.232.200:30085/index.php" "Mozilla/5.0 (Windows NT 10.0; Win64; x64) AppleWebKit/537.36 (KHTML, like Gecko) Chrome/81.0.4044.122 Safari/537.36"
90.90.29.210 - - [24/Apr/2020:12:36:01 +0000] "POST /index.php HTTP/1.1" 200 627 "http://54.38.232.200:30085/index.php" "Mozilla/5.0 (Windows NT 10.0; Win64; x64) AppleWebKit/537.36 (KHTML, like Gecko) Chrome/81.0.4044.122 Safari/537.36"
90.37.14.51 - - [24/Apr/2020:12:40:00 +0000] "GET / HTTP/1.1" 200 676 "-" "Mozilla/5.0 (Windows NT 10.0; Win64; x64) AppleWebKit/537.36 (KHTML, like Gecko) Chrome/81.0.4044.122 Safari/537.36"
90.37.14.51 - - [24/Apr/2020:12:40:00 +0000] "GET /favicon.ico HTTP/1.1" 404 494 "http://54.38.232.200:30085/" "Mozilla/5.0 (Windows NT 10.0; Win64; x64) AppleWebKit/537.36 (KHTML, like Gecko) Chrome/81.0.4044.122 Safari/537.36"
90.37.14.51 - - [24/Apr/2020:12:40:11 +0000] "POST /index.php HTTP/1.1" 200 627 "http://54.38.232.200:30085/" "Mozilla/5.0 (Windows NT 10.0; Win64; x64) AppleWebKit/537.36 (KHTML, like Gecko) Chrome/81.0.4044.122 Safari/537.36"
90.37.14.51 - - [24/Apr/2020:12:40:12 +0000] "POST /index.php HTTP/1.1" 200 626 "http://54.38.232.200:30085/index.php" "Mozilla/5.0 (Windows NT 10.0; Win64; x64) AppleWebKit/537.36 (KHTML, like Gecko) Chrome/81.0.4044.122 Safari/537.36"
90.37.14.51 - - [24/Apr/2020:12:40:23 +0000] "POST /index.php HTTP/1.1" 200 627 "http://54.38.232.200:30085/index.php" "Mozilla/5.0 (Windows NT 10.0; Win64; x64) AppleWebKit/537.36 (KHTML, like Gecko) Chrome/81.0.4044.122 Safari/537.36"
83.194.184.131 - - [24/Apr/2020:12:42:54 +0000] "GET / HTTP/1.1" 200 618 "-" "Mozilla/5.0 (Windows NT 10.0; Win64; x64) AppleWebKit/537.36 (KHTML, like Gecko) Chrome/81.0.4044.113 Safari/537.36"
89.3.206.249 - - [24/Apr/2020:12:43:39 +0000] "GET / HTTP/1.1" 200 618 "-" "Mozilla/5.0 (X11; Linux x86_64; rv:68.0) Gecko/20100101 Firefox/68.0"
89.3.206.249 - - [24/Apr/2020:12:43:39 +0000] "GET /favicon.ico HTTP/1.1" 404 495 "-" "Mozilla/5.0 (X11; Linux x86_64; rv:68.0) Gecko/20100101 Firefox/68.0"
90.90.29.210 - - [24/Apr/2020:12:45:01 +0000] "POST /index.php HTTP/1.1" 200 627 "http://54.38.232.200:30085/index.php" "Mozilla/5.0 (Windows NT 10.0; Win64; x64) AppleWebKit/537.36 (KHTML, like Gecko) Chrome/81.0.4044.122 Safari/537.36"
90.90.29.210 - - [24/Apr/2020:12:45:06 +0000] "POST /index.php HTTP/1.1" 200 627 "http://54.38.232.200:30085/index.php" "Mozilla/5.0 (Windows NT 10.0; Win64; x64) AppleWebKit/537.36 (KHTML, like Gecko) Chrome/81.0.4044.122 Safari/537.36"
91.160.88.2 - - [24/Apr/2020:12:48:38 +0000] "GET / HTTP/1.1" 200 676 "-" "Mozilla/5.0 (Windows NT 10.0; Win64; x64) AppleWebKit/537.36 (KHTML, like Gecko) Chrome/81.0.4044.122 Safari/537.36"
91.160.88.2 - - [24/Apr/2020:12:48:38 +0000] "GET /favicon.ico HTTP/1.1" 404 494 "http://54.38.232.200:30085/" "Mozilla/5.0 (Windows NT 10.0; Win64; x64) AppleWebKit/537.36 (KHTML, like Gecko) Chrome/81.0.4044.122 Safari/537.36"
91.160.88.2 - - [24/Apr/2020:12:49:11 +0000] "GET / HTTP/1.1" 200 618 "-" "Mozilla/5.0 (Windows NT 10.0; Win64; x64) AppleWebKit/537.36 (KHTML, like Gecko) Chrome/81.0.4044.122 Safari/537.36"
90.90.29.210 - - [24/Apr/2020:12:51:15 +0000] "POST /index.php HTTP/1.1" 200 590 "http://54.38.232.200:30085/index.php" "Mozilla/5.0 (Windows NT 10.0; Win64; x64) AppleWebKit/537.36 (KHTML, like Gecko) Chrome/81.0.4044.122 Safari/537.36"
90.90.29.210 - - [24/Apr/2020:12:51:30 +0000] "POST /index.php HTTP/1.1" 200 590 "http://54.38.232.200:30085/index.php" "Mozilla/5.0 (Windows NT 10.0; Win64; x64) AppleWebKit/537.36 (KHTML, like Gecko) Chrome/81.0.4044.122 Safari/537.36"
90.90.29.210 - - [24/Apr/2020:12:51:53 +0000] "POST /index.php HTTP/1.1" 200 590 "http://54.38.232.200:30085/index.php" "Mozilla/5.0 (Windows NT 10.0; Win64; x64) AppleWebKit/537.36 (KHTML, like Gecko) Chrome/81.0.4044.122 Safari/537.36"
176.151.186.118 - - [24/Apr/2020:12:53:23 +0000] "GET / HTTP/1.1" 200 618 "-" "Mozilla/5.0 (X11; Linux x86_64; rv:75.0) Gecko/20100101 Firefox/75.0"
176.151.186.118 - - [24/Apr/2020:12:53:24 +0000] "GET /favicon.ico HTTP/1.1" 404 494 "-" "Mozilla/5.0 (X11; Linux x86_64; rv:75.0) Gecko/20100101 Firefox/75.0"
176.151.186.118 - - [24/Apr/2020:12:53:34 +0000] "GET / HTTP/1.1" 200 618 "-" "Mozilla/5.0 (X11; Linux x86_64; rv:75.0) Gecko/20100101 Firefox/75.0"
90.90.29.210 - - [24/Apr/2020:12:53:40 +0000] "POST /index.php HTTP/1.1" 200 590 "http://54.38.232.200:30085/index.php" "Mozilla/5.0 (Windows NT 10.0; Win64; x64) AppleWebKit/537.36 (KHTML, like Gecko) Chrome/81.0.4044.122 Safari/537.36"
90.90.29.210 - - [24/Apr/2020:12:54:10 +0000] "POST /index.php HTTP/1.1" 200 590 "http://54.38.232.200:30085/index.php" "Mozilla/5.0 (Windows NT 10.0; Win64; x64) AppleWebKit/537.36 (KHTML, like Gecko) Chrome/81.0.4044.122 Safari/537.36"
176.151.186.118 - - [24/Apr/2020:12:54:21 +0000] "GET / HTTP/1.1" 200 618 "-" "Mozilla/5.0 (X11; Linux x86_64; rv:75.0) Gecko/20100101 Firefox/75.0"
90.90.29.210 - - [24/Apr/2020:12:54:39 +0000] "POST /index.php HTTP/1.1" 200 590 "http://54.38.232.200:30085/index.php" "Mozilla/5.0 (Windows NT 10.0; Win64; x64) AppleWebKit/537.36 (KHTML, like Gecko) Chrome/81.0.4044.122 Safari/537.36"
176.151.186.118 - - [24/Apr/2020:12:56:09 +0000] "GET / HTTP/1.1" 200 618 "-" "Mozilla/5.0 (X11; Linux x86_64; rv:75.0) Gecko/20100101 Firefox/75.0"
90.90.29.210 - - [24/Apr/2020:12:56:24 +0000] "POST /index.php HTTP/1.1" 200 627 "http://54.38.232.200:30085/index.php" "Mozilla/5.0 (Windows NT 10.0; Win64; x64) AppleWebKit/537.36 (KHTML, like Gecko) Chrome/81.0.4044.122 Safari/537.36"
90.90.29.210 - - [24/Apr/2020:12:56:24 +0000] "POST /index.php HTTP/1.1" 200 626 "http://54.38.232.200:30085/index.php" "Mozilla/5.0 (Windows NT 10.0; Win64; x64) AppleWebKit/537.36 (KHTML, like Gecko) Chrome/81.0.4044.122 Safari/537.36"
90.90.29.210 - - [24/Apr/2020:12:56:40 +0000] "POST /index.php HTTP/1.1" 200 627 "http://54.38.232.200:30085/index.php" "Mozilla/5.0 (Windows NT 10.0; Win64; x64) AppleWebKit/537.36 (KHTML, like Gecko) Chrome/81.0.4044.122 Safari/537.36"
90.90.29.210 - - [24/Apr/2020:12:57:35 +0000] "POST /index.php HTTP/1.1" 200 627 "http://54.38.232.200:30085/index.php" "Mozilla/5.0 (Windows NT 10.0; Win64; x64) AppleWebKit/537.36 (KHTML, like Gecko) Chrome/81.0.4044.122 Safari/537.36"
176.151.186.118 - - [24/Apr/2020:12:58:51 +0000] "GET / HTTP/1.1" 200 676 "-" "Mozilla/5.0 (X11; Linux x86_64) AppleWebKit/537.36 (KHTML, like Gecko) Chrome/81.0.4044.92 Safari/537.36"
176.151.186.118 - - [24/Apr/2020:12:58:52 +0000] "GET /favicon.ico HTTP/1.1" 404 494 "http://54.38.232.200:30085/" "Mozilla/5.0 (X11; Linux x86_64) AppleWebKit/537.36 (KHTML, like Gecko) Chrome/81.0.4044.92 Safari/537.36"
90.90.29.210 - - [24/Apr/2020:12:58:59 +0000] "GET /index.php HTTP/1.1" 200 676 "-" "Mozilla/5.0 (Windows NT 10.0; Win64; x64) AppleWebKit/537.36 (KHTML, like Gecko) Chrome/70.0.3538.102 Safari/537.36 Edge/18.18363"
176.151.186.118 - - [24/Apr/2020:12:59:12 +0000] "GET / HTTP/1.1" 200 618 "-" "Mozilla/5.0 (X11; Linux x86_64) AppleWebKit/537.36 (KHTML, like Gecko) Chrome/81.0.4044.92 Safari/537.36"
176.151.186.118 - - [24/Apr/2020:12:59:19 +0000] "GET / HTTP/1.1" 200 618 "-" "Mozilla/5.0 (X11; Linux x86_64) AppleWebKit/537.36 (KHTML, like Gecko) Chrome/81.0.4044.92 Safari/537.36"
90.90.29.210 - - [24/Apr/2020:13:00:07 +0000] "GET /index.php HTTP/1.1" 200 618 "-" "Mozilla/5.0 (Windows NT 10.0; Win64; x64) AppleWebKit/537.36 (KHTML, like Gecko) Chrome/70.0.3538.102 Safari/537.36 Edge/18.18363"
90.90.29.210 - - [24/Apr/2020:13:00:07 +0000] "GET /favicon.ico HTTP/1.1" 404 495 "-" "Mozilla/5.0 (Windows NT 10.0; Win64; x64) AppleWebKit/537.36 (KHTML, like Gecko) Chrome/70.0.3538.102 Safari/537.36 Edge/18.18363"
176.151.186.118 - - [24/Apr/2020:13:00:20 +0000] "GET / HTTP/1.1" 200 618 "-" "Mozilla/5.0 (X11; Linux x86_64) AppleWebKit/537.36 (KHTML, like Gecko) Chrome/81.0.4044.92 Safari/537.36"
90.90.29.210 - - [24/Apr/2020:13:00:33 +0000] "POST /index.php HTTP/1.1" 200 627 "http://54.38.232.200:30085/index.php" "Mozilla/5.0 (Windows NT 10.0; Win64; x64) AppleWebKit/537.36 (KHTML, like Gecko) Chrome/81.0.4044.122 Safari/537.36"
176.151.186.118 - - [24/Apr/2020:13:00:48 +0000] "GET / HTTP/1.1" 200 618 "-" "Mozilla/5.0 (X11; Linux x86_64) AppleWebKit/537.36 (KHTML, like Gecko) Chrome/81.0.4044.92 Safari/537.36"
176.151.186.118 - - [24/Apr/2020:13:01:01 +0000] "GET / HTTP/1.1" 200 618 "-" "Mozilla/5.0 (X11; Linux x86_64) AppleWebKit/537.36 (KHTML, like Gecko) Chrome/81.0.4044.92 Safari/537.36"
176.174.26.93 - - [24/Apr/2020:13:03:51 +0000] "GET / HTTP/1.1" 200 676 "-" "Mozilla/5.0 (Macintosh; Intel Mac OS X 10_15_4) AppleWebKit/537.36 (KHTML, like Gecko) Chrome/81.0.4044.122 Safari/537.36"
176.174.26.93 - - [24/Apr/2020:13:03:58 +0000] "GET /favicon.ico HTTP/1.1" 404 495 "http://54.38.232.200:30085/" "Mozilla/5.0 (Macintosh; Intel Mac OS X 10_15_4) AppleWebKit/537.36 (KHTML, like Gecko) Chrome/81.0.4044.122 Safari/537.36"
176.174.26.93 - - [24/Apr/2020:13:04:03 +0000] "POST /index.php HTTP/1.1" 200 627 "http://54.38.232.200:30085/" "Mozilla/5.0 (Macintosh; Intel Mac OS X 10_15_4) AppleWebKit/537.36 (KHTML, like Gecko) Chrome/81.0.4044.122 Safari/537.36"
176.174.26.93 - - [24/Apr/2020:13:04:17 +0000] "POST /index.php HTTP/1.1" 200 627 "http://54.38.232.200:30085/index.php" "Mozilla/5.0 (Macintosh; Intel Mac OS X 10_15_4) AppleWebKit/537.36 (KHTML, like Gecko) Chrome/81.0.4044.122 Safari/537.36"
176.174.26.93 - - [24/Apr/2020:13:04:19 +0000] "POST /index.php HTTP/1.1" 200 626 "http://54.38.232.200:30085/index.php" "Mozilla/5.0 (Macintosh; Intel Mac OS X 10_15_4) AppleWebKit/537.36 (KHTML, like Gecko) Chrome/81.0.4044.122 Safari/537.36"
176.174.26.93 - - [24/Apr/2020:13:04:22 +0000] "POST /index.php HTTP/1.1" 200 626 "http://54.38.232.200:30085/index.php" "Mozilla/5.0 (Macintosh; Intel Mac OS X 10_15_4) AppleWebKit/537.36 (KHTML, like Gecko) Chrome/81.0.4044.122 Safari/537.36"
176.174.26.93 - - [24/Apr/2020:13:05:28 +0000] "POST /index.php HTTP/1.1" 200 627 "http://54.38.232.200:30085/index.php" "Mozilla/5.0 (Macintosh; Intel Mac OS X 10_15_4) AppleWebKit/537.36 (KHTML, like Gecko) Chrome/81.0.4044.122 Safari/537.36"
176.174.26.93 - - [24/Apr/2020:13:05:33 +0000] "POST /index.php HTTP/1.1" 200 626 "http://54.38.232.200:30085/index.php" "Mozilla/5.0 (Macintosh; Intel Mac OS X 10_15_4) AppleWebKit/537.36 (KHTML, like Gecko) Chrome/81.0.4044.122 Safari/537.36"
176.151.186.118 - - [24/Apr/2020:13:06:32 +0000] "-" 408 0 "-" "-"
176.174.26.93 - - [24/Apr/2020:13:06:41 +0000] "POST /index.php HTTP/1.1" 200 627 "http://54.38.232.200:30085/index.php" "Mozilla/5.0 (Macintosh; Intel Mac OS X 10_15_4) AppleWebKit/537.36 (KHTML, like Gecko) Chrome/81.0.4044.122 Safari/537.36"
176.174.26.93 - - [24/Apr/2020:13:06:42 +0000] "POST /index.php HTTP/1.1" 200 626 "http://54.38.232.200:30085/index.php" "Mozilla/5.0 (Macintosh; Intel Mac OS X 10_15_4) AppleWebKit/537.36 (KHTML, like Gecko) Chrome/81.0.4044.122 Safari/537.36"
176.174.26.93 - - [24/Apr/2020:13:06:44 +0000] "POST /index.php HTTP/1.1" 200 626 "http://54.38.232.200:30085/index.php" "Mozilla/5.0 (Macintosh; Intel Mac OS X 10_15_4) AppleWebKit/537.36 (KHTML, like Gecko) Chrome/81.0.4044.122 Safari/537.36"
176.174.26.93 - - [24/Apr/2020:13:06:46 +0000] "POST /index.php HTTP/1.1" 200 626 "http://54.38.232.200:30085/index.php" "Mozilla/5.0 (Macintosh; Intel Mac OS X 10_15_4) AppleWebKit/537.36 (KHTML, like Gecko) Chrome/81.0.4044.122 Safari/537.36"
176.174.26.93 - - [24/Apr/2020:13:08:52 +0000] "POST /index.php HTTP/1.1" 200 627 "http://54.38.232.200:30085/index.php" "Mozilla/5.0 (Macintosh; Intel Mac OS X 10_15_4) AppleWebKit/537.36 (KHTML, like Gecko) Chrome/81.0.4044.122 Safari/537.36"
90.90.29.210 - - [24/Apr/2020:13:10:16 +0000] "GET /index.php HTTP/1.1" 200 676 "-" "Mozilla/5.0 (Windows NT 10.0; Win64; x64; rv:75.0) Gecko/20100101 Firefox/75.0"
90.90.29.210 - - [24/Apr/2020:13:10:16 +0000] "GET /favicon.ico HTTP/1.1" 404 495 "-" "Mozilla/5.0 (Windows NT 10.0; Win64; x64; rv:75.0) Gecko/20100101 Firefox/75.0"
90.90.29.210 - - [24/Apr/2020:13:10:25 +0000] "GET /index.php HTTP/1.1" 200 618 "-" "Mozilla/5.0 (Windows NT 10.0; Win64; x64; rv:75.0) Gecko/20100101 Firefox/75.0"
176.167.19.149 - - [24/Apr/2020:13:10:26 +0000] "GET / HTTP/1.1" 200 676 "-" "Mozilla/5.0 (Windows NT 10.0; Win64; x64) AppleWebKit/537.36 (KHTML, like Gecko) Chrome/81.0.4044.122 Safari/537.36"
176.167.19.149 - - [24/Apr/2020:13:10:26 +0000] "GET /favicon.ico HTTP/1.1" 404 494 "http://54.38.232.200:30085/" "Mozilla/5.0 (Windows NT 10.0; Win64; x64) AppleWebKit/537.36 (KHTML, like Gecko) Chrome/81.0.4044.122 Safari/537.36"
78.242.6.138 - - [24/Apr/2020:13:10:54 +0000] "GET / HTTP/1.1" 200 618 "-" "Mozilla/5.0 (Windows NT 6.1; Win64; x64) AppleWebKit/537.36 (KHTML, like Gecko) Chrome/81.0.4044.122 Safari/537.36"
90.90.29.210 - - [24/Apr/2020:13:10:57 +0000] "GET /index.php HTTP/1.1" 200 618 "-" "Mozilla/5.0 (Windows NT 10.0; Win64; x64; rv:75.0) Gecko/20100101 Firefox/75.0"
90.90.29.210 - - [24/Apr/2020:13:11:07 +0000] "GET /index.php HTTP/1.1" 200 618 "-" "Mozilla/5.0 (Windows NT 10.0; Win64; x64; rv:75.0) Gecko/20100101 Firefox/75.0"
90.90.29.210 - - [24/Apr/2020:13:11:25 +0000] "GET /index.php HTTP/1.1" 200 618 "-" "Mozilla/5.0 (Windows NT 10.0; Win64; x64; rv:75.0) Gecko/20100101 Firefox/75.0"
90.90.29.210 - - [24/Apr/2020:13:11:29 +0000] "GET /index.php HTTP/1.1" 200 617 "-" "Mozilla/5.0 (Windows NT 10.0; Win64; x64; rv:75.0) Gecko/20100101 Firefox/75.0"
