91.171.36.168 - - [10/Apr/2020:17:05:23 +0100] "GET /assets/img/portfolio/circus.png HTTP/1.1" 200 28271 "http://54.38.232.200:30080/" "Mozilla/5.0 (Windows NT 10.0; Win64; x64) AppleWebKit/537.36 (KHTML, like Gecko) Chrome/80.0.3987.163 Safari/537.36"
91.171.36.168 - - [10/Apr/2020:17:05:23 +0100] "GET /assets/img/portfolio/game.png HTTP/1.1" 200 26183 "http://54.38.232.200:30080/" "Mozilla/5.0 (Windows NT 10.0; Win64; x64) AppleWebKit/537.36 (KHTML, like Gecko) Chrome/80.0.3987.163 Safari/537.36"
91.171.36.168 - - [10/Apr/2020:17:05:23 +0100] "GET /assets/img/portfolio/safe.png HTTP/1.1" 200 19527 "http://54.38.232.200:30080/" "Mozilla/5.0 (Windows NT 10.0; Win64; x64) AppleWebKit/537.36 (KHTML, like Gecko) Chrome/80.0.3987.163 Safari/537.36"
91.171.36.168 - - [10/Apr/2020:17:05:23 +0100] "GET /assets/img/portfolio/submarine.png HTTP/1.1" 200 24618 "http://54.38.232.200:30080/" "Mozilla/5.0 (Windows NT 10.0; Win64; x64) AppleWebKit/537.36 (KHTML, like Gecko) Chrome/80.0.3987.163 Safari/537.36"
91.171.36.168 - - [10/Apr/2020:17:05:24 +0100] "GET /assets/fonts/fontawesome-webfont.woff2 HTTP/1.1" 200 77423 "http://54.38.232.200:30080/assets/fonts/font-awesome.min.css" "Mozilla/5.0 (Windows NT 10.0; Win64; x64) AppleWebKit/537.36 (KHTML, like Gecko) Chrome/80.0.3987.163 Safari/537.36"
91.171.36.168 - - [10/Apr/2020:17:05:25 +0100] "GET /favicon.ico HTTP/1.1" 404 494 "http://54.38.232.200:30080/" "Mozilla/5.0 (Windows NT 10.0; Win64; x64) AppleWebKit/537.36 (KHTML, like Gecko) Chrome/80.0.3987.163 Safari/537.36"
91.171.36.168 - - [10/Apr/2020:17:05:30 +0100] "GET /robots.txt HTTP/1.1" 404 494 "-" "Mozilla/5.0 (Windows NT 10.0; Win64; x64) AppleWebKit/537.36 (KHTML, like Gecko) Chrome/80.0.3987.163 Safari/537.36"
127.0.0.1 - - [10/Apr/2020:17:05:38 +0100] "OPTIONS * HTTP/1.0" 200 126 "-" "Apache/2.4.29 (Ubuntu) (internal dummy connection)"
91.171.36.168 - - [10/Apr/2020:17:06:49 +0100] "GET /robots.txt HTTP/1.1" 404 495 "-" "Mozilla/5.0 (Windows NT 10.0; Win64; x64) AppleWebKit/537.36 (KHTML, like Gecko) Chrome/80.0.3987.163 Safari/537.36"
91.171.36.168 - - [10/Apr/2020:17:06:59 +0100] "GET /assets/bootstrap/js/bootstrap.bundle.min.js.map HTTP/1.1" 404 495 "-" "Mozilla/5.0 (Windows NT 10.0; Win64; x64) AppleWebKit/537.36 (KHTML, like Gecko) Chrome/80.0.3987.163 Safari/537.36"
88.122.145.232 - - [10/Apr/2020:17:12:29 +0100] "GET / HTTP/1.1" 200 3058 "-" "Mozilla/5.0 (Windows NT 10.0; Win64; x64) AppleWebKit/537.36 (KHTML, like Gecko) Chrome/80.0.3987.163 Safari/537.36"
88.122.145.232 - - [10/Apr/2020:17:12:29 +0100] "GET /assets/bootstrap/css/bootstrap.min.css HTTP/1.1" 200 24938 "http://54.38.232.200:30080/" "Mozilla/5.0 (Windows NT 10.0; Win64; x64) AppleWebKit/537.36 (KHTML, like Gecko) Chrome/80.0.3987.163 Safari/537.36"
88.122.145.232 - - [10/Apr/2020:17:12:29 +0100] "GET /assets/fonts/font-awesome.min.css HTTP/1.1" 200 7391 "http://54.38.232.200:30080/" "Mozilla/5.0 (Windows NT 10.0; Win64; x64) AppleWebKit/537.36 (KHTML, like Gecko) Chrome/80.0.3987.163 Safari/537.36"
88.122.145.232 - - [10/Apr/2020:17:12:29 +0100] "GET /assets/js/jquery.min.js HTTP/1.1" 200 31035 "http://54.38.232.200:30080/" "Mozilla/5.0 (Windows NT 10.0; Win64; x64) AppleWebKit/537.36 (KHTML, like Gecko) Chrome/80.0.3987.163 Safari/537.36"
88.122.145.232 - - [10/Apr/2020:17:12:29 +0100] "GET /assets/bootstrap/js/bootstrap.min.js HTTP/1.1" 200 22656 "http://54.38.232.200:30080/" "Mozilla/5.0 (Windows NT 10.0; Win64; x64) AppleWebKit/537.36 (KHTML, like Gecko) Chrome/80.0.3987.163 Safari/537.36"
88.122.145.232 - - [10/Apr/2020:17:12:29 +0100] "GET /assets/js/freelancer.js HTTP/1.1" 200 1180 "http://54.38.232.200:30080/" "Mozilla/5.0 (Windows NT 10.0; Win64; x64) AppleWebKit/537.36 (KHTML, like Gecko) Chrome/80.0.3987.163 Safari/537.36"
88.122.145.232 - - [10/Apr/2020:17:12:29 +0100] "GET /assets/img/profile.png HTTP/1.1" 200 10572 "http://54.38.232.200:30080/" "Mozilla/5.0 (Windows NT 10.0; Win64; x64) AppleWebKit/537.36 (KHTML, like Gecko) Chrome/80.0.3987.163 Safari/537.36"
88.122.145.232 - - [10/Apr/2020:17:12:29 +0100] "GET /assets/img/portfolio/cabin.png HTTP/1.1" 200 36802 "http://54.38.232.200:30080/" "Mozilla/5.0 (Windows NT 10.0; Win64; x64) AppleWebKit/537.36 (KHTML, like Gecko) Chrome/80.0.3987.163 Safari/537.36"
88.122.145.232 - - [10/Apr/2020:17:12:29 +0100] "GET /assets/img/portfolio/cake.png HTTP/1.1" 200 17355 "http://54.38.232.200:30080/" "Mozilla/5.0 (Windows NT 10.0; Win64; x64) AppleWebKit/537.36 (KHTML, like Gecko) Chrome/80.0.3987.163 Safari/537.36"
88.122.145.232 - - [10/Apr/2020:17:12:29 +0100] "GET /assets/img/portfolio/circus.png HTTP/1.1" 200 28271 "http://54.38.232.200:30080/" "Mozilla/5.0 (Windows NT 10.0; Win64; x64) AppleWebKit/537.36 (KHTML, like Gecko) Chrome/80.0.3987.163 Safari/537.36"
88.122.145.232 - - [10/Apr/2020:17:12:29 +0100] "GET /assets/img/portfolio/game.png HTTP/1.1" 200 26183 "http://54.38.232.200:30080/" "Mozilla/5.0 (Windows NT 10.0; Win64; x64) AppleWebKit/537.36 (KHTML, like Gecko) Chrome/80.0.3987.163 Safari/537.36"
88.122.145.232 - - [10/Apr/2020:17:12:29 +0100] "GET /assets/fonts/fontawesome-webfont.woff2 HTTP/1.1" 200 77423 "http://54.38.232.200:30080/assets/fonts/font-awesome.min.css" "Mozilla/5.0 (Windows NT 10.0; Win64; x64) AppleWebKit/537.36 (KHTML, like Gecko) Chrome/80.0.3987.163 Safari/537.36"
88.122.145.232 - - [10/Apr/2020:17:12:29 +0100] "GET /assets/img/portfolio/safe.png HTTP/1.1" 200 19527 "http://54.38.232.200:30080/" "Mozilla/5.0 (Windows NT 10.0; Win64; x64) AppleWebKit/537.36 (KHTML, like Gecko) Chrome/80.0.3987.163 Safari/537.36"
88.122.145.232 - - [10/Apr/2020:17:12:30 +0100] "GET /assets/img/portfolio/submarine.png HTTP/1.1" 200 24617 "http://54.38.232.200:30080/" "Mozilla/5.0 (Windows NT 10.0; Win64; x64) AppleWebKit/537.36 (KHTML, like Gecko) Chrome/80.0.3987.163 Safari/537.36"
88.122.145.232 - - [10/Apr/2020:17:12:30 +0100] "GET /favicon.ico HTTP/1.1" 404 494 "http://54.38.232.200:30080/" "Mozilla/5.0 (Windows NT 10.0; Win64; x64) AppleWebKit/537.36 (KHTML, like Gecko) Chrome/80.0.3987.163 Safari/537.36"
127.0.0.1 - - [10/Apr/2020:17:12:37 +0100] "OPTIONS * HTTP/1.0" 200 126 "-" "Apache/2.4.29 (Ubuntu) (internal dummy connection)"
90.118.218.23 - - [10/Apr/2020:17:13:06 +0100] "GET / HTTP/1.1" 200 3058 "-" "Mozilla/5.0 (Macintosh; Intel Mac OS X 10_14_6) AppleWebKit/537.36 (KHTML, like Gecko) Chrome/81.0.4044.92 Safari/537.36"
90.118.218.23 - - [10/Apr/2020:17:13:06 +0100] "GET /assets/bootstrap/css/bootstrap.min.css HTTP/1.1" 200 24938 "http://54.38.232.200:30080/" "Mozilla/5.0 (Macintosh; Intel Mac OS X 10_14_6) AppleWebKit/537.36 (KHTML, like Gecko) Chrome/81.0.4044.92 Safari/537.36"
90.118.218.23 - - [10/Apr/2020:17:13:06 +0100] "GET /assets/fonts/font-awesome.min.css HTTP/1.1" 200 7391 "http://54.38.232.200:30080/" "Mozilla/5.0 (Macintosh; Intel Mac OS X 10_14_6) AppleWebKit/537.36 (KHTML, like Gecko) Chrome/81.0.4044.92 Safari/537.36"
90.118.218.23 - - [10/Apr/2020:17:13:06 +0100] "GET /assets/js/jquery.min.js HTTP/1.1" 200 31036 "http://54.38.232.200:30080/" "Mozilla/5.0 (Macintosh; Intel Mac OS X 10_14_6) AppleWebKit/537.36 (KHTML, like Gecko) Chrome/81.0.4044.92 Safari/537.36"
90.118.218.23 - - [10/Apr/2020:17:13:06 +0100] "GET /assets/bootstrap/js/bootstrap.min.js HTTP/1.1" 200 22656 "http://54.38.232.200:30080/" "Mozilla/5.0 (Macintosh; Intel Mac OS X 10_14_6) AppleWebKit/537.36 (KHTML, like Gecko) Chrome/81.0.4044.92 Safari/537.36"
90.118.218.23 - - [10/Apr/2020:17:13:06 +0100] "GET /assets/js/freelancer.js HTTP/1.1" 200 1180 "http://54.38.232.200:30080/" "Mozilla/5.0 (Macintosh; Intel Mac OS X 10_14_6) AppleWebKit/537.36 (KHTML, like Gecko) Chrome/81.0.4044.92 Safari/537.36"
90.118.218.23 - - [10/Apr/2020:17:13:06 +0100] "GET /assets/img/profile.png HTTP/1.1" 200 10572 "http://54.38.232.200:30080/" "Mozilla/5.0 (Macintosh; Intel Mac OS X 10_14_6) AppleWebKit/537.36 (KHTML, like Gecko) Chrome/81.0.4044.92 Safari/537.36"
90.118.218.23 - - [10/Apr/2020:17:13:06 +0100] "GET /assets/img/portfolio/cabin.png HTTP/1.1" 200 36801 "http://54.38.232.200:30080/" "Mozilla/5.0 (Macintosh; Intel Mac OS X 10_14_6) AppleWebKit/537.36 (KHTML, like Gecko) Chrome/81.0.4044.92 Safari/537.36"
90.118.218.23 - - [10/Apr/2020:17:13:06 +0100] "GET /assets/img/portfolio/cake.png HTTP/1.1" 200 17355 "http://54.38.232.200:30080/" "Mozilla/5.0 (Macintosh; Intel Mac OS X 10_14_6) AppleWebKit/537.36 (KHTML, like Gecko) Chrome/81.0.4044.92 Safari/537.36"
90.118.218.23 - - [10/Apr/2020:17:13:06 +0100] "GET /assets/img/portfolio/circus.png HTTP/1.1" 200 28271 "http://54.38.232.200:30080/" "Mozilla/5.0 (Macintosh; Intel Mac OS X 10_14_6) AppleWebKit/537.36 (KHTML, like Gecko) Chrome/81.0.4044.92 Safari/537.36"
90.118.218.23 - - [10/Apr/2020:17:13:06 +0100] "GET /assets/img/portfolio/game.png HTTP/1.1" 200 26183 "http://54.38.232.200:30080/" "Mozilla/5.0 (Macintosh; Intel Mac OS X 10_14_6) AppleWebKit/537.36 (KHTML, like Gecko) Chrome/81.0.4044.92 Safari/537.36"
90.118.218.23 - - [10/Apr/2020:17:13:06 +0100] "GET /assets/img/portfolio/safe.png HTTP/1.1" 200 19527 "http://54.38.232.200:30080/" "Mozilla/5.0 (Macintosh; Intel Mac OS X 10_14_6) AppleWebKit/537.36 (KHTML, like Gecko) Chrome/81.0.4044.92 Safari/537.36"
90.118.218.23 - - [10/Apr/2020:17:13:06 +0100] "GET /assets/img/portfolio/submarine.png HTTP/1.1" 200 24617 "http://54.38.232.200:30080/" "Mozilla/5.0 (Macintosh; Intel Mac OS X 10_14_6) AppleWebKit/537.36 (KHTML, like Gecko) Chrome/81.0.4044.92 Safari/537.36"
90.118.218.23 - - [10/Apr/2020:17:13:06 +0100] "GET /assets/fonts/fontawesome-webfont.woff2 HTTP/1.1" 200 77423 "http://54.38.232.200:30080/assets/fonts/font-awesome.min.css" "Mozilla/5.0 (Macintosh; Intel Mac OS X 10_14_6) AppleWebKit/537.36 (KHTML, like Gecko) Chrome/81.0.4044.92 Safari/537.36"
90.118.218.23 - - [10/Apr/2020:17:13:06 +0100] "GET /favicon.ico HTTP/1.1" 404 494 "http://54.38.232.200:30080/" "Mozilla/5.0 (Macintosh; Intel Mac OS X 10_14_6) AppleWebKit/537.36 (KHTML, like Gecko) Chrome/81.0.4044.92 Safari/537.36"
127.0.0.1 - - [10/Apr/2020:17:13:14 +0100] "OPTIONS * HTTP/1.0" 200 126 "-" "Apache/2.4.29 (Ubuntu) (internal dummy connection)"
90.118.218.23 - - [10/Apr/2020:17:13:18 +0100] "GET /assets/bootstrap/js/bootstrap.bundle.min.js.map HTTP/1.1" 404 495 "-" "Mozilla/5.0 (Macintosh; Intel Mac OS X 10_14_6) AppleWebKit/537.36 (KHTML, like Gecko) Chrome/81.0.4044.92 Safari/537.36"
88.122.145.232 - - [10/Apr/2020:17:13:20 +0100] "GET /assets/bootstrap/js/bootstrap.bundle.min.js.map HTTP/1.1" 404 495 "-" "Mozilla/5.0 (Windows NT 10.0; Win64; x64) AppleWebKit/537.36 (KHTML, like Gecko) Chrome/80.0.3987.163 Safari/537.36"
147.78.41.142 - - [10/Apr/2020:17:16:49 +0100] "GET / HTTP/1.1" 200 3058 "-" "Mozilla/5.0 (X11; Ubuntu; Linux x86_64; rv:75.0) Gecko/20100101 Firefox/75.0"
147.78.41.142 - - [10/Apr/2020:17:16:50 +0100] "GET /assets/bootstrap/css/bootstrap.min.css HTTP/1.1" 200 24938 "http://54.38.232.200:30080/" "Mozilla/5.0 (X11; Ubuntu; Linux x86_64; rv:75.0) Gecko/20100101 Firefox/75.0"
147.78.41.142 - - [10/Apr/2020:17:16:50 +0100] "GET /assets/fonts/font-awesome.min.css HTTP/1.1" 200 7391 "http://54.38.232.200:30080/" "Mozilla/5.0 (X11; Ubuntu; Linux x86_64; rv:75.0) Gecko/20100101 Firefox/75.0"
147.78.41.142 - - [10/Apr/2020:17:16:50 +0100] "GET /assets/bootstrap/js/bootstrap.min.js HTTP/1.1" 200 22656 "http://54.38.232.200:30080/" "Mozilla/5.0 (X11; Ubuntu; Linux x86_64; rv:75.0) Gecko/20100101 Firefox/75.0"
147.78.41.142 - - [10/Apr/2020:17:16:50 +0100] "GET /assets/js/freelancer.js HTTP/1.1" 200 1179 "http://54.38.232.200:30080/" "Mozilla/5.0 (X11; Ubuntu; Linux x86_64; rv:75.0) Gecko/20100101 Firefox/75.0"
147.78.41.142 - - [10/Apr/2020:17:16:50 +0100] "GET /assets/js/jquery.min.js HTTP/1.1" 200 31036 "http://54.38.232.200:30080/" "Mozilla/5.0 (X11; Ubuntu; Linux x86_64; rv:75.0) Gecko/20100101 Firefox/75.0"
147.78.41.142 - - [10/Apr/2020:17:16:50 +0100] "GET /assets/img/profile.png HTTP/1.1" 200 10572 "http://54.38.232.200:30080/" "Mozilla/5.0 (X11; Ubuntu; Linux x86_64; rv:75.0) Gecko/20100101 Firefox/75.0"
147.78.41.142 - - [10/Apr/2020:17:16:50 +0100] "GET /assets/img/portfolio/cabin.png HTTP/1.1" 200 36801 "http://54.38.232.200:30080/" "Mozilla/5.0 (X11; Ubuntu; Linux x86_64; rv:75.0) Gecko/20100101 Firefox/75.0"
147.78.41.142 - - [10/Apr/2020:17:16:50 +0100] "GET /assets/img/portfolio/cake.png HTTP/1.1" 200 17355 "http://54.38.232.200:30080/" "Mozilla/5.0 (X11; Ubuntu; Linux x86_64; rv:75.0) Gecko/20100101 Firefox/75.0"
147.78.41.142 - - [10/Apr/2020:17:16:50 +0100] "GET /assets/img/portfolio/circus.png HTTP/1.1" 200 28272 "http://54.38.232.200:30080/" "Mozilla/5.0 (X11; Ubuntu; Linux x86_64; rv:75.0) Gecko/20100101 Firefox/75.0"
147.78.41.142 - - [10/Apr/2020:17:16:50 +0100] "GET /assets/img/portfolio/game.png HTTP/1.1" 200 26183 "http://54.38.232.200:30080/" "Mozilla/5.0 (X11; Ubuntu; Linux x86_64; rv:75.0) Gecko/20100101 Firefox/75.0"
147.78.41.142 - - [10/Apr/2020:17:16:51 +0100] "GET /assets/img/portfolio/safe.png HTTP/1.1" 200 19527 "http://54.38.232.200:30080/" "Mozilla/5.0 (X11; Ubuntu; Linux x86_64; rv:75.0) Gecko/20100101 Firefox/75.0"
147.78.41.142 - - [10/Apr/2020:17:16:51 +0100] "GET /assets/img/portfolio/submarine.png HTTP/1.1" 200 24617 "http://54.38.232.200:30080/" "Mozilla/5.0 (X11; Ubuntu; Linux x86_64; rv:75.0) Gecko/20100101 Firefox/75.0"
147.78.41.142 - - [10/Apr/2020:17:16:52 +0100] "GET /assets/fonts/fontawesome-webfont.woff2 HTTP/1.1" 200 77423 "http://54.38.232.200:30080/assets/fonts/font-awesome.min.css" "Mozilla/5.0 (X11; Ubuntu; Linux x86_64; rv:75.0) Gecko/20100101 Firefox/75.0"
147.78.41.142 - - [10/Apr/2020:17:16:53 +0100] "GET /favicon.ico HTTP/1.1" 404 494 "-" "Mozilla/5.0 (X11; Ubuntu; Linux x86_64; rv:75.0) Gecko/20100101 Firefox/75.0"
127.0.0.1 - - [10/Apr/2020:17:16:58 +0100] "OPTIONS * HTTP/1.0" 200 126 "-" "Apache/2.4.29 (Ubuntu) (internal dummy connection)"
46.235.183.4 - - [10/Apr/2020:17:17:28 +0100] "GET /assets/bootstrap/js/bootstrap.bundle.min.js.map HTTP/1.1" 404 495 "-" "Mozilla/5.0 (Windows NT 10.0; Win64; x64) AppleWebKit/537.36 (KHTML, like Gecko) Chrome/80.0.3987.163 Safari/537.36 Edg/80.0.361.111"
90.118.218.23 - - [10/Apr/2020:17:19:11 +0100] "-" 408 0 "-" "-"
90.118.218.23 - - [10/Apr/2020:17:19:11 +0100] "-" 408 0 "-" "-"
46.235.183.4 - - [10/Apr/2020:17:19:16 +0100] "GET /assets/bootstrap/js/bootstrap.bundle.min.js.map HTTP/1.1" 404 495 "-" "Mozilla/5.0 (Windows NT 10.0; Win64; x64) AppleWebKit/537.36 (KHTML, like Gecko) Chrome/80.0.3987.163 Safari/537.36 Edg/80.0.361.111"
46.235.183.4 - - [10/Apr/2020:17:19:59 +0100] "-" 408 0 "-" "-"
46.235.183.4 - - [10/Apr/2020:17:20:00 +0100] "GET /assets/bootstrap/js/bootstrap.bundle.min.js.map HTTP/1.1" 404 495 "-" "Mozilla/5.0 (Windows NT 10.0; Win64; x64) AppleWebKit/537.36 (KHTML, like Gecko) Chrome/80.0.3987.163 Safari/537.36 Edg/80.0.361.111"
93.25.171.165 - - [10/Apr/2020:17:23:11 +0100] "GET / HTTP/1.1" 200 3058 "-" "Mozilla/5.0 (X11; Ubuntu; Linux x86_64; rv:75.0) Gecko/20100101 Firefox/75.0"
93.25.171.165 - - [10/Apr/2020:17:23:11 +0100] "GET /assets/bootstrap/css/bootstrap.min.css HTTP/1.1" 200 24939 "http://54.38.232.200:30080/" "Mozilla/5.0 (X11; Ubuntu; Linux x86_64; rv:75.0) Gecko/20100101 Firefox/75.0"
93.25.171.165 - - [10/Apr/2020:17:23:11 +0100] "GET /assets/fonts/font-awesome.min.css HTTP/1.1" 200 7390 "http://54.38.232.200:30080/" "Mozilla/5.0 (X11; Ubuntu; Linux x86_64; rv:75.0) Gecko/20100101 Firefox/75.0"
93.25.171.165 - - [10/Apr/2020:17:23:11 +0100] "GET /assets/js/jquery.min.js HTTP/1.1" 200 31036 "http://54.38.232.200:30080/" "Mozilla/5.0 (X11; Ubuntu; Linux x86_64; rv:75.0) Gecko/20100101 Firefox/75.0"
93.25.171.165 - - [10/Apr/2020:17:23:11 +0100] "GET /assets/js/freelancer.js HTTP/1.1" 200 1180 "http://54.38.232.200:30080/" "Mozilla/5.0 (X11; Ubuntu; Linux x86_64; rv:75.0) Gecko/20100101 Firefox/75.0"
93.25.171.165 - - [10/Apr/2020:17:23:11 +0100] "GET /assets/bootstrap/js/bootstrap.min.js HTTP/1.1" 200 22656 "http://54.38.232.200:30080/" "Mozilla/5.0 (X11; Ubuntu; Linux x86_64; rv:75.0) Gecko/20100101 Firefox/75.0"
93.25.171.165 - - [10/Apr/2020:17:23:11 +0100] "GET /assets/img/portfolio/cabin.png HTTP/1.1" 200 36801 "http://54.38.232.200:30080/" "Mozilla/5.0 (X11; Ubuntu; Linux x86_64; rv:75.0) Gecko/20100101 Firefox/75.0"
93.25.171.165 - - [10/Apr/2020:17:23:11 +0100] "GET /assets/img/profile.png HTTP/1.1" 200 10571 "http://54.38.232.200:30080/" "Mozilla/5.0 (X11; Ubuntu; Linux x86_64; rv:75.0) Gecko/20100101 Firefox/75.0"
93.25.171.165 - - [10/Apr/2020:17:23:11 +0100] "GET /assets/img/portfolio/circus.png HTTP/1.1" 200 28271 "http://54.38.232.200:30080/" "Mozilla/5.0 (X11; Ubuntu; Linux x86_64; rv:75.0) Gecko/20100101 Firefox/75.0"
93.25.171.165 - - [10/Apr/2020:17:23:11 +0100] "GET /assets/img/portfolio/cake.png HTTP/1.1" 200 17356 "http://54.38.232.200:30080/" "Mozilla/5.0 (X11; Ubuntu; Linux x86_64; rv:75.0) Gecko/20100101 Firefox/75.0"
93.25.171.165 - - [10/Apr/2020:17:23:11 +0100] "GET /assets/img/portfolio/game.png HTTP/1.1" 200 26183 "http://54.38.232.200:30080/" "Mozilla/5.0 (X11; Ubuntu; Linux x86_64; rv:75.0) Gecko/20100101 Firefox/75.0"
93.25.171.165 - - [10/Apr/2020:17:23:11 +0100] "GET /assets/img/portfolio/safe.png HTTP/1.1" 200 19527 "http://54.38.232.200:30080/" "Mozilla/5.0 (X11; Ubuntu; Linux x86_64; rv:75.0) Gecko/20100101 Firefox/75.0"
93.25.171.165 - - [10/Apr/2020:17:23:11 +0100] "GET /assets/img/portfolio/submarine.png HTTP/1.1" 200 24617 "http://54.38.232.200:30080/" "Mozilla/5.0 (X11; Ubuntu; Linux x86_64; rv:75.0) Gecko/20100101 Firefox/75.0"
93.25.171.165 - - [10/Apr/2020:17:23:11 +0100] "GET /assets/fonts/fontawesome-webfont.woff2 HTTP/1.1" 200 77423 "http://54.38.232.200:30080/assets/fonts/font-awesome.min.css" "Mozilla/5.0 (X11; Ubuntu; Linux x86_64; rv:75.0) Gecko/20100101 Firefox/75.0"
93.25.171.165 - - [10/Apr/2020:17:23:12 +0100] "GET /favicon.ico HTTP/1.1" 404 494 "-" "Mozilla/5.0 (X11; Ubuntu; Linux x86_64; rv:75.0) Gecko/20100101 Firefox/75.0"
127.0.0.1 - - [10/Apr/2020:17:23:18 +0100] "OPTIONS * HTTP/1.0" 200 126 "-" "Apache/2.4.29 (Ubuntu) (internal dummy connection)"
77.153.44.99 - - [10/Apr/2020:17:26:09 +0100] "GET / HTTP/1.1" 200 3058 "-" "Mozilla/5.0 (Windows NT 10.0; Win64; x64) AppleWebKit/537.36 (KHTML, like Gecko) Chrome/80.0.3987.163 Safari/537.36"
77.153.44.99 - - [10/Apr/2020:17:26:09 +0100] "GET /assets/bootstrap/css/bootstrap.min.css HTTP/1.1" 200 24938 "http://54.38.232.200:30080/" "Mozilla/5.0 (Windows NT 10.0; Win64; x64) AppleWebKit/537.36 (KHTML, like Gecko) Chrome/80.0.3987.163 Safari/537.36"
77.153.44.99 - - [10/Apr/2020:17:26:09 +0100] "GET /assets/fonts/font-awesome.min.css HTTP/1.1" 200 7391 "http://54.38.232.200:30080/" "Mozilla/5.0 (Windows NT 10.0; Win64; x64) AppleWebKit/537.36 (KHTML, like Gecko) Chrome/80.0.3987.163 Safari/537.36"
77.153.44.99 - - [10/Apr/2020:17:26:09 +0100] "GET /assets/bootstrap/js/bootstrap.min.js HTTP/1.1" 200 22655 "http://54.38.232.200:30080/" "Mozilla/5.0 (Windows NT 10.0; Win64; x64) AppleWebKit/537.36 (KHTML, like Gecko) Chrome/80.0.3987.163 Safari/537.36"
77.153.44.99 - - [10/Apr/2020:17:26:09 +0100] "GET /assets/js/freelancer.js HTTP/1.1" 200 1180 "http://54.38.232.200:30080/" "Mozilla/5.0 (Windows NT 10.0; Win64; x64) AppleWebKit/537.36 (KHTML, like Gecko) Chrome/80.0.3987.163 Safari/537.36"
77.153.44.99 - - [10/Apr/2020:17:26:09 +0100] "GET /assets/img/profile.png HTTP/1.1" 200 10572 "http://54.38.232.200:30080/" "Mozilla/5.0 (Windows NT 10.0; Win64; x64) AppleWebKit/537.36 (KHTML, like Gecko) Chrome/80.0.3987.163 Safari/537.36"
77.153.44.99 - - [10/Apr/2020:17:26:09 +0100] "GET /assets/img/portfolio/cabin.png HTTP/1.1" 200 36802 "http://54.38.232.200:30080/" "Mozilla/5.0 (Windows NT 10.0; Win64; x64) AppleWebKit/537.36 (KHTML, like Gecko) Chrome/80.0.3987.163 Safari/537.36"
77.153.44.99 - - [10/Apr/2020:17:26:09 +0100] "GET /assets/js/jquery.min.js HTTP/1.1" 200 31036 "http://54.38.232.200:30080/" "Mozilla/5.0 (Windows NT 10.0; Win64; x64) AppleWebKit/537.36 (KHTML, like Gecko) Chrome/80.0.3987.163 Safari/537.36"
77.153.44.99 - - [10/Apr/2020:17:26:09 +0100] "GET /assets/img/portfolio/cake.png HTTP/1.1" 200 17355 "http://54.38.232.200:30080/" "Mozilla/5.0 (Windows NT 10.0; Win64; x64) AppleWebKit/537.36 (KHTML, like Gecko) Chrome/80.0.3987.163 Safari/537.36"
77.153.44.99 - - [10/Apr/2020:17:26:09 +0100] "GET /assets/img/portfolio/circus.png HTTP/1.1" 200 28271 "http://54.38.232.200:30080/" "Mozilla/5.0 (Windows NT 10.0; Win64; x64) AppleWebKit/537.36 (KHTML, like Gecko) Chrome/80.0.3987.163 Safari/537.36"
77.153.44.99 - - [10/Apr/2020:17:26:09 +0100] "GET /assets/img/portfolio/game.png HTTP/1.1" 200 26183 "http://54.38.232.200:30080/" "Mozilla/5.0 (Windows NT 10.0; Win64; x64) AppleWebKit/537.36 (KHTML, like Gecko) Chrome/80.0.3987.163 Safari/537.36"
77.153.44.99 - - [10/Apr/2020:17:26:09 +0100] "GET /assets/img/portfolio/safe.png HTTP/1.1" 200 19527 "http://54.38.232.200:30080/" "Mozilla/5.0 (Windows NT 10.0; Win64; x64) AppleWebKit/537.36 (KHTML, like Gecko) Chrome/80.0.3987.163 Safari/537.36"
77.153.44.99 - - [10/Apr/2020:17:26:09 +0100] "GET /assets/img/portfolio/submarine.png HTTP/1.1" 200 24617 "http://54.38.232.200:30080/" "Mozilla/5.0 (Windows NT 10.0; Win64; x64) AppleWebKit/537.36 (KHTML, like Gecko) Chrome/80.0.3987.163 Safari/537.36"
77.153.44.99 - - [10/Apr/2020:17:26:10 +0100] "GET /assets/fonts/fontawesome-webfont.woff2 HTTP/1.1" 200 77423 "http://54.38.232.200:30080/assets/fonts/font-awesome.min.css" "Mozilla/5.0 (Windows NT 10.0; Win64; x64) AppleWebKit/537.36 (KHTML, like Gecko) Chrome/80.0.3987.163 Safari/537.36"
77.153.44.99 - - [10/Apr/2020:17:26:10 +0100] "GET /favicon.ico HTTP/1.1" 404 494 "http://54.38.232.200:30080/" "Mozilla/5.0 (Windows NT 10.0; Win64; x64) AppleWebKit/537.36 (KHTML, like Gecko) Chrome/80.0.3987.163 Safari/537.36"
77.153.44.99 - - [10/Apr/2020:17:26:14 +0100] "GET /assets/bootstrap/js/bootstrap.bundle.min.js.map HTTP/1.1" 404 494 "-" "Mozilla/5.0 (Linux; Android 6.0; Nexus 5 Build/MRA58N) AppleWebKit/537.36 (KHTML, like Gecko) Chrome/80.0.3987.163 Mobile Safari/537.36"
127.0.0.1 - - [10/Apr/2020:17:26:22 +0100] "OPTIONS * HTTP/1.0" 200 126 "-" "Apache/2.4.29 (Ubuntu) (internal dummy connection)"
90.48.124.238 - - [10/Apr/2020:17:41:00 +0100] "GET / HTTP/1.1" 200 3058 "-" "Mozilla/5.0 (Windows NT 6.1; Win64; x64; rv:75.0) Gecko/20100101 Firefox/75.0"
90.48.124.238 - - [10/Apr/2020:17:41:01 +0100] "GET /assets/fonts/font-awesome.min.css HTTP/1.1" 200 7390 "http://54.38.232.200:30080/" "Mozilla/5.0 (Windows NT 6.1; Win64; x64; rv:75.0) Gecko/20100101 Firefox/75.0"
90.48.124.238 - - [10/Apr/2020:17:41:01 +0100] "GET /assets/bootstrap/css/bootstrap.min.css HTTP/1.1" 200 24939 "http://54.38.232.200:30080/" "Mozilla/5.0 (Windows NT 6.1; Win64; x64; rv:75.0) Gecko/20100101 Firefox/75.0"
90.48.124.238 - - [10/Apr/2020:17:41:01 +0100] "GET /assets/js/jquery.min.js HTTP/1.1" 200 31036 "http://54.38.232.200:30080/" "Mozilla/5.0 (Windows NT 6.1; Win64; x64; rv:75.0) Gecko/20100101 Firefox/75.0"
90.48.124.238 - - [10/Apr/2020:17:41:01 +0100] "GET /assets/js/freelancer.js HTTP/1.1" 200 1180 "http://54.38.232.200:30080/" "Mozilla/5.0 (Windows NT 6.1; Win64; x64; rv:75.0) Gecko/20100101 Firefox/75.0"
90.48.124.238 - - [10/Apr/2020:17:41:01 +0100] "GET /assets/bootstrap/js/bootstrap.min.js HTTP/1.1" 200 22656 "http://54.38.232.200:30080/" "Mozilla/5.0 (Windows NT 6.1; Win64; x64; rv:75.0) Gecko/20100101 Firefox/75.0"
90.48.124.238 - - [10/Apr/2020:17:41:01 +0100] "GET /assets/img/profile.png HTTP/1.1" 200 10572 "http://54.38.232.200:30080/" "Mozilla/5.0 (Windows NT 6.1; Win64; x64; rv:75.0) Gecko/20100101 Firefox/75.0"
90.48.124.238 - - [10/Apr/2020:17:41:01 +0100] "GET /assets/img/portfolio/cabin.png HTTP/1.1" 200 36801 "http://54.38.232.200:30080/" "Mozilla/5.0 (Windows NT 6.1; Win64; x64; rv:75.0) Gecko/20100101 Firefox/75.0"
90.48.124.238 - - [10/Apr/2020:17:41:01 +0100] "GET /assets/img/portfolio/cake.png HTTP/1.1" 200 17355 "http://54.38.232.200:30080/" "Mozilla/5.0 (Windows NT 6.1; Win64; x64; rv:75.0) Gecko/20100101 Firefox/75.0"
90.48.124.238 - - [10/Apr/2020:17:41:01 +0100] "GET /assets/img/portfolio/circus.png HTTP/1.1" 200 28271 "http://54.38.232.200:30080/" "Mozilla/5.0 (Windows NT 6.1; Win64; x64; rv:75.0) Gecko/20100101 Firefox/75.0"
90.48.124.238 - - [10/Apr/2020:17:41:01 +0100] "GET /assets/img/portfolio/game.png HTTP/1.1" 200 26183 "http://54.38.232.200:30080/" "Mozilla/5.0 (Windows NT 6.1; Win64; x64; rv:75.0) Gecko/20100101 Firefox/75.0"
90.48.124.238 - - [10/Apr/2020:17:41:01 +0100] "GET /assets/img/portfolio/safe.png HTTP/1.1" 200 19527 "http://54.38.232.200:30080/" "Mozilla/5.0 (Windows NT 6.1; Win64; x64; rv:75.0) Gecko/20100101 Firefox/75.0"
90.48.124.238 - - [10/Apr/2020:17:41:01 +0100] "GET /assets/img/portfolio/submarine.png HTTP/1.1" 200 24617 "http://54.38.232.200:30080/" "Mozilla/5.0 (Windows NT 6.1; Win64; x64; rv:75.0) Gecko/20100101 Firefox/75.0"
90.48.124.238 - - [10/Apr/2020:17:41:01 +0100] "GET /assets/fonts/fontawesome-webfont.woff2 HTTP/1.1" 200 77423 "http://54.38.232.200:30080/assets/fonts/font-awesome.min.css" "Mozilla/5.0 (Windows NT 6.1; Win64; x64; rv:75.0) Gecko/20100101 Firefox/75.0"
90.48.124.238 - - [10/Apr/2020:17:41:01 +0100] "GET /favicon.ico HTTP/1.1" 404 494 "-" "Mozilla/5.0 (Windows NT 6.1; Win64; x64; rv:75.0) Gecko/20100101 Firefox/75.0"
127.0.0.1 - - [10/Apr/2020:17:41:07 +0100] "OPTIONS * HTTP/1.0" 200 126 "-" "Apache/2.4.29 (Ubuntu) (internal dummy connection)"
83.194.184.131 - - [10/Apr/2020:17:41:27 +0100] "GET / HTTP/1.1" 200 3058 "-" "Mozilla/5.0 (Windows NT 10.0; Win64; x64) AppleWebKit/537.36 (KHTML, like Gecko) Chrome/80.0.3987.163 Safari/537.36"
83.194.184.131 - - [10/Apr/2020:17:41:27 +0100] "GET /assets/bootstrap/css/bootstrap.min.css HTTP/1.1" 200 24938 "http://54.38.232.200:30080/" "Mozilla/5.0 (Windows NT 10.0; Win64; x64) AppleWebKit/537.36 (KHTML, like Gecko) Chrome/80.0.3987.163 Safari/537.36"
83.194.184.131 - - [10/Apr/2020:17:41:27 +0100] "GET /assets/fonts/font-awesome.min.css HTTP/1.1" 200 7391 "http://54.38.232.200:30080/" "Mozilla/5.0 (Windows NT 10.0; Win64; x64) AppleWebKit/537.36 (KHTML, like Gecko) Chrome/80.0.3987.163 Safari/537.36"
83.194.184.131 - - [10/Apr/2020:17:41:27 +0100] "GET /assets/bootstrap/js/bootstrap.min.js HTTP/1.1" 200 22656 "http://54.38.232.200:30080/" "Mozilla/5.0 (Windows NT 10.0; Win64; x64) AppleWebKit/537.36 (KHTML, like Gecko) Chrome/80.0.3987.163 Safari/537.36"
83.194.184.131 - - [10/Apr/2020:17:41:27 +0100] "GET /assets/img/profile.png HTTP/1.1" 200 10572 "http://54.38.232.200:30080/" "Mozilla/5.0 (Windows NT 10.0; Win64; x64) AppleWebKit/537.36 (KHTML, like Gecko) Chrome/80.0.3987.163 Safari/537.36"
83.194.184.131 - - [10/Apr/2020:17:41:27 +0100] "GET /assets/js/jquery.min.js HTTP/1.1" 200 31036 "http://54.38.232.200:30080/" "Mozilla/5.0 (Windows NT 10.0; Win64; x64) AppleWebKit/537.36 (KHTML, like Gecko) Chrome/80.0.3987.163 Safari/537.36"
83.194.184.131 - - [10/Apr/2020:17:41:27 +0100] "GET /assets/img/portfolio/cabin.png HTTP/1.1" 200 36802 "http://54.38.232.200:30080/" "Mozilla/5.0 (Windows NT 10.0; Win64; x64) AppleWebKit/537.36 (KHTML, like Gecko) Chrome/80.0.3987.163 Safari/537.36"
83.194.184.131 - - [10/Apr/2020:17:41:27 +0100] "GET /assets/js/freelancer.js HTTP/1.1" 200 1179 "http://54.38.232.200:30080/" "Mozilla/5.0 (Windows NT 10.0; Win64; x64) AppleWebKit/537.36 (KHTML, like Gecko) Chrome/80.0.3987.163 Safari/537.36"
83.194.184.131 - - [10/Apr/2020:17:41:27 +0100] "GET /assets/img/portfolio/cake.png HTTP/1.1" 200 17355 "http://54.38.232.200:30080/" "Mozilla/5.0 (Windows NT 10.0; Win64; x64) AppleWebKit/537.36 (KHTML, like Gecko) Chrome/80.0.3987.163 Safari/537.36"
83.194.184.131 - - [10/Apr/2020:17:41:27 +0100] "GET /assets/img/portfolio/circus.png HTTP/1.1" 200 28271 "http://54.38.232.200:30080/" "Mozilla/5.0 (Windows NT 10.0; Win64; x64) AppleWebKit/537.36 (KHTML, like Gecko) Chrome/80.0.3987.163 Safari/537.36"
83.194.184.131 - - [10/Apr/2020:17:41:27 +0100] "GET /assets/img/portfolio/game.png HTTP/1.1" 200 26183 "http://54.38.232.200:30080/" "Mozilla/5.0 (Windows NT 10.0; Win64; x64) AppleWebKit/537.36 (KHTML, like Gecko) Chrome/80.0.3987.163 Safari/537.36"
83.194.184.131 - - [10/Apr/2020:17:41:27 +0100] "GET /assets/img/portfolio/safe.png HTTP/1.1" 200 19527 "http://54.38.232.200:30080/" "Mozilla/5.0 (Windows NT 10.0; Win64; x64) AppleWebKit/537.36 (KHTML, like Gecko) Chrome/80.0.3987.163 Safari/537.36"
83.194.184.131 - - [10/Apr/2020:17:41:27 +0100] "GET /assets/fonts/fontawesome-webfont.woff2 HTTP/1.1" 200 77423 "http://54.38.232.200:30080/assets/fonts/font-awesome.min.css" "Mozilla/5.0 (Windows NT 10.0; Win64; x64) AppleWebKit/537.36 (KHTML, like Gecko) Chrome/80.0.3987.163 Safari/537.36"
83.194.184.131 - - [10/Apr/2020:17:41:27 +0100] "GET /assets/img/portfolio/submarine.png HTTP/1.1" 200 24617 "http://54.38.232.200:30080/" "Mozilla/5.0 (Windows NT 10.0; Win64; x64) AppleWebKit/537.36 (KHTML, like Gecko) Chrome/80.0.3987.163 Safari/537.36"
83.194.184.131 - - [10/Apr/2020:17:41:28 +0100] "GET /favicon.ico HTTP/1.1" 404 494 "http://54.38.232.200:30080/" "Mozilla/5.0 (Windows NT 10.0; Win64; x64) AppleWebKit/537.36 (KHTML, like Gecko) Chrome/80.0.3987.163 Safari/537.36"
127.0.0.1 - - [10/Apr/2020:17:41:34 +0100] "OPTIONS * HTTP/1.0" 200 126 "-" "Apache/2.4.29 (Ubuntu) (internal dummy connection)"
90.48.124.238 - - [10/Apr/2020:17:42:29 +0100] "GET / HTTP/1.1" 200 3058 "http://54.38.232.200:30080/" "Mozilla/5.0 (Windows NT 6.1; Win64; x64; rv:75.0) Gecko/20100101 Firefox/75.0"
90.48.124.238 - - [10/Apr/2020:17:42:36 +0100] "GET /assets/img/portfolio/game.png HTTP/1.1" 200 26184 "http://54.38.232.200:30080/" "Mozilla/5.0 (Windows NT 6.1; Win64; x64; rv:75.0) Gecko/20100101 Firefox/75.0"
90.48.124.238 - - [10/Apr/2020:17:42:37 +0100] "GET /favicon.ico HTTP/1.1" 404 495 "-" "Mozilla/5.0 (Windows NT 6.1; Win64; x64; rv:75.0) Gecko/20100101 Firefox/75.0"
83.194.184.131 - - [10/Apr/2020:17:43:48 +0100] "GET /? HTTP/1.1" 200 3058 "http://54.38.232.200:30080/" "Mozilla/5.0 (Windows NT 10.0; Win64; x64) AppleWebKit/537.36 (KHTML, like Gecko) Chrome/80.0.3987.163 Safari/537.36"
83.194.184.131 - - [10/Apr/2020:17:44:20 +0100] "GET /assets/bootstrap/js/bootstrap.bundle.min.js.map HTTP/1.1" 404 495 "-" "Mozilla/5.0 (Windows NT 10.0; Win64; x64) AppleWebKit/537.36 (KHTML, like Gecko) Chrome/80.0.3987.163 Safari/537.36"
90.48.124.238 - - [10/Apr/2020:17:45:07 +0100] "GET /assets/bootstrap/css/bootstrap.min.css HTTP/1.1" 200 24939 "http://54.38.232.200:30080/" "Mozilla/5.0 (Windows NT 6.1; Win64; x64; rv:75.0) Gecko/20100101 Firefox/75.0"
90.48.124.238 - - [10/Apr/2020:17:45:07 +0100] "GET /assets/fonts/font-awesome.min.css HTTP/1.1" 200 7391 "http://54.38.232.200:30080/" "Mozilla/5.0 (Windows NT 6.1; Win64; x64; rv:75.0) Gecko/20100101 Firefox/75.0"
90.48.124.238 - - [10/Apr/2020:17:45:08 +0100] "GET /assets/fonts/fontawesome-webfont.woff2 HTTP/1.1" 200 77424 "http://54.38.232.200:30080/assets/fonts/font-awesome.min.css" "Mozilla/5.0 (Windows NT 6.1; Win64; x64; rv:75.0) Gecko/20100101 Firefox/75.0"
90.48.124.238 - - [10/Apr/2020:17:45:08 +0100] "GET /favicon.ico HTTP/1.1" 404 495 "-" "Mozilla/5.0 (Windows NT 6.1; Win64; x64; rv:75.0) Gecko/20100101 Firefox/75.0"
77.153.44.99 - - [10/Apr/2020:17:46:24 +0100] "GET /assets/bootstrap/js/bootstrap.bundle.min.js.map HTTP/1.1" 404 495 "-" "Mozilla/5.0 (Linux; Android 6.0; Nexus 5 Build/MRA58N) AppleWebKit/537.36 (KHTML, like Gecko) Chrome/80.0.3987.163 Mobile Safari/537.36"
35.227.62.178 - - [10/Apr/2020:17:46:59 +0100] "GET / HTTP/1.1" 200 20304 "-" "Mozilla/5.0 (compatible; Discordbot/2.0; +https://discordapp.com)"
81.185.237.11 - - [10/Apr/2020:17:47:02 +0100] "GET / HTTP/1.1" 200 3058 "-" "Mozilla/5.0 (Windows NT 10.0; Win64; x64) AppleWebKit/537.36 (KHTML, like Gecko) Chrome/80.0.3987.163 Safari/537.36"
81.185.237.11 - - [10/Apr/2020:17:47:02 +0100] "GET /assets/fonts/font-awesome.min.css HTTP/1.1" 200 7391 "http://54.38.232.200:30080/" "Mozilla/5.0 (Windows NT 10.0; Win64; x64) AppleWebKit/537.36 (KHTML, like Gecko) Chrome/80.0.3987.163 Safari/537.36"
81.185.237.11 - - [10/Apr/2020:17:47:02 +0100] "GET /assets/bootstrap/css/bootstrap.min.css HTTP/1.1" 200 24938 "http://54.38.232.200:30080/" "Mozilla/5.0 (Windows NT 10.0; Win64; x64) AppleWebKit/537.36 (KHTML, like Gecko) Chrome/80.0.3987.163 Safari/537.36"
81.185.237.11 - - [10/Apr/2020:17:47:02 +0100] "GET /assets/img/profile.png HTTP/1.1" 200 10572 "http://54.38.232.200:30080/" "Mozilla/5.0 (Windows NT 10.0; Win64; x64) AppleWebKit/537.36 (KHTML, like Gecko) Chrome/80.0.3987.163 Safari/537.36"
81.185.237.11 - - [10/Apr/2020:17:47:02 +0100] "GET /assets/img/portfolio/cabin.png HTTP/1.1" 200 36802 "http://54.38.232.200:30080/" "Mozilla/5.0 (Windows NT 10.0; Win64; x64) AppleWebKit/537.36 (KHTML, like Gecko) Chrome/80.0.3987.163 Safari/537.36"
81.185.237.11 - - [10/Apr/2020:17:47:02 +0100] "GET /assets/bootstrap/js/bootstrap.min.js HTTP/1.1" 200 22655 "http://54.38.232.200:30080/" "Mozilla/5.0 (Windows NT 10.0; Win64; x64) AppleWebKit/537.36 (KHTML, like Gecko) Chrome/80.0.3987.163 Safari/537.36"
81.185.237.11 - - [10/Apr/2020:17:47:02 +0100] "GET /assets/js/freelancer.js HTTP/1.1" 200 1179 "http://54.38.232.200:30080/" "Mozilla/5.0 (Windows NT 10.0; Win64; x64) AppleWebKit/537.36 (KHTML, like Gecko) Chrome/80.0.3987.163 Safari/537.36"
81.185.237.11 - - [10/Apr/2020:17:47:02 +0100] "GET /assets/img/portfolio/cake.png HTTP/1.1" 200 17355 "http://54.38.232.200:30080/" "Mozilla/5.0 (Windows NT 10.0; Win64; x64) AppleWebKit/537.36 (KHTML, like Gecko) Chrome/80.0.3987.163 Safari/537.36"
81.185.237.11 - - [10/Apr/2020:17:47:02 +0100] "GET /assets/js/jquery.min.js HTTP/1.1" 200 31035 "http://54.38.232.200:30080/" "Mozilla/5.0 (Windows NT 10.0; Win64; x64) AppleWebKit/537.36 (KHTML, like Gecko) Chrome/80.0.3987.163 Safari/537.36"
81.185.237.11 - - [10/Apr/2020:17:47:02 +0100] "GET /assets/img/portfolio/circus.png HTTP/1.1" 200 28272 "http://54.38.232.200:30080/" "Mozilla/5.0 (Windows NT 10.0; Win64; x64) AppleWebKit/537.36 (KHTML, like Gecko) Chrome/80.0.3987.163 Safari/537.36"
81.185.237.11 - - [10/Apr/2020:17:47:02 +0100] "GET /assets/img/portfolio/safe.png HTTP/1.1" 200 19527 "http://54.38.232.200:30080/" "Mozilla/5.0 (Windows NT 10.0; Win64; x64) AppleWebKit/537.36 (KHTML, like Gecko) Chrome/80.0.3987.163 Safari/537.36"
81.185.237.11 - - [10/Apr/2020:17:47:02 +0100] "GET /assets/img/portfolio/submarine.png HTTP/1.1" 200 24617 "http://54.38.232.200:30080/" "Mozilla/5.0 (Windows NT 10.0; Win64; x64) AppleWebKit/537.36 (KHTML, like Gecko) Chrome/80.0.3987.163 Safari/537.36"
81.185.237.11 - - [10/Apr/2020:17:47:02 +0100] "GET /assets/img/portfolio/game.png HTTP/1.1" 200 26183 "http://54.38.232.200:30080/" "Mozilla/5.0 (Windows NT 10.0; Win64; x64) AppleWebKit/537.36 (KHTML, like Gecko) Chrome/80.0.3987.163 Safari/537.36"
81.185.237.11 - - [10/Apr/2020:17:47:02 +0100] "GET /assets/fonts/fontawesome-webfont.woff2 HTTP/1.1" 200 77423 "http://54.38.232.200:30080/assets/fonts/font-awesome.min.css" "Mozilla/5.0 (Windows NT 10.0; Win64; x64) AppleWebKit/537.36 (KHTML, like Gecko) Chrome/80.0.3987.163 Safari/537.36"
81.185.237.11 - - [10/Apr/2020:17:47:02 +0100] "GET /favicon.ico HTTP/1.1" 404 494 "http://54.38.232.200:30080/" "Mozilla/5.0 (Windows NT 10.0; Win64; x64) AppleWebKit/537.36 (KHTML, like Gecko) Chrome/80.0.3987.163 Safari/537.36"
90.116.143.157 - - [10/Apr/2020:17:47:07 +0100] "GET / HTTP/1.1" 200 3058 "-" "Mozilla/5.0 (Windows NT 10.0; Win64; x64) AppleWebKit/537.36 (KHTML, like Gecko) Chrome/80.0.3987.163 Safari/537.36"
90.116.143.157 - - [10/Apr/2020:17:47:07 +0100] "GET /assets/bootstrap/css/bootstrap.min.css HTTP/1.1" 200 24938 "http://54.38.232.200:30080/" "Mozilla/5.0 (Windows NT 10.0; Win64; x64) AppleWebKit/537.36 (KHTML, like Gecko) Chrome/80.0.3987.163 Safari/537.36"
90.116.143.157 - - [10/Apr/2020:17:47:07 +0100] "GET /assets/fonts/font-awesome.min.css HTTP/1.1" 200 7391 "http://54.38.232.200:30080/" "Mozilla/5.0 (Windows NT 10.0; Win64; x64) AppleWebKit/537.36 (KHTML, like Gecko) Chrome/80.0.3987.163 Safari/537.36"
90.116.143.157 - - [10/Apr/2020:17:47:07 +0100] "GET /assets/img/profile.png HTTP/1.1" 200 10572 "http://54.38.232.200:30080/" "Mozilla/5.0 (Windows NT 10.0; Win64; x64) AppleWebKit/537.36 (KHTML, like Gecko) Chrome/80.0.3987.163 Safari/537.36"
90.116.143.157 - - [10/Apr/2020:17:47:07 +0100] "GET /assets/img/portfolio/cabin.png HTTP/1.1" 200 36802 "http://54.38.232.200:30080/" "Mozilla/5.0 (Windows NT 10.0; Win64; x64) AppleWebKit/537.36 (KHTML, like Gecko) Chrome/80.0.3987.163 Safari/537.36"
90.116.143.157 - - [10/Apr/2020:17:47:07 +0100] "GET /assets/img/portfolio/cake.png HTTP/1.1" 200 17355 "http://54.38.232.200:30080/" "Mozilla/5.0 (Windows NT 10.0; Win64; x64) AppleWebKit/537.36 (KHTML, like Gecko) Chrome/80.0.3987.163 Safari/537.36"
90.116.143.157 - - [10/Apr/2020:17:47:07 +0100] "GET /assets/img/portfolio/circus.png HTTP/1.1" 200 28271 "http://54.38.232.200:30080/" "Mozilla/5.0 (Windows NT 10.0; Win64; x64) AppleWebKit/537.36 (KHTML, like Gecko) Chrome/80.0.3987.163 Safari/537.36"
90.116.143.157 - - [10/Apr/2020:17:47:07 +0100] "GET /assets/img/portfolio/game.png HTTP/1.1" 200 26183 "http://54.38.232.200:30080/" "Mozilla/5.0 (Windows NT 10.0; Win64; x64) AppleWebKit/537.36 (KHTML, like Gecko) Chrome/80.0.3987.163 Safari/537.36"
90.116.143.157 - - [10/Apr/2020:17:47:07 +0100] "GET /assets/img/portfolio/safe.png HTTP/1.1" 200 19527 "http://54.38.232.200:30080/" "Mozilla/5.0 (Windows NT 10.0; Win64; x64) AppleWebKit/537.36 (KHTML, like Gecko) Chrome/80.0.3987.163 Safari/537.36"
90.116.143.157 - - [10/Apr/2020:17:47:07 +0100] "GET /assets/img/portfolio/submarine.png HTTP/1.1" 200 24617 "http://54.38.232.200:30080/" "Mozilla/5.0 (Windows NT 10.0; Win64; x64) AppleWebKit/537.36 (KHTML, like Gecko) Chrome/80.0.3987.163 Safari/537.36"
90.116.143.157 - - [10/Apr/2020:17:47:07 +0100] "GET /assets/js/jquery.min.js HTTP/1.1" 200 31035 "http://54.38.232.200:30080/" "Mozilla/5.0 (Windows NT 10.0; Win64; x64) AppleWebKit/537.36 (KHTML, like Gecko) Chrome/80.0.3987.163 Safari/537.36"
90.116.143.157 - - [10/Apr/2020:17:47:07 +0100] "GET /assets/bootstrap/js/bootstrap.min.js HTTP/1.1" 200 22655 "http://54.38.232.200:30080/" "Mozilla/5.0 (Windows NT 10.0; Win64; x64) AppleWebKit/537.36 (KHTML, like Gecko) Chrome/80.0.3987.163 Safari/537.36"
90.116.143.157 - - [10/Apr/2020:17:47:07 +0100] "GET /assets/js/freelancer.js HTTP/1.1" 200 1179 "http://54.38.232.200:30080/" "Mozilla/5.0 (Windows NT 10.0; Win64; x64) AppleWebKit/537.36 (KHTML, like Gecko) Chrome/80.0.3987.163 Safari/537.36"
90.116.143.157 - - [10/Apr/2020:17:47:07 +0100] "GET /assets/fonts/fontawesome-webfont.woff2 HTTP/1.1" 200 77423 "http://54.38.232.200:30080/assets/fonts/font-awesome.min.css" "Mozilla/5.0 (Windows NT 10.0; Win64; x64) AppleWebKit/537.36 (KHTML, like Gecko) Chrome/80.0.3987.163 Safari/537.36"
90.116.143.157 - - [10/Apr/2020:17:47:08 +0100] "GET /favicon.ico HTTP/1.1" 404 494 "http://54.38.232.200:30080/" "Mozilla/5.0 (Windows NT 10.0; Win64; x64) AppleWebKit/537.36 (KHTML, like Gecko) Chrome/80.0.3987.163 Safari/537.36"
127.0.0.1 - - [10/Apr/2020:17:47:15 +0100] "OPTIONS * HTTP/1.0" 200 126 "-" "Apache/2.4.29 (Ubuntu) (internal dummy connection)"
127.0.0.1 - - [10/Apr/2020:17:47:16 +0100] "OPTIONS * HTTP/1.0" 200 126 "-" "Apache/2.4.29 (Ubuntu) (internal dummy connection)"
127.0.0.1 - - [10/Apr/2020:17:47:17 +0100] "OPTIONS * HTTP/1.0" 200 126 "-" "Apache/2.4.29 (Ubuntu) (internal dummy connection)"
90.116.143.157 - - [10/Apr/2020:17:47:18 +0100] "GET /assets/bootstrap/js/bootstrap.bundle.min.js.map HTTP/1.1" 404 495 "-" "Mozilla/5.0 (Windows NT 10.0; Win64; x64) AppleWebKit/537.36 (KHTML, like Gecko) Chrome/80.0.3987.163 Safari/537.36"
127.0.0.1 - - [10/Apr/2020:17:47:24 +0100] "OPTIONS * HTTP/1.0" 200 126 "-" "Apache/2.4.29 (Ubuntu) (internal dummy connection)"
81.185.237.11 - - [10/Apr/2020:17:47:38 +0100] "GET /? HTTP/1.1" 200 3058 "http://54.38.232.200:30080/" "Mozilla/5.0 (Windows NT 10.0; Win64; x64) AppleWebKit/537.36 (KHTML, like Gecko) Chrome/80.0.3987.163 Safari/537.36"
81.185.237.11 - - [10/Apr/2020:17:48:29 +0100] "-" 408 0 "-" "-"
90.116.143.157 - - [10/Apr/2020:17:49:53 +0100] "-" 408 0 "-" "-"
90.116.143.157 - - [10/Apr/2020:17:49:53 +0100] "-" 408 0 "-" "-"
92.91.192.131 - - [10/Apr/2020:17:52:20 +0100] "GET / HTTP/1.1" 200 3058 "-" "Mozilla/5.0 (Windows NT 10.0; Win64; x64) AppleWebKit/537.36 (KHTML, like Gecko) Chrome/70.0.3538.102 Safari/537.36 Edge/18.18362"
92.91.192.131 - - [10/Apr/2020:17:52:20 +0100] "GET /assets/img/portfolio/cabin.png HTTP/1.1" 200 36802 "http://54.38.232.200:30080/" "Mozilla/5.0 (Windows NT 10.0; Win64; x64) AppleWebKit/537.36 (KHTML, like Gecko) Chrome/70.0.3538.102 Safari/537.36 Edge/18.18362"
92.91.192.131 - - [10/Apr/2020:17:52:20 +0100] "GET /assets/bootstrap/css/bootstrap.min.css HTTP/1.1" 200 24938 "http://54.38.232.200:30080/" "Mozilla/5.0 (Windows NT 10.0; Win64; x64) AppleWebKit/537.36 (KHTML, like Gecko) Chrome/70.0.3538.102 Safari/537.36 Edge/18.18362"
92.91.192.131 - - [10/Apr/2020:17:52:20 +0100] "GET /assets/fonts/font-awesome.min.css HTTP/1.1" 200 7391 "http://54.38.232.200:30080/" "Mozilla/5.0 (Windows NT 10.0; Win64; x64) AppleWebKit/537.36 (KHTML, like Gecko) Chrome/70.0.3538.102 Safari/537.36 Edge/18.18362"
92.91.192.131 - - [10/Apr/2020:17:52:20 +0100] "GET /assets/img/portfolio/cake.png HTTP/1.1" 200 17356 "http://54.38.232.200:30080/" "Mozilla/5.0 (Windows NT 10.0; Win64; x64) AppleWebKit/537.36 (KHTML, like Gecko) Chrome/70.0.3538.102 Safari/537.36 Edge/18.18362"
92.91.192.131 - - [10/Apr/2020:17:52:20 +0100] "GET /assets/img/portfolio/game.png HTTP/1.1" 200 26184 "http://54.38.232.200:30080/" "Mozilla/5.0 (Windows NT 10.0; Win64; x64) AppleWebKit/537.36 (KHTML, like Gecko) Chrome/70.0.3538.102 Safari/537.36 Edge/18.18362"
92.91.192.131 - - [10/Apr/2020:17:52:20 +0100] "GET /assets/img/portfolio/circus.png HTTP/1.1" 200 28272 "http://54.38.232.200:30080/" "Mozilla/5.0 (Windows NT 10.0; Win64; x64) AppleWebKit/537.36 (KHTML, like Gecko) Chrome/70.0.3538.102 Safari/537.36 Edge/18.18362"
92.91.192.131 - - [10/Apr/2020:17:52:20 +0100] "GET /assets/img/portfolio/submarine.png HTTP/1.1" 200 24617 "http://54.38.232.200:30080/" "Mozilla/5.0 (Windows NT 10.0; Win64; x64) AppleWebKit/537.36 (KHTML, like Gecko) Chrome/70.0.3538.102 Safari/537.36 Edge/18.18362"
92.91.192.131 - - [10/Apr/2020:17:52:20 +0100] "GET /assets/js/jquery.min.js HTTP/1.1" 200 31035 "http://54.38.232.200:30080/" "Mozilla/5.0 (Windows NT 10.0; Win64; x64) AppleWebKit/537.36 (KHTML, like Gecko) Chrome/70.0.3538.102 Safari/537.36 Edge/18.18362"
92.91.192.131 - - [10/Apr/2020:17:52:20 +0100] "GET /assets/js/freelancer.js HTTP/1.1" 200 1179 "http://54.38.232.200:30080/" "Mozilla/5.0 (Windows NT 10.0; Win64; x64) AppleWebKit/537.36 (KHTML, like Gecko) Chrome/70.0.3538.102 Safari/537.36 Edge/18.18362"
92.91.192.131 - - [10/Apr/2020:17:52:20 +0100] "GET /assets/img/portfolio/safe.png HTTP/1.1" 200 19527 "http://54.38.232.200:30080/" "Mozilla/5.0 (Windows NT 10.0; Win64; x64) AppleWebKit/537.36 (KHTML, like Gecko) Chrome/70.0.3538.102 Safari/537.36 Edge/18.18362"
92.91.192.131 - - [10/Apr/2020:17:52:20 +0100] "GET /assets/img/profile.png HTTP/1.1" 200 10571 "http://54.38.232.200:30080/" "Mozilla/5.0 (Windows NT 10.0; Win64; x64) AppleWebKit/537.36 (KHTML, like Gecko) Chrome/70.0.3538.102 Safari/537.36 Edge/18.18362"
92.91.192.131 - - [10/Apr/2020:17:52:20 +0100] "GET /assets/bootstrap/js/bootstrap.min.js HTTP/1.1" 200 22655 "http://54.38.232.200:30080/" "Mozilla/5.0 (Windows NT 10.0; Win64; x64) AppleWebKit/537.36 (KHTML, like Gecko) Chrome/70.0.3538.102 Safari/537.36 Edge/18.18362"
92.91.192.131 - - [10/Apr/2020:17:52:20 +0100] "GET /assets/fonts/fontawesome-webfont.woff2 HTTP/1.1" 200 77423 "http://54.38.232.200:30080/" "Mozilla/5.0 (Windows NT 10.0; Win64; x64) AppleWebKit/537.36 (KHTML, like Gecko) Chrome/70.0.3538.102 Safari/537.36 Edge/18.18362"
92.91.192.131 - - [10/Apr/2020:17:52:21 +0100] "GET /favicon.ico HTTP/1.1" 404 495 "-" "Mozilla/5.0 (Windows NT 10.0; Win64; x64) AppleWebKit/537.36 (KHTML, like Gecko) Chrome/70.0.3538.102 Safari/537.36 Edge/18.18362"
127.0.0.1 - - [10/Apr/2020:17:52:28 +0100] "OPTIONS * HTTP/1.0" 200 126 "-" "Apache/2.4.29 (Ubuntu) (internal dummy connection)"
90.118.218.23 - - [10/Apr/2020:17:52:29 +0100] "GET /assets/bootstrap/js/bootstrap.bundle.min.js.map HTTP/1.1" 404 495 "-" "Mozilla/5.0 (Macintosh; Intel Mac OS X 10_14_6) AppleWebKit/537.36 (KHTML, like Gecko) Chrome/81.0.4044.92 Safari/537.36"
92.91.192.131 - - [10/Apr/2020:17:52:29 +0100] "GET /assets/fonts/font-awesome.min.css HTTP/1.1" 200 7391 "-" "Mozilla/5.0 (Windows NT 10.0; Win64; x64) AppleWebKit/537.36 (KHTML, like Gecko) Chrome/70.0.3538.102 Safari/537.36 Edge/18.18362"
92.91.192.131 - - [10/Apr/2020:17:52:29 +0100] "GET /assets/bootstrap/css/bootstrap.min.css HTTP/1.1" 200 24939 "-" "Mozilla/5.0 (Windows NT 10.0; Win64; x64) AppleWebKit/537.36 (KHTML, like Gecko) Chrome/70.0.3538.102 Safari/537.36 Edge/18.18362"
92.91.192.131 - - [10/Apr/2020:17:52:29 +0100] "GET /assets/fonts/font-awesome.min.css HTTP/1.1" 200 7390 "-" "Mozilla/5.0 (Windows NT 10.0; Win64; x64) AppleWebKit/537.36 (KHTML, like Gecko) Chrome/70.0.3538.102 Safari/537.36 Edge/18.18362"
92.91.192.131 - - [10/Apr/2020:17:52:29 +0100] "GET /assets/bootstrap/css/bootstrap.min.css HTTP/1.1" 200 24938 "-" "Mozilla/5.0 (Windows NT 10.0; Win64; x64) AppleWebKit/537.36 (KHTML, like Gecko) Chrome/70.0.3538.102 Safari/537.36 Edge/18.18362"
92.91.192.131 - - [10/Apr/2020:17:52:29 +0100] "GET /assets/bootstrap/js/bootstrap.bundle.min.js.map HTTP/1.1" 404 494 "-" "Mozilla/5.0 (Windows NT 10.0; Win64; x64) AppleWebKit/537.36 (KHTML, like Gecko) Chrome/70.0.3538.102 Safari/537.36 Edge/18.18362"
92.91.192.131 - - [10/Apr/2020:17:52:29 +0100] "GET /assets/bootstrap/js/bootstrap.bundle.min.js.map HTTP/1.1" 404 494 "-" "Mozilla/5.0 (Windows NT 10.0; Win64; x64) AppleWebKit/537.36 (KHTML, like Gecko) Chrome/70.0.3538.102 Safari/537.36 Edge/18.18362"
37.170.9.5 - - [10/Apr/2020:17:52:36 +0100] "GET /assets/bootstrap/js/bootstrap.bundle.min.js.map HTTP/1.1" 404 495 "-" "Mozilla/5.0 (Windows NT 10.0; Win64; x64) AppleWebKit/537.36 (KHTML, like Gecko) Chrome/80.0.3987.163 Safari/537.36"
127.0.0.1 - - [10/Apr/2020:17:52:36 +0100] "OPTIONS * HTTP/1.0" 200 126 "-" "Apache/2.4.29 (Ubuntu) (internal dummy connection)"
90.66.46.50 - - [10/Apr/2020:17:52:42 +0100] "GET / HTTP/1.1" 200 3058 "-" "Mozilla/5.0 (Windows NT 10.0; Win64; x64) AppleWebKit/537.36 (KHTML, like Gecko) Chrome/80.0.3987.163 Safari/537.36"
90.66.46.50 - - [10/Apr/2020:17:52:42 +0100] "GET /assets/bootstrap/css/bootstrap.min.css HTTP/1.1" 200 24938 "http://54.38.232.200:30080/" "Mozilla/5.0 (Windows NT 10.0; Win64; x64) AppleWebKit/537.36 (KHTML, like Gecko) Chrome/80.0.3987.163 Safari/537.36"
90.66.46.50 - - [10/Apr/2020:17:52:42 +0100] "GET /assets/fonts/font-awesome.min.css HTTP/1.1" 200 7391 "http://54.38.232.200:30080/" "Mozilla/5.0 (Windows NT 10.0; Win64; x64) AppleWebKit/537.36 (KHTML, like Gecko) Chrome/80.0.3987.163 Safari/537.36"
90.66.46.50 - - [10/Apr/2020:17:52:42 +0100] "GET /assets/img/profile.png HTTP/1.1" 200 10572 "http://54.38.232.200:30080/" "Mozilla/5.0 (Windows NT 10.0; Win64; x64) AppleWebKit/537.36 (KHTML, like Gecko) Chrome/80.0.3987.163 Safari/537.36"
90.66.46.50 - - [10/Apr/2020:17:52:42 +0100] "GET /assets/img/portfolio/cabin.png HTTP/1.1" 200 36802 "http://54.38.232.200:30080/" "Mozilla/5.0 (Windows NT 10.0; Win64; x64) AppleWebKit/537.36 (KHTML, like Gecko) Chrome/80.0.3987.163 Safari/537.36"
90.66.46.50 - - [10/Apr/2020:17:52:42 +0100] "GET /assets/js/jquery.min.js HTTP/1.1" 200 31036 "http://54.38.232.200:30080/" "Mozilla/5.0 (Windows NT 10.0; Win64; x64) AppleWebKit/537.36 (KHTML, like Gecko) Chrome/80.0.3987.163 Safari/537.36"
90.66.46.50 - - [10/Apr/2020:17:52:42 +0100] "GET /assets/bootstrap/js/bootstrap.min.js HTTP/1.1" 200 22656 "http://54.38.232.200:30080/" "Mozilla/5.0 (Windows NT 10.0; Win64; x64) AppleWebKit/537.36 (KHTML, like Gecko) Chrome/80.0.3987.163 Safari/537.36"
90.66.46.50 - - [10/Apr/2020:17:52:42 +0100] "GET /assets/js/freelancer.js HTTP/1.1" 200 1179 "http://54.38.232.200:30080/" "Mozilla/5.0 (Windows NT 10.0; Win64; x64) AppleWebKit/537.36 (KHTML, like Gecko) Chrome/80.0.3987.163 Safari/537.36"
90.66.46.50 - - [10/Apr/2020:17:52:42 +0100] "GET /assets/img/portfolio/cake.png HTTP/1.1" 200 17355 "http://54.38.232.200:30080/" "Mozilla/5.0 (Windows NT 10.0; Win64; x64) AppleWebKit/537.36 (KHTML, like Gecko) Chrome/80.0.3987.163 Safari/537.36"
90.66.46.50 - - [10/Apr/2020:17:52:42 +0100] "GET /assets/img/portfolio/circus.png HTTP/1.1" 200 28271 "http://54.38.232.200:30080/" "Mozilla/5.0 (Windows NT 10.0; Win64; x64) AppleWebKit/537.36 (KHTML, like Gecko) Chrome/80.0.3987.163 Safari/537.36"
90.66.46.50 - - [10/Apr/2020:17:52:42 +0100] "GET /assets/img/portfolio/game.png HTTP/1.1" 200 26183 "http://54.38.232.200:30080/" "Mozilla/5.0 (Windows NT 10.0; Win64; x64) AppleWebKit/537.36 (KHTML, like Gecko) Chrome/80.0.3987.163 Safari/537.36"
90.66.46.50 - - [10/Apr/2020:17:52:42 +0100] "GET /assets/img/portfolio/safe.png HTTP/1.1" 200 19527 "http://54.38.232.200:30080/" "Mozilla/5.0 (Windows NT 10.0; Win64; x64) AppleWebKit/537.36 (KHTML, like Gecko) Chrome/80.0.3987.163 Safari/537.36"
90.66.46.50 - - [10/Apr/2020:17:52:42 +0100] "GET /assets/img/portfolio/submarine.png HTTP/1.1" 200 24617 "http://54.38.232.200:30080/" "Mozilla/5.0 (Windows NT 10.0; Win64; x64) AppleWebKit/537.36 (KHTML, like Gecko) Chrome/80.0.3987.163 Safari/537.36"
90.66.46.50 - - [10/Apr/2020:17:52:42 +0100] "GET /assets/fonts/fontawesome-webfont.woff2 HTTP/1.1" 200 77423 "http://54.38.232.200:30080/assets/fonts/font-awesome.min.css" "Mozilla/5.0 (Windows NT 10.0; Win64; x64) AppleWebKit/537.36 (KHTML, like Gecko) Chrome/80.0.3987.163 Safari/537.36"
